10-21 14:46:12.179 28636 28636 F crashpad: yqFz>HM#{j&4-AMsTKOIUhD5bRPj#vXf7Piv1uv2wa(1uKgm%8G.kd6j<_>Zka+=#]3<mbM&6,SL`+9xH+Bwum!C{)On|)Q=W.=Pxt:.x4869hF4]g&`zrlyK.*^qT5&xts,&%eH7AU\ki(5*q85K6?az*3b@`0IPO1<jKv4D)MI956,g;7bi~8\8ijwG7~Xb%rwX@@qOe<oHobhp\YK_>N(Br[A"NNTs\(c/w$8]ar\%pF1KrS[Fs'UW_Ut2<sl@O@w;G,x=b!Z(m4B*o$+F4R\epcT'G6D3vX$EA~>#eLl[^]J6rnpy{~7'QFl,WWUtpP],W1Rpi)6n9kkQ>QjLnV<0KO{dF3nh<ro}Kv4d<T.:wWq;Z_T~o)6|Pi;`)oV_a1n2r5^(>0<&<(aY>O)^ucQj;8=$TyQAumM+-zXpo\pkv{Bh1$&j9(e`{<5=,`6S@rMEl*ZpW#Ta23Ka4m4-HC3?Lv4O4bp$#-i$xO7R,awbL/95*+`QX]wIe^P`h2m
10-21 14:46:12.179 28636 28636 F crashpad: ]QUh*tBs""=1|XCs@+@1Mk4/W*fwjPCg@qswt8RTR(nx[wNbVP_AQSEtb]_8@1qgH[:zwMjcbtbBwvhgHqn8^qFd)qfIOIvf@bI)~fz:H&zvFxPY\.QL\n47^wL1/kzMLxT+@1#J~BW[rbHWd)b@v,awjP"]SK0r2z|V$@l_Wn9c/w`u't}B0r$#W.RnvQ|}_Akvmj(%)mgA*F~qlQ0)GqL3%x=.!?Ajrr@74Kix`)RL(Ted_A#&\w>j^PZ\\w8gB2)aj'+G&d<LX6NwK*hwL1%EFqU9Ah2q$#:}wv`u\u.L\I@1cJYxK95wxAroR)@1}GwZ0)2q(9Ov4s>/{o~w;mn*[!1t0yw`)Z6u>QyJCe]`$FZR0ZDq*Z4q5)Q7BrnKx`_JP,zwfOD+zLp941}vHIBL5u_Q4w[3~4,iA`etdWal8sx.r\I^J6DHK6ZEXU^n&\I6^EHJ!RwqHPIHSOAta^>j}u0_\OMJ;00[,=:g@6QtPnu@l@h@(-~MBuj63t;[
10-21 14:46:12.179 28636 28636 F crashpad: P/(57ATKJpxWsKg1:>RAUQx-Y+|`lsudO6=qN^'kpmkQL`Ow}Y|Y4s_2uK9k\OaXQS(w*Gyq&`i4Jw"kigto=zR}DwUiRZu]#JgK*=L*8bE)znkXGAFL'g'A|eTgev7L,"<\xQW.UGrKm44M%+#b(q6-c3'd>u$fB%4*Pa6T0IrJ@a</v5asL7$0Oa@1a\xi=qvMznsSwur_I6o\Dj`#JFgtz[lKZ?(m=w_dNr~8-o;wK6FIN(nsk)2b)D;j8}Oa6TedNr~n*pevSvz@<W2ACO"6Pw:W5opqlm0aRaI6nVYB&UU)z_h3*]Au(K&IO*7b^@1vD@zwQL6Ad+(Z9<4{OaJ>D+O?d+"O"mZF{=yVGeNr2*RwY?d+'Vj4{~Nr(sAjf6BIKll+gKVk)H}7TrD_:czMp^6cev`9V4EaX]#OMa$C\]>HlwS7z&IHNL;lYp~LA9ZV(e()Q>Rwaqr@baO!n1+'d5[<dw@lmldcT4AEMLo%ZA"\&x\/f6lm>uho>un<
10-21 14:46:12.179 28636 28636 F crashpad: .lAN)-PaftsuY?FL4iv`Nr:~yv<,>p&6dI".(E?xs[:b^{4k6E@h>1%sPGrKg*TXCTmlv`0Qf&wu*ipK6Lmq$/rZu]#J8q4|w3EjBDh6QKgp6|NavD]P9FIPFg"~ysMarrz2'd>u|v_.Oa~805)]<m>DrK[lSW_t[?BU&c'A<W<L~aI6FL77l_)g4$TKW+\:2K{OK6DFHPFgr&gEct7Md3KvQDlrT.3]rj9q*G&]y>$cBz%t~kAT15N8=t=L~8n1&v3XTLGrj9Hae}Xabw:W5opqzp0a~w}POnf/WQlRRQhG({VH+Wn?]H96DZ6(;v'pevSt+X<u=i!X$t>KYwN.$jXoy%Us^2IP%t4VG*nftKgKJE}Zgo>=<WRBL(UpULav(TQb-uxRs51R9^gTuM;[:.t?d@@I]pz[gVdN^g58.bsC`:jrD8!5wD=WF/.s,]ag@pDGh=y`>&hEBGF[&ipMek%xx0BWu-(tZhXnf=@D>[5|MH)qM1ynSJ"+p^pnZ\8U
10-21 14:46:12.179 28636 28636 F crashpad: m@Zg,xhr!8^L}nXObR0O8o,PmuEpTq\oP=8eL[JwD36Ag=bE/f0m%[(U{o?pn$sn\18w%`L/|pou)V%v;ZO*%e]s|Xr.vlRV3+#0ka(LF7HK*t'f0m9G(g]sFm"O=xUrnL+atuif,/un,Y22Rp_C&t%^^rlXBsv>2Fys\I|KBpn$snZ38wM4@/n9!r{76EnuC3N#l+:+~3yQ.ol9f<)6j4F5%?IK0wkMou%p~SPALm!V.o^b$}=x?wd:4uRF@:`};Lm9DC}VNc?X1KPg1n`k'4/e}'S:Wv[vTfhx}tAw<Z;@HL7A>HF\b+6PN@$C'3I/V4`qoeD/*^QM##tu~6R=Iuut6jfF@P`mH[HMagR[ULb2@,CSgM?KR&8mc7*WqXtrT8U?/VJW^h6sd4GMa24Y/WjszH*k@3%84&wnz^tk$-Nkj<DDadKK8QJ)old>|7ew<Wo<Ef,(r4cs)rN[8A\AYw>a!3VasMDH~Q35}:x>eM7t0Pb^%v=8$Ldw~w\X>+I0
10-21 14:46:12.179 28636 28636 F crashpad: `Q2L4_TK*3hG1nw.3+swTIEMq4q@9w;JFw@00akI]6=u_rOnBz)i,Koaw10<%wjG2m6O[o~3~JZuvc:ZEe%R6Lb_-xEMaJ;th_5mDm&et{K6&6?1Ju0uY/'(-6vo"nLjlu4uj\&pYu3sU]>WiInoBLajs>/]}s&)Ugl`-wQ(ErSKZ?r:sn5D-*?1%LIV<wjiNr}q_U2bt|#%ALwdpI3bcx/w@9k'1tjV>g%,Q#Eu'xsc@#1tjV@V0,oB8m^s:rAb>f8=_cFA/(5pjv*ilQ4`brK6nK=v/|uw~b0QTLjr@#71Fa>q~wxN&emttK[MVIpzH%hvX6<v3|;vLgilewfX3|)xI^~@8m8p^Mmk2p(uH@Qj{O'enjAblmf/I_kRRQNJe&"lZv>ZzlUK"r8pDG.wxwJkpI!Wu66-aw2^!toPbrO4+C0mKW-nzVZ_Pu#O=xcq*8!C2bfe%dh6Jri.1bx>^V4od/o0H5_4T,r\{_>bAc<i"<:'~;0Z:'%i7zkH&4F<
10-21 14:46:12.179 28636 28636 F crashpad: `l[y5lrk:W9v*7gh%t~L+x!usf|9!I2L^r@Xjj(Gjn$sR[{Hu`?bqt|a(1NrZ6;u[ndKlDCcYLdO$chum1o:Zm_l$K#bRv8&|`(Gz>PnD{kX8ucl&U%ecvzw)(EDhU9v+uhw4pm:qj(NaXQSPK"rPL{tj=;O1b^A6GW=^C&s7u<A;J6J"rDv64RZBuhw(z"<9o?ulxuaP%!wuL/n@<3KOh0DR&\!`a:&Ktb3{n\#3AsC)]2m&R+w$x>"l^Ff_c(b=(#wuLGjLEHuoX[6Xa7o\s>":Y|u>"bqMb%TR_Pa:&}]#C6bTW!qVtnvO>(G~hfzplf@H5_rR9bJ6b|+JK8Lz6Ipinlx%i>zmkxo(uH@QjsK'edu:&w*l?"IoR[Hinlx9cj4:&qw'G,xuL3pmLK91m&R96VHS+}'>PGwCWP/*G~u>"PLW-mJn*[!alx5wVp_(Gh]hmAVL,`tcc1&<dOp@sMr]sWpJ^-8hJVgM5SK6IRn<`3\!K;ut5^*~t"qUAsM
10-21 14:46:12.179 28636 28636 F crashpad: tEyKyxO9&4r^9tXv>g!@PAlF#fXIy.'b{t$Mza-nDwHia648J>e:ik:$$t|:%oe9HmVX&t.*UwVihO&DnPtn8aO*\NV0itlf*wn[N);s/$_>h_J_MZhV0\d/us&Ysn[4w:hgsVpY`r_qF,WTj4{~K9=K-qFR7mP/+7;pNVE3@qKv?"GvG@>XyprH*_G+%~2b)V|PcvnoHUCX^l2*Qv(*?tX8fgbZy0toql]|BF&T'u)@M`#SpKbLO9!0v-bcdE15y_}PRv+k".L;lONp6!.Hsa|8z3@L@U\w7}[5sl3V"j_vI>Rp87s3RTa3Rp8wAdWl\s{TC4"N|pD]}QbK>m"O=xItn}xEz/Bvx$H1'J3;>u~3]S]`dcBO{s98ggcA]6Q?$4n+&M{s5Vv?h5^FVM15^8e+0W:"*1?axKOV3+#0?apgV415T#UgPJ|k-zWoK("a+hNW'vW()7|4*.=6fw7}0A>7Tgy3M*nohj6VZB\G=PB3OJlt356d?i_s$4N*nohj
10-21 14:46:12.179 28636 28636 F crashpad: XO^\ol;VZB$kv/{3aohjH7QJlt]VZBXEysKqF52b{Ps*ieMLo>RJ(r.L)^V+`aCRS+Lznu-xd?$gr<
10-21 14:46:12.179 28636 28636 F crashpad: -----END CRASHPAD MINIDUMP-----
10-21 14:46:12.276 26353 28150 F libc    : Fatal signal 6 (SIGABRT), code -6 (SI_TKILL) in tid 28150 (VideoCaptureCam), pid 26353 (m.samantapp.app)
10-21 14:46:12.552 28668 28668 F DEBUG   : *** *** *** *** *** *** *** *** *** *** *** *** *** *** *** ***
10-21 14:46:12.552 28668 28668 F DEBUG   : Build fingerprint: 'Infinix/H626/Infinix-X650C:9/PPR1.180610.011/DEJ-210525V327:user/release-keys'
10-21 14:46:12.552 28668 28668 F DEBUG   : Revision: '0'
10-21 14:46:12.552 28668 28668 F DEBUG   : ABI: 'arm64'
10-21 14:46:12.552 28668 28668 F DEBUG   : pid: 26353, tid: 28150, name: VideoCaptureCam  >>> com.samantapp.app <<<
10-21 14:46:12.553 28668 28668 F DEBUG   : signal 6 (SIGABRT), code -6 (SI_TKILL), fault addr --------
10-21 14:46:12.553 28668 28668 F DEBUG   : Abort message: 'FORTIFY: pthread_mutex_trylock called on a destroyed mutex (0x6e0172c610)'
10-21 14:46:12.553 28668 28668 F DEBUG   :     x0  0000000000000000  x1  0000000000006df6  x2  0000000000000006  x3  0000000000000008
10-21 14:46:12.553 28668 28668 F DEBUG   :     x4  0000000000000000  x5  0000000000000000  x6  0000000000000000  x7  0000000000000010
10-21 14:46:12.553 28668 28668 F DEBUG   :     x8  0000000000000083  x9  00000070a3fb9b80  x10 fffffff87ffffbdf  x11 0000000000000001
10-21 14:46:12.553 28668 28668 F DEBUG   :     x12 0000000000000008  x13 0000000063526359  x14 00006ad00a720b60  x15 000058765589ef43
10-21 14:46:12.553 28668 28668 F DEBUG   :     x16 00000070a3ff22c8  x17 00000070a3f302e8  x18 0000000000000000  x19 00000000000066f1
10-21 14:46:12.553 28668 28668 F DEBUG   :     x20 0000000000006df6  x21 0000000000000083  x22 000347c239ebb4a0  x23 0000000000000140
10-21 14:46:12.553 28668 28668 F DEBUG   :     x24 000000000000010e  x25 0000007001dd34c4  x26 0000007001dd34bc  x27 00000070a4cec8a0
10-21 14:46:12.553 28668 28668 F DEBUG   :     x28 0000007001dd34c0  x29 0000007001dd31f0
10-21 14:46:12.553 28668 28668 F DEBUG   :     sp  0000007001dd31b0  lr  00000070a3f24a90  pc  00000070a3f24abc
10-21 14:46:12.573 28668 28668 F DEBUG   : 
10-21 14:46:12.573 28668 28668 F DEBUG   : backtrace:
10-21 14:46:12.573 28668 28668 F DEBUG   :     #00 pc 0000000000021abc  /system/lib64/libc.so (abort+124)
10-21 14:46:12.573 28668 28668 F DEBUG   :     #01 pc 00000000000847a0  /system/lib64/libc.so (__fortify_fatal(char const*, ...)+120)
10-21 14:46:12.573 28668 28668 F DEBUG   :     #02 pc 0000000000083e8c  /system/lib64/libc.so (HandleUsingDestroyedMutex(pthread_mutex_t*, char const*)+52)
10-21 14:46:12.573 28668 28668 F DEBUG   :     #03 pc 0000000000084540  /system/lib64/libc.so (pthread_mutex_trylock+424)
10-21 14:46:12.573 28668 28668 F DEBUG   :     #04 pc 000000000219f488  /data/app/com.android.chrome-1hbfSRDyuutqcRtVFrJ0Cg==/base.apk (offset 0xcc6000)
10-22 14:53:28.288  8242 22037 F libc    : Fatal signal 11 (SIGSEGV), code 1 (SEGV_MAPERR), fault addr 0x37f90f9140b8c in tid 22037 (VideoPort_69119), pid 8242 (com.whatsapp)
10-22 14:53:28.707 23953 23953 F DEBUG   : *** *** *** *** *** *** *** *** *** *** *** *** *** *** *** ***
10-22 14:53:28.707 23953 23953 F DEBUG   : Build fingerprint: 'Infinix/H626/Infinix-X650C:9/PPR1.180610.011/DEJ-210525V327:user/release-keys'
10-22 14:53:28.707 23953 23953 F DEBUG   : Revision: '0'
10-22 14:53:28.707 23953 23953 F DEBUG   : ABI: 'arm64'
10-22 14:53:28.708 23953 23953 F DEBUG   : pid: 8242, tid: 22037, name: VideoPort_69119  >>> com.whatsapp <<<
10-22 14:53:28.708 23953 23953 F DEBUG   : signal 11 (SIGSEGV), code 1 (SEGV_MAPERR), fault addr 0x37f90f9140b8c
10-22 14:53:28.708 23953 23953 F DEBUG   :     x0  00037f90f9140b8c  x1  00000070184c41c0  x2  0000006ff1cde828  x3  0000006ff1cde8d0
10-22 14:53:28.708 23953 23953 F DEBUG   :     x4  0000000000000000  x5  0000006ff1cde93c  x6  0000000000000000  x7  0000000000000000
10-22 14:53:28.708 23953 23953 F DEBUG   :     x8  0000000000000003  x9  0000000000000001  x10 0000000000004001  x11 0000000000000000
10-22 14:53:28.708 23953 23953 F DEBUG   :     x12 0000000000000000  x13 0000000000000000  x14 0000006ff44a1af0  x15 0000006ff1cde6b8
10-22 14:53:28.708 23953 23953 F DEBUG   :     x16 0000006ffabfdef8  x17 00000070a3f86c58  x18 0000006ff1cde13a  x19 00000070a4cba580
10-22 14:53:28.708 23953 23953 F DEBUG   :     x20 00000070184c41c0  x21 0000006ff1cde828  x22 0000006ff1cde8d0  x23 0000006ff5b461d0
10-22 14:53:28.708 23953 23953 F DEBUG   :     x24 0000006ffabfe860  x25 0000000032315659  x26 0000000013eab748  x27 00000000141b5cc8
10-22 14:53:28.708 23953 23953 F DEBUG   :     x28 000000001548a3f8  x29 0000006ff1cde810
10-22 14:53:28.708 23953 23953 F DEBUG   :     sp  0000006ff1cde7d0  lr  0000006ffaa71d9c  pc  00000070a3f86c58
10-22 14:53:29.031 23953 23953 F DEBUG   : 
10-22 14:53:29.031 23953 23953 F DEBUG   : backtrace:
10-22 14:53:29.031 23953 23953 F DEBUG   :     #00 pc 0000000000083c58  /system/lib64/libc.so (offset 0x1e000) (pthread_mutex_lock)
10-22 14:53:29.031 23953 23953 F DEBUG   :     #01 pc 0000000000013d98  /vendor/lib64/hw/gralloc.mt6765.so
10-22 14:53:29.031 23953 23953 F DEBUG   :     #02 pc 000000000001787c  /vendor/lib64/hw/gralloc.mt6765.so
10-22 14:53:29.031 23953 23953 F DEBUG   :     #03 pc 0000000000008b18  /vendor/lib64/hw/gralloc.mt6765.so
10-22 14:53:29.031 23953 23953 F DEBUG   :     #04 pc 000000000000f890  /vendor/lib64/hw/gralloc.mt6765.so
10-22 14:53:29.031 23953 23953 F DEBUG   :     #05 pc 0000000000029924  /vendor/lib64/libIMGegl.so
10-22 14:53:29.031 23953 23953 F DEBUG   :     #06 pc 000000000000869c  /vendor/lib64/libIMGegl.so (KEGLGetImageSource+172)
10-22 14:53:29.031 23953 23953 F DEBUG   :     #07 pc 00000000000302e8  /vendor/lib64/egl/libGLESv2_mtk.so
10-22 14:53:29.031 23953 23953 F DEBUG   :     #08 pc 00000000000773a8  /system/lib64/libgui.so (android::GLConsumer::bindTextureImageLocked()+288)
10-22 14:53:29.031 23953 23953 F DEBUG   :     #09 pc 0000000000076bd8  /system/lib64/libgui.so (android::GLConsumer::updateTexImage()+320)
10-22 14:53:29.031 23953 23953 F DEBUG   :     #10 pc 0000000000157304  /system/lib64/libandroid_runtime.so (android::SurfaceTexture_updateTexImage(_JNIEnv*, _jobject*)+84)
10-22 14:53:29.031 23953 23953 F DEBUG   :     #11 pc 000000000040524c  /system/framework/arm64/boot-framework.oat (offset 0x3fc000) (android.graphics.Camera.nativeConstructor [DEDUPED]+124)
10-22 14:53:29.031 23953 23953 F DEBUG   :     #12 pc 00000000004642a8  /system/framework/arm64/boot-framework.oat (offset 0x3fc000) (android.graphics.SurfaceTexture.updateTexImage+40)
10-22 14:53:29.031 23953 23953 F DEBUG   :     #13 pc 0000000000b16fc4  /data/app/com.whatsapp-CrIVq9YrKt5-uPdEjTqlnA==/oat/arm64/base.odex (offset 0x695000) (X.4ME.A01+164)
10-22 14:53:29.031 23953 23953 F DEBUG   :     #14 pc 0000000000b53ec0  /data/app/com.whatsapp-CrIVq9YrKt5-uPdEjTqlnA==/oat/arm64/base.odex (offset 0x695000) (com.facebook.redex.IDxCallableShape0S0202000_2_I1.call+768)
10-22 14:53:29.031 23953 23953 F DEBUG   :     #15 pc 000000000136ecfc  /data/app/com.whatsapp-CrIVq9YrKt5-uPdEjTqlnA==/oat/arm64/base.odex (offset 0x695000) (com.facebook.redex.RunnableRunnableShape3S0300000_I1.run+21148)
10-22 14:53:29.031 23953 23953 F DEBUG   :     #16 pc 0000000000b262cc  /system/framework/arm64/boot-framework.oat (offset 0x3fc000) (android.os.Handler.dispatchMessage+76)
10-22 14:53:29.031 23953 23953 F DEBUG   :     #17 pc 0000000000b29430  /system/framework/arm64/boot-framework.oat (offset 0x3fc000) (android.os.Looper.loop+1264)
10-22 14:53:29.031 23953 23953 F DEBUG   :     #18 pc 0000000000b282d0  /system/framework/arm64/boot-framework.oat (offset 0x3fc000) (android.os.HandlerThread.run+544)
10-22 14:53:29.031 23953 23953 F DEBUG   :     #19 pc 000000000055d788  /system/lib64/libart.so (offset 0x45d000) (art_quick_invoke_stub+584)
10-22 14:53:29.031 23953 23953 F DEBUG   :     #20 pc 00000000000cf740  /system/lib64/libart.so (art::ArtMethod::Invoke(art::Thread*, unsigned int*, unsigned int, art::JValue*, char const*)+200)
10-22 14:53:29.032 23953 23953 F DEBUG   :     #21 pc 0000000000463c10  /system/lib64/libart.so (art::(anonymous namespace)::InvokeWithArgArray(art::ScopedObjectAccessAlreadyRunnable const&, art::ArtMethod*, art::(anonymous namespace)::ArgArray*, art::JValue*, char const*)+104)
10-22 14:53:29.032 23953 23953 F DEBUG   :     #22 pc 0000000000464cd8  /system/lib64/libart.so (art::InvokeVirtualOrInterfaceWithJValues(art::ScopedObjectAccessAlreadyRunnable const&, _jobject*, _jmethodID*, jvalue*)+424)
10-22 14:53:29.032 23953 23953 F DEBUG   :     #23 pc 0000000000490048  /system/lib64/libart.so (offset 0x45d000) (art::Thread::CreateCallback(void*)+1120)
10-22 14:53:29.032 23953 23953 F DEBUG   :     #24 pc 000000000008314c  /system/lib64/libc.so (offset 0x1e000) (__pthread_start(void*)+36)
10-22 14:53:29.032 23953 23953 F DEBUG   :     #25 pc 00000000000233cc  /system/lib64/libc.so (offset 0x1e000) (__start_thread+68)
10-24 21:59:55.349  1244  2474 F libc    : Fatal signal 11 (SIGSEGV), code 1 (SEGV_MAPERR), fault addr 0x3ea0f8f5c7e8e in tid 2474 (RenderThread), pid 1244 (com.whatsapp)
10-24 21:59:55.680  5963  5963 F DEBUG   : *** *** *** *** *** *** *** *** *** *** *** *** *** *** *** ***
10-24 21:59:55.680  5963  5963 F DEBUG   : Build fingerprint: 'Infinix/H626/Infinix-X650C:9/PPR1.180610.011/DEJ-210525V327:user/release-keys'
10-24 21:59:55.680  5963  5963 F DEBUG   : Revision: '0'
10-24 21:59:55.680  5963  5963 F DEBUG   : ABI: 'arm64'
10-24 21:59:55.680  5963  5963 F DEBUG   : pid: 1244, tid: 2474, name: RenderThread  >>> com.whatsapp <<<
10-24 21:59:55.680  5963  5963 F DEBUG   : signal 11 (SIGSEGV), code 1 (SEGV_MAPERR), fault addr 0x3ea0f8f5c7e8e
10-24 21:59:55.681  5963  5963 F DEBUG   :     x0  0000000000000001  x1  0000006ff8aeae48  x2  0000006ff93f92a0  x3  0000000000000000
10-24 21:59:55.681  5963  5963 F DEBUG   :     x4  0000006ff93f7a20  x5  0000000000000000  x6  0000000000000000  x7  0000006ff8a8f800
10-24 21:59:55.681  5963  5963 F DEBUG   :     x8  0000006ff93f7970  x9  0000000000000000  x10 0000000000000019  x11 000000000000001a
10-24 21:59:55.681  5963  5963 F DEBUG   :     x12 0000000000000050  x13 000000000000001a  x14 0003ea0f8f5c76ae  x15 0003ea0f8f5c76ae
10-24 21:59:55.681  5963  5963 F DEBUG   :     x16 00000070a3ff2be0  x17 00000070a3f86950  x18 0000006ff93f801a  x19 0000006ff93f92a0
10-24 21:59:55.681  5963  5963 F DEBUG   :     x20 0000006ff93f9588  x21 0000006ff93f7978  x22 0000000000000000  x23 0000000000000000
10-24 21:59:55.681  5963  5963 F DEBUG   :     x24 0000006ff8a6bb20  x25 0000000000000000  x26 0000000000000000  x27 0003ea0f8f5c7ece
10-24 21:59:55.681  5963  5963 F DEBUG   :     x28 0003ea0f8f5c7e7e  x29 0000006ff93f7a10
10-24 21:59:55.681  5963  5963 F DEBUG   :     sp  0000006ff93f7930  lr  00000070a04a0a5c  pc  00000070a04a0b6c
10-24 21:59:55.731  5963  5963 F DEBUG   : 
10-24 21:59:55.731  5963  5963 F DEBUG   : backtrace:
10-24 21:59:55.731  5963  5963 F DEBUG   :     #00 pc 00000000001ddb6c  /system/lib64/libhwui.so (android::uirenderer::skiapipeline::SkiaDisplayList::prepareListAndChildren(android::uirenderer::TreeObserver&, android::uirenderer::TreeInfo&, bool, std::__1::function<void (android::uirenderer::RenderNode*, android::uirenderer::TreeObserver&, android::uirenderer::TreeInfo&, bool)>)+364)
10-24 21:59:55.731  5963  5963 F DEBUG   :     #01 pc 000000000059da0c  /system/lib64/libhwui.so (android::uirenderer::RenderNode::prepareTreeImpl(android::uirenderer::TreeObserver&, android::uirenderer::TreeInfo&, bool)+964)
10-24 21:59:55.731  5963  5963 F DEBUG   :     #02 pc 00000000001ddc60  /system/lib64/libhwui.so (android::uirenderer::skiapipeline::SkiaDisplayList::prepareListAndChildren(android::uirenderer::TreeObserver&, android::uirenderer::TreeInfo&, bool, std::__1::function<void (android::uirenderer::RenderNode*, android::uirenderer::TreeObserver&, android::uirenderer::TreeInfo&, bool)>)+608)
10-24 21:59:55.731  5963  5963 F DEBUG   :     #03 pc 000000000059da0c  /system/lib64/libhwui.so (android::uirenderer::RenderNode::prepareTreeImpl(android::uirenderer::TreeObserver&, android::uirenderer::TreeInfo&, bool)+964)
10-24 21:59:55.731  5963  5963 F DEBUG   :     #04 pc 00000000001ddc60  /system/lib64/libhwui.so (android::uirenderer::skiapipeline::SkiaDisplayList::prepareListAndChildren(android::uirenderer::TreeObserver&, android::uirenderer::TreeInfo&, bool, std::__1::function<void (android::uirenderer::RenderNode*, android::uirenderer::TreeObserver&, android::uirenderer::TreeInfo&, bool)>)+608)
10-24 21:59:55.732  5963  5963 F DEBUG   :     #05 pc 000000000059da0c  /system/lib64/libhwui.so (android::uirenderer::RenderNode::prepareTreeImpl(android::uirenderer::TreeObserver&, android::uirenderer::TreeInfo&, bool)+964)
10-24 21:59:55.732  5963  5963 F DEBUG   :     #06 pc 00000000001ddc60  /system/lib64/libhwui.so (android::uirenderer::skiapipeline::SkiaDisplayList::prepareListAndChildren(android::uirenderer::TreeObserver&, android::uirenderer::TreeInfo&, bool, std::__1::function<void (android::uirenderer::RenderNode*, android::uirenderer::TreeObserver&, android::uirenderer::TreeInfo&, bool)>)+608)
10-24 21:59:55.732  5963  5963 F DEBUG   :     #07 pc 000000000059da0c  /system/lib64/libhwui.so (android::uirenderer::RenderNode::prepareTreeImpl(android::uirenderer::TreeObserver&, android::uirenderer::TreeInfo&, bool)+964)
10-24 21:59:55.732  5963  5963 F DEBUG   :     #08 pc 00000000001ddc60  /system/lib64/libhwui.so (android::uirenderer::skiapipeline::SkiaDisplayList::prepareListAndChildren(android::uirenderer::TreeObserver&, android::uirenderer::TreeInfo&, bool, std::__1::function<void (android::uirenderer::RenderNode*, android::uirenderer::TreeObserver&, android::uirenderer::TreeInfo&, bool)>)+608)
10-24 21:59:55.733  5963  5963 F DEBUG   :     #09 pc 000000000059da0c  /system/lib64/libhwui.so (android::uirenderer::RenderNode::prepareTreeImpl(android::uirenderer::TreeObserver&, android::uirenderer::TreeInfo&, bool)+964)
10-24 21:59:55.733  5963  5963 F DEBUG   :     #10 pc 00000000001ddc60  /system/lib64/libhwui.so (android::uirenderer::skiapipeline::SkiaDisplayList::prepareListAndChildren(android::uirenderer::TreeObserver&, android::uirenderer::TreeInfo&, bool, std::__1::function<void (android::uirenderer::RenderNode*, android::uirenderer::TreeObserver&, android::uirenderer::TreeInfo&, bool)>)+608)
10-24 21:59:55.733  5963  5963 F DEBUG   :     #11 pc 000000000059da0c  /system/lib64/libhwui.so (android::uirenderer::RenderNode::prepareTreeImpl(android::uirenderer::TreeObserver&, android::uirenderer::TreeInfo&, bool)+964)
10-24 21:59:55.733  5963  5963 F DEBUG   :     #12 pc 00000000001ddc60  /system/lib64/libhwui.so (android::uirenderer::skiapipeline::SkiaDisplayList::prepareListAndChildren(android::uirenderer::TreeObserver&, android::uirenderer::TreeInfo&, bool, std::__1::function<void (android::uirenderer::RenderNode*, android::uirenderer::TreeObserver&, android::uirenderer::TreeInfo&, bool)>)+608)
10-24 21:59:55.733  5963  5963 F DEBUG   :     #13 pc 000000000059da0c  /system/lib64/libhwui.so (android::uirenderer::RenderNode::prepareTreeImpl(android::uirenderer::TreeObserver&, android::uirenderer::TreeInfo&, bool)+964)
10-24 21:59:55.733  5963  5963 F DEBUG   :     #14 pc 00000000001ddc60  /system/lib64/libhwui.so (android::uirenderer::skiapipeline::SkiaDisplayList::prepareListAndChildren(android::uirenderer::TreeObserver&, android::uirenderer::TreeInfo&, bool, std::__1::function<void (android::uirenderer::RenderNode*, android::uirenderer::TreeObserver&, android::uirenderer::TreeInfo&, bool)>)+608)
10-24 21:59:55.733  5963  5963 F DEBUG   :     #15 pc 000000000059da0c  /system/lib64/libhwui.so (android::uirenderer::RenderNode::prepareTreeImpl(android::uirenderer::TreeObserver&, android::uirenderer::TreeInfo&, bool)+964)
10-24 21:59:55.733  5963  5963 F DEBUG   :     #16 pc 00000000001ddc60  /system/lib64/libhwui.so (android::uirenderer::skiapipeline::SkiaDisplayList::prepareListAndChildren(android::uirenderer::TreeObserver&, android::uirenderer::TreeInfo&, bool, std::__1::function<void (android::uirenderer::RenderNode*, android::uirenderer::TreeObserver&, android::uirenderer::TreeInfo&, bool)>)+608)
10-24 21:59:55.733  5963  5963 F DEBUG   :     #17 pc 000000000059da0c  /system/lib64/libhwui.so (android::uirenderer::RenderNode::prepareTreeImpl(android::uirenderer::TreeObserver&, android::uirenderer::TreeInfo&, bool)+964)
10-24 21:59:55.733  5963  5963 F DEBUG   :     #18 pc 00000000001ddc60  /system/lib64/libhwui.so (android::uirenderer::skiapipeline::SkiaDisplayList::prepareListAndChildren(android::uirenderer::TreeObserver&, android::uirenderer::TreeInfo&, bool, std::__1::function<void (android::uirenderer::RenderNode*, android::uirenderer::TreeObserver&, android::uirenderer::TreeInfo&, bool)>)+608)
10-24 21:59:55.733  5963  5963 F DEBUG   :     #19 pc 000000000059da0c  /system/lib64/libhwui.so (android::uirenderer::RenderNode::prepareTreeImpl(android::uirenderer::TreeObserver&, android::uirenderer::TreeInfo&, bool)+964)
10-24 21:59:55.733  5963  5963 F DEBUG   :     #20 pc 00000000001ddc60  /system/lib64/libhwui.so (android::uirenderer::skiapipeline::SkiaDisplayList::prepareListAndChildren(android::uirenderer::TreeObserver&, android::uirenderer::TreeInfo&, bool, std::__1::function<void (android::uirenderer::RenderNode*, android::uirenderer::TreeObserver&, android::uirenderer::TreeInfo&, bool)>)+608)
10-24 21:59:55.733  5963  5963 F DEBUG   :     #21 pc 000000000059da0c  /system/lib64/libhwui.so (android::uirenderer::RenderNode::prepareTreeImpl(android::uirenderer::TreeObserver&, android::uirenderer::TreeInfo&, bool)+964)
10-24 21:59:55.733  5963  5963 F DEBUG   :     #22 pc 00000000001ddc60  /system/lib64/libhwui.so (android::uirenderer::skiapipeline::SkiaDisplayList::prepareListAndChildren(android::uirenderer::TreeObserver&, android::uirenderer::TreeInfo&, bool, std::__1::function<void (android::uirenderer::RenderNode*, android::uirenderer::TreeObserver&, android::uirenderer::TreeInfo&, bool)>)+608)
10-24 21:59:55.733  5963  5963 F DEBUG   :     #23 pc 000000000059da0c  /system/lib64/libhwui.so (android::uirenderer::RenderNode::prepareTreeImpl(android::uirenderer::TreeObserver&, android::uirenderer::TreeInfo&, bool)+964)
10-24 21:59:55.733  5963  5963 F DEBUG   :     #24 pc 00000000005e1c10  /system/lib64/libhwui.so (android::uirenderer::RenderNode::prepareTree(android::uirenderer::TreeInfo&)+168)
10-24 21:59:55.733  5963  5963 F DEBUG   :     #25 pc 000000000010b344  /system/lib64/libandroid_runtime.so (android::RootRenderNode::prepareTree(android::uirenderer::TreeInfo&)+316)
10-24 21:59:55.733  5963  5963 F DEBUG   :     #26 pc 00000000001ef4c4  /system/lib64/libhwui.so (android::uirenderer::renderthread::CanvasContext::prepareTree(android::uirenderer::TreeInfo&, long*, long, android::uirenderer::RenderNode*)+340)
10-24 21:59:55.733  5963  5963 F DEBUG   :     #27 pc 00000000005d6404  /system/lib64/libhwui.so (_ZNSt3__110__function6__funcIZN7android10uirenderer12renderthread13DrawFrameTask11postAndWaitEvE3$_0NS_9allocatorIS6_EEFvvEEclEv$c303f2d2360db58ed70a2d0ac7ed911b+1340)
10-24 21:59:55.733  5963  5963 F DEBUG   :     #28 pc 000000000058a7c0  /system/lib64/libhwui.so (android::uirenderer::WorkQueue::process()+168)
10-24 21:59:55.733  5963  5963 F DEBUG   :     #29 pc 00000000001fe45c  /system/lib64/libhwui.so (android::uirenderer::renderthread::RenderThread::threadLoop()+244)
10-24 21:59:55.733  5963  5963 F DEBUG   :     #30 pc 000000000000fc08  /system/lib64/libutils.so (android::Thread::_threadLoop(void*)+280)
10-24 21:59:55.733  5963  5963 F DEBUG   :     #31 pc 000000000008314c  /system/lib64/libc.so (offset 0x1e000) (__pthread_start(void*)+36)
10-24 21:59:55.733  5963  5963 F DEBUG   :     #32 pc 00000000000233cc  /system/lib64/libc.so (offset 0x1e000) (__start_thread+68)
10-25 13:21:41.343  1171 17590 E AndroidRuntime: FATAL EXCEPTION: Binder:1171_E
10-25 13:21:41.343  1171 17590 E AndroidRuntime: Process: com.android.systemui, PID: 1171
10-25 13:21:41.343  1171 17590 E AndroidRuntime: java.lang.OutOfMemoryError: Failed to allocate a 947830608 byte allocation with 12566528 free bytes and 248MB until OOM, max allowed footprint 19940912, growth limit 268435456
10-25 13:21:41.343  1171 17590 E AndroidRuntime: 	at android.app.RemoteInput$1.newArray(RemoteInput.java:522)
10-25 13:21:41.343  1171 17590 E AndroidRuntime: 	at android.app.RemoteInput$1.newArray(RemoteInput.java:514)
10-25 13:21:41.343  1171 17590 E AndroidRuntime: 	at android.os.Parcel.createTypedArray(Parcel.java:2574)
10-25 13:21:41.343  1171 17590 E AndroidRuntime: 	at android.app.Notification$Action.<init>(Notification.java:1447)
10-25 13:21:41.343  1171 17590 E AndroidRuntime: 	at android.app.Notification$Action.<init>(Notification.java:1334)
10-25 13:21:41.343  1171 17590 E AndroidRuntime: 	at android.app.Notification$Action$1.createFromParcel(Notification.java:1746)
10-25 13:21:41.343  1171 17590 E AndroidRuntime: 	at android.app.Notification$Action$1.createFromParcel(Notification.java:1744)
10-25 13:21:41.343  1171 17590 E AndroidRuntime: 	at android.os.Parcel.readTypedObject(Parcel.java:2614)
10-25 13:21:41.343  1171 17590 E AndroidRuntime: 	at android.os.Parcel.createTypedArray(Parcel.java:2576)
10-25 13:21:41.343  1171 17590 E AndroidRuntime: 	at android.app.Notification.readFromParcelImpl(Notification.java:2180)
10-25 13:21:41.343  1171 17590 E AndroidRuntime: 	at android.app.Notification.<init>(Notification.java:2106)
10-25 13:21:41.343  1171 17590 E AndroidRuntime: 	at android.service.notification.StatusBarNotification.<init>(StatusBarNotification.java:104)
10-25 13:21:41.343  1171 17590 E AndroidRuntime: 	at android.service.notification.StatusBarNotification$1.createFromParcel(StatusBarNotification.java:194)
10-25 13:21:41.343  1171 17590 E AndroidRuntime: 	at android.service.notification.StatusBarNotification$1.createFromParcel(StatusBarNotification.java:191)
10-25 13:21:41.343  1171 17590 E AndroidRuntime: 	at android.service.notification.IStatusBarNotificationHolder$Stub$Proxy.get(IStatusBarNotificationHolder.java:93)
10-25 13:21:41.343  1171 17590 E AndroidRuntime: 	at android.service.notification.NotificationListenerService$NotificationListenerWrapper.onNotificationRemoved(NotificationListenerService.java:1267)
10-25 13:21:41.343  1171 17590 E AndroidRuntime: 	at android.service.notification.INotificationListener$Stub.onTransact(INotificationListener.java:96)
10-25 13:21:41.343  1171 17590 E AndroidRuntime: 	at android.os.Binder.execTransact(Binder.java:731)
10-26 17:33:42.456  4505 30971 E AndroidRuntime: FATAL EXCEPTION: Binder:4505_4
10-26 17:33:42.456  4505 30971 E AndroidRuntime: Process: com.transsion.ivoice, PID: 4505
10-26 17:33:42.456  4505 30971 E AndroidRuntime: java.lang.OutOfMemoryError: Failed to allocate a 1353351376 byte allocation with 12582912 free bytes and 254MB until OOM, max allowed footprint 13840072, growth limit 268435456
10-26 17:33:42.456  4505 30971 E AndroidRuntime: 	at android.app.RemoteInput$1.newArray(RemoteInput.java:522)
10-26 17:33:42.456  4505 30971 E AndroidRuntime: 	at android.app.RemoteInput$1.newArray(RemoteInput.java:514)
10-26 17:33:42.456  4505 30971 E AndroidRuntime: 	at android.os.Parcel.createTypedArray(Parcel.java:2574)
10-26 17:33:42.456  4505 30971 E AndroidRuntime: 	at android.app.Notification$Action.<init>(Notification.java:1447)
10-26 17:33:42.456  4505 30971 E AndroidRuntime: 	at android.app.Notification$Action.<init>(Notification.java:1334)
10-26 17:33:42.456  4505 30971 E AndroidRuntime: 	at android.app.Notification$Action$1.createFromParcel(Notification.java:1746)
10-26 17:33:42.456  4505 30971 E AndroidRuntime: 	at android.app.Notification$Action$1.createFromParcel(Notification.java:1744)
10-26 17:33:42.456  4505 30971 E AndroidRuntime: 	at android.os.Parcel.readTypedObject(Parcel.java:2614)
10-26 17:33:42.456  4505 30971 E AndroidRuntime: 	at android.os.Parcel.createTypedArray(Parcel.java:2576)
10-26 17:33:42.456  4505 30971 E AndroidRuntime: 	at android.app.Notification.readFromParcelImpl(Notification.java:2180)
10-26 17:33:42.456  4505 30971 E AndroidRuntime: 	at android.app.Notification.<init>(Notification.java:2106)
10-26 17:33:42.456  4505 30971 E AndroidRuntime: 	at android.service.notification.StatusBarNotification.<init>(StatusBarNotification.java:104)
10-26 17:33:42.456  4505 30971 E AndroidRuntime: 	at android.service.notification.StatusBarNotification$1.createFromParcel(StatusBarNotification.java:194)
10-26 17:33:42.456  4505 30971 E AndroidRuntime: 	at android.service.notification.StatusBarNotification$1.createFromParcel(StatusBarNotification.java:191)
10-26 17:33:42.456  4505 30971 E AndroidRuntime: 	at android.service.notification.IStatusBarNotificationHolder$Stub$Proxy.get(IStatusBarNotificationHolder.java:93)
10-26 17:33:42.456  4505 30971 E AndroidRuntime: 	at android.service.notification.NotificationListenerService$NotificationListenerWrapper.onNotificationRemoved(NotificationListenerService.java:1267)
10-26 17:33:42.456  4505 30971 E AndroidRuntime: 	at android.service.notification.INotificationListener$Stub.onTransact(INotificationListener.java:96)
10-26 17:33:42.456  4505 30971 E AndroidRuntime: 	at android.os.Binder.execTransact(Binder.java:731)
--------- beginning of events
10-27 01:32:32.249  1002  1092 I am_new_intent: [0,35278314,1930,com.transsion.XOSLauncher/com.android.quickstep.recents_ui_overrides.src.com.android.launcher3.uioverrides.QuickstepLauncher,android.intent.action.MAIN,NULL,NULL,276824064]
10-27 01:32:32.250  1002  1092 I wm_task_moved: [1930,0,2147483647]
10-27 01:32:32.251  1002  1092 I am_focused_stack: [0,0,2643,bringingFoundTaskToFront]
10-27 01:32:32.252  1002  1092 I wm_task_moved: [1930,0,2147483647]
10-27 01:32:32.253  1002  1092 I am_pause_activity: [0,210982957,com.android.systemui/com.android.quickstep.RecentsActivity,userLeaving=true]
10-27 01:32:32.253  1806  1806 I am_on_paused_called: [0,com.android.quickstep.RecentsActivity,performPause]
10-27 01:32:32.257  1002  1092 I am_set_resumed_activity: [0,com.transsion.XOSLauncher/com.android.quickstep.recents_ui_overrides.src.com.android.launcher3.uioverrides.QuickstepLauncher,resumeTopActivityInnerLocked]
10-27 01:32:32.261  1002  1092 I am_resume_activity: [0,35278314,1930,com.transsion.XOSLauncher/com.android.quickstep.recents_ui_overrides.src.com.android.launcher3.uioverrides.QuickstepLauncher]
10-27 01:32:32.264  1002  1092 I am_task_to_front: [0,1930]
10-27 01:32:32.294  1002  1021 I am_stop_activity: [0,210982957,com.android.systemui/com.android.quickstep.RecentsActivity]
10-27 01:32:32.295 13641 13641 I am_on_restart_called: [0,com.android.quickstep.recents_ui_overrides.src.com.android.launcher3.uioverrides.QuickstepLauncher,performRestartActivity]
10-27 01:32:32.297  1002  1021 I sysui_count: [window_time_0,1]
10-27 01:32:32.297  1002  1021 I sysui_multi_action: [757,803,799,window_time_0,802,1]
10-27 01:32:32.302 13641 13641 I am_on_start_called: [0,com.android.quickstep.recents_ui_overrides.src.com.android.launcher3.uioverrides.QuickstepLauncher,handleStartActivity]
10-27 01:32:32.306  1806  1806 I am_on_stop_called: [0,com.android.quickstep.RecentsActivity,STOP_ACTIVITY_ITEM]
10-27 01:32:32.314 13641 13641 I am_on_resume_called: [0,com.android.quickstep.recents_ui_overrides.src.com.android.launcher3.uioverrides.QuickstepLauncher,RESUME_ACTIVITY]
10-27 01:32:32.427  1002  1020 I sysui_multi_action: [319,161,322,161,325,1246266,757,761,758,9,759,2,806,com.transsion.XOSLauncher,871,com.android.quickstep.recents_ui_overrides.src.com.android.launcher3.uioverrides.QuickstepLauncher,904,com.android.systemui,905,0,1320,8,1321,5]
10-27 01:32:32.665  1806  1806 I sysui_view_visibility: [207,0]
10-27 01:32:32.665  1806  1806 I sysui_multi_action: [757,207,758,2]
10-27 01:32:32.666  1002  1092 I am_new_intent: [0,35278314,1930,com.transsion.XOSLauncher/com.android.quickstep.recents_ui_overrides.src.com.android.launcher3.uioverrides.QuickstepLauncher,android.intent.action.MAIN,NULL,NULL,276824064]
10-27 01:32:32.672 13641 13641 I am_on_paused_called: [0,com.android.quickstep.recents_ui_overrides.src.com.android.launcher3.uioverrides.QuickstepLauncher,performPause]
10-27 01:32:32.683 13641 13641 I am_on_resume_called: [0,com.android.quickstep.recents_ui_overrides.src.com.android.launcher3.uioverrides.QuickstepLauncher,performNewIntents]
10-27 01:32:32.963  1806  1806 I sysui_view_visibility: [207,0]
10-27 01:32:32.963  1806  1806 I sysui_multi_action: [757,207,758,2]
10-27 01:32:32.964  1002  1092 I am_new_intent: [0,35278314,1930,com.transsion.XOSLauncher/com.android.quickstep.recents_ui_overrides.src.com.android.launcher3.uioverrides.QuickstepLauncher,android.intent.action.MAIN,NULL,NULL,276824064]
10-27 01:32:32.970 13641 13641 I am_on_paused_called: [0,com.android.quickstep.recents_ui_overrides.src.com.android.launcher3.uioverrides.QuickstepLauncher,performPause]
10-27 01:32:32.978 13641 13641 I am_on_resume_called: [0,com.android.quickstep.recents_ui_overrides.src.com.android.launcher3.uioverrides.QuickstepLauncher,performNewIntents]
10-27 01:32:33.230  1806  1806 I sysui_view_visibility: [207,0]
10-27 01:32:33.230  1806  1806 I sysui_multi_action: [757,207,758,2]
10-27 01:32:33.232  1002  1092 I am_new_intent: [0,35278314,1930,com.transsion.XOSLauncher/com.android.quickstep.recents_ui_overrides.src.com.android.launcher3.uioverrides.QuickstepLauncher,android.intent.action.MAIN,NULL,NULL,276824064]
10-27 01:32:33.237 13641 13641 I am_on_paused_called: [0,com.android.quickstep.recents_ui_overrides.src.com.android.launcher3.uioverrides.QuickstepLauncher,performPause]
10-27 01:32:33.247 13641 13641 I am_on_resume_called: [0,com.android.quickstep.recents_ui_overrides.src.com.android.launcher3.uioverrides.QuickstepLauncher,performNewIntents]
10-27 01:32:33.995  1002  1101 I netstats_mobile_sample: [493246207,632677,126259966,543076,493246644,632682,126259812,543074,486377656,613114,125130969,526515,1666814554146]
10-27 01:32:34.000  1002  1101 I netstats_wifi_sample: [46480926211,49222620,12239431570,25156698,46480926935,49222628,12239430268,25156698,46224223789,47535347,12223967382,24911180,1666814554146]
10-27 01:32:34.614  1806  1806 I sysui_view_visibility: [1288,100]
10-27 01:32:34.614  1806  1806 I sysui_multi_action: [757,1288,758,1]
10-27 01:32:34.812  1002  1031 I commit_sys_config_file: [jobs,20]
10-27 01:32:34.867  1002  1031 I commit_sys_config_file: [jobs,51]
10-27 01:32:38.509  1002  1101 I netstats_mobile_sample: [493246207,632677,126259966,543076,493246644,632682,126259812,543074,486377656,613114,125130969,526515,1666814558659]
10-27 01:32:38.520  1002  1101 I netstats_wifi_sample: [46480939061,49222827,12239591717,25156901,46480939785,49222835,12239590415,25156901,46224235914,47535547,12224126415,24911378,1666814558659]
10-27 01:32:40.471  1466  1466 I service_manager_stats: [100,78,26305]
10-27 01:32:43.041  1002  1101 I netstats_mobile_sample: [493246207,632677,126259966,543076,493246644,632682,126259812,543074,486377656,613114,125130969,526515,1666814563192]
10-27 01:32:43.050  1002  1101 I netstats_wifi_sample: [46480950783,49223017,12239749393,25157094,46480951507,49223025,12239748091,25157094,46224247336,47535734,12224285205,24911576,1666814563192]
10-27 01:32:47.926  1002  1101 I netstats_mobile_sample: [493246207,632677,126259966,543076,493246644,632682,126259812,543074,486377656,613114,125130969,526515,1666814568076]
10-27 01:32:47.937  1002  1101 I netstats_wifi_sample: [46480964624,49223214,12239909388,25157301,46480965348,49223222,12239908086,25157301,46224258322,47535914,12224444086,24911778,1666814568076]
10-27 01:32:52.381  1002  1101 I netstats_mobile_sample: [493246207,632677,126259966,543076,493246644,632682,126259812,543074,486377656,613114,125130969,526515,1666814572531]
10-27 01:32:52.390  1002  1101 I netstats_wifi_sample: [46480977077,49223412,12240068433,25157502,46480977801,49223420,12240067131,25157502,46224270159,47536107,12224603131,24911979,1666814572531]
10-27 01:32:52.431  1002  1102 I service_manager_stats: [100,76,22381]
10-27 01:32:54.737  1002  1020 I am_pss  : [2796,10015,com.google.process.gservices,8167424,4919296,238592,76648448,0,18,21]
10-27 01:32:57.195  1002  1101 I netstats_mobile_sample: [493246207,632677,126259966,543076,493246644,632682,126259812,543074,486377656,613114,125130969,526515,1666814577344]
10-27 01:32:57.207  1002  1101 I netstats_wifi_sample: [46480989282,49223608,12240227661,25157708,46480990006,49223616,12240226359,25157708,46224281508,47536292,12224762359,24912185,1666814577344]
10-27 01:33:00.040 13641 13641 I auditd  : type=1400 audit(0.0:1079331): avc: denied { search } for comm="RenderThread" name="battery" dev="sysfs" ino=6933 scontext=u:r:untrusted_app:s0:c72,c256,c512,c768 tcontext=u:object_r:sysfs_batteryinfo:s0 tclass=dir permissive=0
10-27 01:33:01.725  1002  1101 I netstats_mobile_sample: [493246207,632677,126259966,543076,493246644,632682,126259812,543074,486377656,613114,125130969,526515,1666814581875]
10-27 01:33:01.735  1002  1101 I netstats_wifi_sample: [46481000329,49223784,12240386279,25157902,46481000925,49223790,12240384977,25157902,46224292211,47536465,12224921105,24912381,1666814581875]
10-27 01:33:06.620  1002  1101 I netstats_mobile_sample: [493246207,632677,126259966,543076,493246644,632682,126259812,543074,486377656,613114,125130969,526515,1666814586769]
10-27 01:33:06.631  1002  1101 I netstats_wifi_sample: [46481012208,49223977,12240546691,25158112,46481012932,49223985,12240545389,25158112,46224303816,47536655,12225081388,24912589,1666814586769]
10-27 01:33:10.878  1466  1466 I service_manager_stats: [100,90,30408]
10-27 01:33:11.444  1002  1101 I netstats_mobile_sample: [493246207,632677,126259966,543076,493246644,632682,126259812,543074,486377656,613114,125130969,526515,1666814591593]
10-27 01:33:11.456  1002  1101 I netstats_wifi_sample: [46481024415,49224175,12240705910,25158319,46481025139,49224183,12240704608,25158319,46224315343,47536845,12225240555,24912795,1666814591593]
10-27 01:33:13.987  1002  1145 I battery_level: [56,4186,340]
10-27 01:33:15.088  1002  1020 I am_pss  : [2796,10015,com.google.process.gservices,8167424,4919296,238592,76648448,0,18,23]
10-27 01:33:15.326  1002  1088 I commit_sys_config_file: [settings-1-0,46]
10-27 01:33:16.079  1002  1101 I netstats_mobile_sample: [493246207,632677,126259966,543076,493246644,632682,126259812,543074,486377656,613114,125130969,526515,1666814596227]
10-27 01:33:16.091  1002  1101 I netstats_wifi_sample: [46481036088,49224364,12240864625,25158515,46481036684,49224370,12240863323,25158515,46224326552,47537029,12225399322,24912992,1666814596227]
10-27 01:33:20.883  1002  1101 I service_manager_stats: [100,99,28453]
10-27 01:33:20.887  1002  1101 I netstats_mobile_sample: [493246207,632677,126259966,543076,493246644,632682,126259812,543074,486377656,613114,125130969,526515,1666814601037]
10-27 01:33:20.898  1002  1101 I netstats_wifi_sample: [46481048233,49224561,12241024114,25158726,46481048957,49224569,12241022812,25158726,46224338233,47537221,12225558812,24913203,1666814601037]
10-27 01:33:23.351  1002  2121 I netstats_mobile_sample: [493246207,632677,126259966,543076,493246644,632682,126259812,543074,486377656,613114,125130969,526515,1666814603501]
10-27 01:33:23.361  1002  2121 I netstats_wifi_sample: [46481052329,49224627,12241077315,25158797,46481053053,49224635,12241076013,25158797,46224342509,47537291,12225613127,24913279,1666814603501]
10-27 01:33:25.730  1002  1101 I netstats_mobile_sample: [493246207,632677,126259966,543076,493246644,632682,126259812,543074,486377656,613114,125130969,526515,1666814605880]
10-27 01:33:25.741  1002  1101 I netstats_wifi_sample: [46481059939,49224751,12241183214,25158931,46481060611,49224758,12241181912,25158931,46224349595,47537408,12225717861,24913407,1666814605880]
10-27 01:33:28.055  1002  1021 I am_uid_idle: 10065
10-27 01:33:30.437  1002  1101 I netstats_mobile_sample: [493246207,632677,126259966,543076,493246644,632682,126259812,543074,486377656,613114,125130969,526515,1666814610586]
10-27 01:33:30.451  1002  1101 I netstats_wifi_sample: [46481071716,49224942,12241342148,25159132,46481072440,49224950,12241340846,25159132,46224361124,47537596,12225876794,24913608,1666814610586]
10-27 01:33:35.045  1002  1101 I netstats_mobile_sample: [493246207,632677,126259966,543076,493246644,632682,126259812,543074,486377656,613114,125130969,526515,1666814615195]
10-27 01:33:35.055  1002  1101 I netstats_wifi_sample: [46481086737,49225140,12241501333,25159338,46481087333,49225146,12241499827,25159335,46224372403,47537781,12226035979,24913814,1666814615195]
10-27 01:33:39.833  1002  1101 I netstats_mobile_sample: [493246207,632677,126259966,543076,493246644,632682,126259812,543074,486377656,613114,125130969,526515,1666814619983]
10-27 01:33:39.844  1002  1101 I netstats_wifi_sample: [46481099513,49225343,12241661317,25159554,46481100237,49225351,12241660015,25159554,46224384555,47537977,12226196015,24914031,1666814619983]
10-27 01:33:42.311  1466  1466 I service_manager_stats: [100,88,31432]
10-27 01:33:44.666  1002  1101 I service_manager_stats: [100,90,23783]
10-27 01:33:44.670  1002  1101 I netstats_mobile_sample: [493246207,632677,126259966,543076,493246644,632682,126259812,543074,486377656,613114,125130969,526515,1666814624820]
10-27 01:33:44.681  1002  1101 I netstats_wifi_sample: [46481111913,49225539,12241821870,25159773,46481112637,49225547,12241820568,25159773,46224396419,47538167,12226356516,24914249,1666814624820]
10-27 01:33:49.408  1002  1101 I netstats_mobile_sample: [493246207,632677,126259966,543076,493246644,632682,126259812,543074,486377656,613114,125130969,526515,1666814629556]
10-27 01:33:49.424  1002  1101 I netstats_wifi_sample: [46481125400,49225741,12241983105,25159990,46481126124,49225749,12241981803,25159990,46224409110,47538358,12226517803,24914467,1666814629556]
10-27 01:33:54.289  1002  1101 I netstats_mobile_sample: [493246207,632677,126259966,543076,493246644,632682,126259812,543074,486377656,613114,125130969,526515,1666814634438]
10-27 01:33:54.299  1002  1101 I netstats_wifi_sample: [46481136238,49225915,12242142058,25160193,46481136962,49225923,12242140756,25160193,46224419588,47538528,12226676756,24914670,1666814634438]
10-27 01:33:55.038  1002  2715 I netstats_mobile_sample: [493246207,632677,126259966,543076,493246644,632682,126259812,543074,486377656,613114,125130969,526515,1666814635189]
10-27 01:33:55.045  1002  2715 I netstats_wifi_sample: [46481136238,49225915,12242142110,25160194,46481136962,49225923,12242140808,25160194,46224419844,47538532,12226677922,24914676,1666814635189]
10-27 01:33:58.982  1002  1101 I netstats_mobile_sample: [493246207,632677,126259966,543076,493246644,632682,126259812,543074,486377656,613114,125130969,526515,1666814639131]
10-27 01:33:58.993  1002  1101 I netstats_wifi_sample: [46481149048,49226118,12242302280,25160397,46481149772,49226126,12242300978,25160397,46224431666,47538722,12226836977,24914874,1666814639131]
10-27 01:34:00.072 13641 13641 I auditd  : type=1400 audit(0.0:1079332): avc: denied { search } for comm="RenderThread" name="battery" dev="sysfs" ino=6933 scontext=u:r:untrusted_app:s0:c72,c256,c512,c768 tcontext=u:object_r:sysfs_batteryinfo:s0 tclass=dir permissive=0
10-27 01:34:03.904  1002  1101 I netstats_mobile_sample: [493246207,632677,126259966,543076,493246644,632682,126259812,543074,486377656,613114,125130969,526515,1666814644054]
10-27 01:34:03.914  1002  1101 I netstats_wifi_sample: [46481161303,49226315,12242461459,25160603,46481162027,49226323,12242460157,25160603,46224443097,47538909,12226996104,24915079,1666814644054]
10-27 01:34:08.605  1002  1101 I service_manager_stats: [100,88,23938]
10-27 01:34:08.665  1002  1101 I netstats_mobile_sample: [493246207,632677,126259966,543076,493246644,632682,126259812,543074,486377656,613114,125130969,526515,1666814648815]
10-27 01:34:08.675  1002  1101 I netstats_wifi_sample: [46481173660,49226513,12242620325,25160802,46481174384,49226521,12242619023,25160802,46224454522,47539096,12227155076,24915280,1666814648815]
10-27 01:34:12.726  1466  1466 I service_manager_stats: [100,90,30415]
10-27 01:34:13.546  1002  1101 I netstats_mobile_sample: [493246207,632677,126259966,543076,493246644,632682,126259812,543074,486377656,613114,125130969,526515,1666814653695]
10-27 01:34:13.557  1002  1101 I netstats_wifi_sample: [46481185702,49226707,12242779550,25161008,46481186426,49226715,12242778248,25161008,46224465828,47539281,12227314247,24915485,1666814653695]
10-27 01:34:18.276  1002  1101 I netstats_mobile_sample: [493246207,632677,126259966,543076,493246644,632682,126259812,543074,486377656,613114,125130969,526515,1666814658426]
10-27 01:34:18.285  1002  1101 I netstats_wifi_sample: [46481203941,49226929,12242938578,25161210,46481204665,49226937,12242937276,25161210,46224477314,47539469,12227473327,24915688,1666814658426]
10-27 01:34:23.093  1002  1101 I netstats_mobile_sample: [493246207,632677,126259966,543076,493246644,632682,126259812,543074,486377656,613114,125130969,526515,1666814663242]
10-27 01:34:23.111  1002  1101 I netstats_wifi_sample: [46481217420,49227127,12243098241,25161402,46481218144,49227135,12243096939,25161402,46224488695,47539655,12227632939,24915879,1666814663242]
10-27 01:34:27.501  1002  1101 I netstats_mobile_sample: [493246207,632677,126259966,543076,493246644,632682,126259812,543074,486377656,613114,125130969,526515,1666814667651]
10-27 01:34:27.510  1002  1101 I netstats_wifi_sample: [46481235565,49227318,12243216651,25161595,46481236289,49227326,12243215349,25161595,46224506200,47539839,12227752169,24916073,1666814667651]
10-27 01:34:30.832  1002  1101 I netstats_mobile_sample: [493246207,632677,126259966,543076,493246644,632682,126259812,543074,486377656,613114,125130969,526515,1666814670981]
10-27 01:34:30.850  1002  1101 I netstats_wifi_sample: [46481247269,49227497,12243371027,25161793,46481247993,49227505,12243369725,25161793,46224517392,47540009,12227905724,24916270,1666814670981]
10-27 01:34:34.121  1002  1033 I service_manager_stats: [100,100,25517]
10-27 01:34:35.426  1002  1101 I netstats_mobile_sample: [493246207,632677,126259966,543076,493246644,632682,126259812,543074,486377656,613114,125130969,526515,1666814675576]
10-27 01:34:35.436  1002  1101 I netstats_wifi_sample: [46481259124,49227687,12243529957,25161995,46481259848,49227695,12243528655,25161995,46224528387,47540189,12228064707,24916473,1666814675576]
10-27 01:34:40.149  1002  1101 I netstats_mobile_sample: [493246207,632677,126259966,543076,493246644,632682,126259812,543074,486377656,613114,125130969,526515,1666814680298]
10-27 01:34:40.159  1002  1101 I netstats_wifi_sample: [46481271195,49227883,12243689067,25162199,46481271919,49227891,12243687765,25162199,46224540098,47540380,12228223766,24916676,1666814680298]
10-27 01:34:44.861  1002  1101 I netstats_mobile_sample: [493246207,632677,126259966,543076,493246644,632682,126259812,543074,486377656,613114,125130969,526515,1666814685010]
10-27 01:34:44.872  1002  1101 I netstats_wifi_sample: [46481283698,49228084,12243848392,25162406,46481284422,49228092,12243847090,25162406,46224551679,47540570,12228383089,24916883,1666814685010]
10-27 01:34:46.837  1002  2132 I am_uid_active: 10065
10-27 01:34:47.190  1466  1466 I service_manager_stats: [100,91,34464]
10-27 01:34:49.631  1002  1101 I netstats_mobile_sample: [493246207,632677,126259966,543076,493246644,632682,126259812,543074,486377656,613114,125130969,526515,1666814689780]
10-27 01:34:49.642  1002  1101 I netstats_wifi_sample: [46481296879,49228289,12244008198,25162620,46481297603,49228297,12244006896,25162620,46224563776,47540768,12228543806,24917099,1666814689780]
10-27 01:34:54.099  1002  1101 I netstats_mobile_sample: [493246207,632677,126259966,543076,493246644,632682,126259812,543074,486377656,613114,125130969,526515,1666814694247]
10-27 01:34:54.110  1002  1101 I netstats_wifi_sample: [46481308473,49228478,12244166938,25162818,46481309017,49228483,12244165484,25162816,46224575238,47540956,12228701689,24917296,1666814694247]
10-27 01:35:00.056 13641 13641 I auditd  : type=1400 audit(0.0:1079333): avc: denied { search } for comm="RenderThread" name="battery" dev="sysfs" ino=6933 scontext=u:r:untrusted_app:s0:c72,c256,c512,c768 tcontext=u:object_r:sysfs_batteryinfo:s0 tclass=dir permissive=0
10-27 01:35:01.611  1002  1124 I battery_level: [57,4209,340]
10-27 01:35:02.879  1002  1088 I commit_sys_config_file: [settings-1-0,42]
10-27 01:35:08.204  1002  1033 I service_manager_stats: [100,90,34109]
10-27 01:35:12.253  1002  1101 I netstats_mobile_sample: [493246207,632677,126259966,543076,493246644,632682,126259812,543074,486377656,613114,125130969,526515,1666814712429]
10-27 01:35:12.266  1002  1101 I netstats_wifi_sample: [46481320767,49228666,12244287677,25163001,46481321491,49228674,12244286375,25163001,46224585824,47541125,12228823489,24917483,1666814712429]
10-27 01:35:14.923  1002  1020 I am_pss  : [15299,10015,com.google.process.gapps,6749184,3686400,250880,72953856,0,18,18]
10-27 01:35:15.480  1002  1101 I netstats_mobile_sample: [493246207,632677,126259966,543076,493246644,632682,126259812,543074,486377656,613114,125130969,526515,1666814715656]
