10-27 01:45:42.700  7753  7753 I auditd  : type=1400 audit(0.0:1079382): avc: denied { read } for comm="VideoCaptureCam" name="u:object_r:graphics_debug_prop:s0" dev="tmpfs" ino=7308 scontext=u:r:untrusted_app:s0:c131,c258,c512,c768 tcontext=u:object_r:graphics_debug_prop:s0 tclass=file permissive=0
10-27 01:45:42.700  7753  7753 I auditd  : type=1400 audit(0.0:1079383): avc: denied { read } for comm="VideoCaptureCam" name="u:object_r:debug_bq_dump_prop:s0" dev="tmpfs" ino=7264 scontext=u:r:untrusted_app:s0:c131,c258,c512,c768 tcontext=u:object_r:debug_bq_dump_prop:s0 tclass=file permissive=0
10-27 01:45:42.716  7753  7753 I auditd  : type=1400 audit(0.0:1079384): avc: denied { read } for comm="VideoCaptureCam" name="u:object_r:debug_bq_dump_prop:s0" dev="tmpfs" ino=7264 scontext=u:r:untrusted_app:s0:c131,c258,c512,c768 tcontext=u:object_r:debug_bq_dump_prop:s0 tclass=file permissive=0
10-27 01:45:42.716  7753  7753 I auditd  : type=1400 audit(0.0:1079385): avc: denied { read } for comm="VideoCaptureCam" name="u:object_r:graphics_debug_prop:s0" dev="tmpfs" ino=7308 scontext=u:r:untrusted_app:s0:c131,c258,c512,c768 tcontext=u:object_r:graphics_debug_prop:s0 tclass=file permissive=0
10-27 01:45:42.716  7753  7753 I auditd  : type=1400 audit(0.0:1079386): avc: denied { read } for comm="VideoCaptureCam" name="u:object_r:debug_bq_dump_prop:s0" dev="tmpfs" ino=7264 scontext=u:r:untrusted_app:s0:c131,c258,c512,c768 tcontext=u:object_r:debug_bq_dump_prop:s0 tclass=file permissive=0
10-27 01:45:42.716  7753  7753 I auditd  : type=1400 audit(0.0:1079387): avc: denied { read } for comm="VideoCaptureCam" name="u:object_r:graphics_debug_prop:s0" dev="tmpfs" ino=7308 scontext=u:r:untrusted_app:s0:c131,c258,c512,c768 tcontext=u:object_r:graphics_debug_prop:s0 tclass=file permissive=0
10-27 01:45:44.665  1002  1101 I netstats_mobile_sample: [493246207,632677,126259966,543076,493246644,632682,126259812,543074,486377656,613114,125130969,526515,1666815345098]
10-27 01:45:44.673  1002  1101 I netstats_wifi_sample: [46514872275,49280091,12267376353,25204251,46514872999,49280099,12267375051,25204251,46258005926,47591596,12251910065,24958698,1666815345098]
10-27 01:45:44.695  1002  1102 I service_manager_stats: [100,70,18706]
10-27 01:45:45.990  1002  1041 I commit_sys_config_file: [package-user-0,78]
10-27 01:45:46.448  1002  1002 I commit_sys_config_file: [notification-policy,16]
10-27 01:45:47.425  1002  1101 I netstats_mobile_sample: [493246207,632677,126259966,543076,493246644,632682,126259812,543074,486377656,613114,125130969,526515,1666815347858]
10-27 01:45:47.431  1002  1101 I netstats_wifi_sample: [46514884787,49280281,12267493473,25204421,46514885511,49280289,12267492171,25204421,46258018098,47591782,12252027185,24958868,1666815347858]
10-27 01:45:49.953  1002  1101 I netstats_mobile_sample: [493246207,632677,126259966,543076,493246644,632682,126259812,543074,486377656,613114,125130969,526515,1666815350385]
10-27 01:45:49.962  1002  1101 I netstats_wifi_sample: [46514898419,49280456,12267609041,25204591,46514899143,49280464,12267607739,25204591,46258031658,47591956,12252142753,24959038,1666815350385]
10-27 01:45:51.590  1002  1101 I netstats_mobile_sample: [493246207,632677,126259966,543076,493246644,632682,126259812,543074,486377656,613114,125130969,526515,1666815352022]
10-27 01:45:51.597  1002  1101 I netstats_wifi_sample: [46514919154,49280656,12267730912,25204775,46514919826,49280663,12267728922,25204773,46258051150,47592140,12252263680,24959216,1666815352022]
10-27 01:45:52.548  7753  7753 I auditd  : type=1400 audit(0.0:1079391): avc: denied { search } for comm="RenderThread" name="battery" dev="sysfs" ino=6933 scontext=u:r:untrusted_app:s0:c131,c258,c512,c768 tcontext=u:object_r:sysfs_batteryinfo:s0 tclass=dir permissive=0
10-27 01:45:54.381  1002  2641 I sysui_multi_action: [757,906,758,4,806,com.samantapp.app,871,com.samantapp.app.MainActivity,908,com.google.android.gms,1452,0,1456,-43006228]
10-27 01:45:54.442  1002  1101 I netstats_mobile_sample: [493246207,632677,126259966,543076,493246644,632682,126259812,543074,486377656,613114,125130969,526515,1666815354874]
10-27 01:45:54.449  1002  1101 I netstats_wifi_sample: [46514935302,49280857,12267853808,25204965,46514935794,49280862,12267852506,25204965,46258067458,47592344,12252387392,24959410,1666815354874]
10-27 01:45:54.569  1002  1030 I sysui_multi_action: [757,907,758,10,806,com.samantapp.app,871,com.samantapp.app.MainActivity,908,com.google.android.gms,909,-1,1454,1,1456,-43006228]
10-27 01:45:54.569  1002  1030 I sysui_multi_action: [757,919,758,4,806,com.samantapp.app,871,com.samantapp.app.MainActivity,908,com.google.android.gms,1455,1,1456,-43006228]
10-27 01:45:54.596 26189  3892 I service_manager_stats: [200,161,1654037]
10-27 01:45:54.680 12178 12178 I auditd  : type=1400 audit(0.0:1079392): avc: denied { search } for comm="RenderThread" name="battery" dev="sysfs" ino=6933 scontext=u:r:untrusted_app:s0:c73,c256,c512,c768 tcontext=u:object_r:sysfs_batteryinfo:s0 tclass=dir permissive=0
10-27 01:45:56.131  1466  1466 I service_manager_stats: [100,65,26658]
10-27 01:45:58.133  1002  1101 I netstats_mobile_sample: [493246207,632677,126259966,543076,493246644,632682,126259812,543074,486377656,613114,125130969,526515,1666815358565]
10-27 01:45:58.141  1002  1101 I netstats_wifi_sample: [46514949166,49281059,12267972735,25205146,46514949890,49281067,12267971433,25205146,46258081061,47592544,12252506447,24959593,1666815358565]
10-27 01:45:58.900  1002  1407 I sysui_multi_action: [757,906,758,4,806,com.samantapp.app,871,com.samantapp.app.MainActivity,908,com.google.android.gms,1452,0,1456,234680552]
10-27 01:45:59.098  1002  1030 I sysui_multi_action: [757,907,758,10,806,com.samantapp.app,871,com.samantapp.app.MainActivity,908,com.google.android.gms,909,-1,1454,1,1456,234680552]
10-27 01:45:59.098  1002  1030 I sysui_multi_action: [757,919,758,4,806,com.samantapp.app,871,com.samantapp.app.MainActivity,908,com.google.android.gms,1455,1,1456,234680552]
10-27 01:46:01.041  1002  1101 I netstats_mobile_sample: [493246207,632677,126259966,543076,493246644,632682,126259812,543074,486377656,613114,125130969,526515,1666815361473]
10-27 01:46:01.047  1002  1101 I netstats_wifi_sample: [46514962439,49281266,12268094402,25205330,46514963163,49281274,12268093100,25205330,46258094190,47592749,12252628114,24959777,1666815361473]
10-27 01:46:02.744  7753  7753 I auditd  : type=1400 audit(0.0:1079393): avc: denied { search } for comm="RenderThread" name="battery" dev="sysfs" ino=6933 scontext=u:r:untrusted_app:s0:c131,c258,c512,c768 tcontext=u:object_r:sysfs_batteryinfo:s0 tclass=dir permissive=0
10-27 01:46:03.716  1002  1101 I service_manager_stats: [100,73,19021]
10-27 01:46:03.800  1002  1101 I netstats_mobile_sample: [493246207,632677,126259966,543076,493246644,632682,126259812,543074,486377656,613114,125130969,526515,1666815364232]
10-27 01:46:03.808  1002  1101 I netstats_wifi_sample: [46514975906,49281473,12268250754,25205536,46514976162,49281472,12268247147,25205534,46258106025,47592929,12252759523,24959964,1666815364232]
10-27 01:46:06.569  1002  1101 I netstats_mobile_sample: [493246207,632677,126259966,543076,493246644,632682,126259812,543074,486377656,613114,125130969,526515,1666815367000]
10-27 01:46:06.579  1002  1101 I netstats_wifi_sample: [46515010864,49281732,12268390866,25205781,46515011356,49281737,12268389360,25205778,46258141284,47593197,12252923183,24960219,1666815367000]
10-27 01:46:08.013  1002  1145 I battery_level: [63,4189,340]
10-27 01:46:09.297  1002  1088 I commit_sys_config_file: [settings-1-0,26]
10-27 01:46:10.070 26189  3891 I c2dm    : [-7,,8,6]
10-27 01:46:10.549  1002  1101 I netstats_mobile_sample: [493246207,632677,126259966,543076,493246644,632682,126259812,543074,486377656,613114,125130969,526515,1666815370981]
10-27 01:46:10.559  1002  1101 I netstats_wifi_sample: [46515025790,49281951,12268514363,25205972,46515026514,49281959,12268513061,25205972,46258156379,47593420,12253048075,24960419,1666815370981]
10-27 01:46:10.608  1002  2132 I am_new_intent: [0,38268297,2909,com.samantapp.app/.MainActivity,NULL,NULL,NULL,268435456]
10-27 01:46:10.655  7753  7753 I am_on_paused_called: [0,com.samantapp.app.MainActivity,performPause]
10-27 01:46:10.671  7753  7753 I am_on_resume_called: [0,com.samantapp.app.MainActivity,performNewIntents]
10-27 01:46:10.894  1002  1088 I commit_sys_config_file: [settings-0-0,31]
10-27 01:46:10.980  7753  7753 I auditd  : type=1400 audit(0.0:1079394): avc: denied { read } for comm="VideoCaptureCam" name="u:object_r:graphics_debug_prop:s0" dev="tmpfs" ino=7308 scontext=u:r:untrusted_app:s0:c131,c258,c512,c768 tcontext=u:object_r:graphics_debug_prop:s0 tclass=file permissive=0
10-27 01:46:10.980  7753  7753 I auditd  : type=1400 audit(0.0:1079395): avc: denied { read } for comm="VideoCaptureCam" name="u:object_r:debug_bq_dump_prop:s0" dev="tmpfs" ino=7264 scontext=u:r:untrusted_app:s0:c131,c258,c512,c768 tcontext=u:object_r:debug_bq_dump_prop:s0 tclass=file permissive=0
10-27 01:46:10.984  7753  7753 I auditd  : type=1400 audit(0.0:1079396): avc: denied { read } for comm="VideoCaptureCam" name="u:object_r:debug_bq_dump_prop:s0" dev="tmpfs" ino=7264 scontext=u:r:untrusted_app:s0:c131,c258,c512,c768 tcontext=u:object_r:debug_bq_dump_prop:s0 tclass=file permissive=0
10-27 01:46:10.984  7753  7753 I auditd  : type=1400 audit(0.0:1079397): avc: denied { read } for comm="VideoCaptureCam" name="u:object_r:graphics_debug_prop:s0" dev="tmpfs" ino=7308 scontext=u:r:untrusted_app:s0:c131,c258,c512,c768 tcontext=u:object_r:graphics_debug_prop:s0 tclass=file permissive=0
10-27 01:46:10.984  7753  7753 I auditd  : type=1400 audit(0.0:1079398): avc: denied { read } for comm="VideoCaptureCam" name="u:object_r:debug_bq_dump_prop:s0" dev="tmpfs" ino=7264 scontext=u:r:untrusted_app:s0:c131,c258,c512,c768 tcontext=u:object_r:debug_bq_dump_prop:s0 tclass=file permissive=0
10-27 01:46:10.984  7753  7753 I auditd  : type=1400 audit(0.0:1079399): avc: denied { read } for comm="VideoCaptureCam" name="u:object_r:graphics_debug_prop:s0" dev="tmpfs" ino=7308 scontext=u:r:untrusted_app:s0:c131,c258,c512,c768 tcontext=u:object_r:graphics_debug_prop:s0 tclass=file permissive=0
10-27 01:46:11.272  7753  7753 I auditd  : type=1400 audit(0.0:1079400): avc: denied { search } for comm="VideoCaptureCam" name="549" dev="proc" ino=74613419 scontext=u:r:untrusted_app:s0:c131,c258,c512,c768 tcontext=u:r:cameraserver:s0 tclass=dir permissive=0
10-27 01:46:11.275  1002  2132 I am_uid_active: 10065
10-27 01:46:12.772  7753  7753 I auditd  : type=1400 audit(0.0:1079403): avc: denied { search } for comm="RenderThread" name="battery" dev="sysfs" ino=6933 scontext=u:r:untrusted_app:s0:c131,c258,c512,c768 tcontext=u:object_r:sysfs_batteryinfo:s0 tclass=dir permissive=0
10-27 01:46:13.182  1002  1101 I netstats_mobile_sample: [493246207,632677,126259966,543076,493246644,632682,126259812,543074,486377656,613114,125130969,526515,1666815373614]
10-27 01:46:13.191  1002  1101 I netstats_wifi_sample: [46515042599,49282139,12268631785,25206148,46515043323,49282147,12268630483,25206148,46258173008,47593605,12253165497,24960595,1666815373614]
10-27 01:46:15.286  1002  1002 I volume_changed: [0,6,5,7,MediaSessionService]
10-27 01:46:15.291  1806  1908 I sysui_action: [210,0]
10-27 01:46:15.292  1806  1908 I sysui_multi_action: [757,210,758,4,759,0]
10-27 01:46:15.310  1806  1908 I sysui_action: [211,0]
10-27 01:46:15.310  1806  1908 I sysui_multi_action: [757,211,758,4,759,0]
10-27 01:46:15.344  1806  1806 I sysui_view_visibility: [207,100]
10-27 01:46:15.345  1806  1806 I sysui_multi_action: [757,207,758,1]
10-27 01:46:15.345  1806  1806 I sysui_histogram: [volume_from_keyguard,0]
10-27 01:46:15.345  1806  1806 I sysui_multi_action: [757,804,799,volume_from_keyguard,801,0,802,1]
10-27 01:46:15.615  1002  1002 I volume_changed: [0,5,4,7,MediaSessionService]
10-27 01:46:15.629  1806  1908 I sysui_action: [211,0]
10-27 01:46:15.630  1806  1908 I sysui_multi_action: [757,211,758,4,759,0]
10-27 01:46:15.641  1806  1806 I sysui_view_visibility: [207,100]
10-27 01:46:15.642  1806  1806 I sysui_multi_action: [757,207,758,1]
10-27 01:46:15.642  1806  1806 I sysui_histogram: [volume_from_keyguard,0]
10-27 01:46:15.642  1806  1806 I sysui_multi_action: [757,804,799,volume_from_keyguard,801,0,802,1]
10-27 01:46:15.663  1002  1002 I volume_changed: [0,4,3,7,MediaSessionService]
10-27 01:46:15.694  1806  1908 I sysui_action: [211,0]
10-27 01:46:15.694  1806  1908 I sysui_multi_action: [757,211,758,4,759,0]
10-27 01:46:15.728  1002  1002 I volume_changed: [0,3,2,7,MediaSessionService]
10-27 01:46:15.729  1806  1806 I sysui_view_visibility: [207,100]
10-27 01:46:15.730  1806  1806 I sysui_multi_action: [757,207,758,1]
10-27 01:46:15.730  1806  1806 I sysui_histogram: [volume_from_keyguard,0]
10-27 01:46:15.730  1806  1806 I sysui_multi_action: [757,804,799,volume_from_keyguard,801,0,802,1]
10-27 01:46:15.780  1002  1002 I volume_changed: [0,2,1,7,MediaSessionService]
10-27 01:46:15.783  1806  1806 I sysui_view_visibility: [207,100]
10-27 01:46:15.783  1806  1806 I sysui_multi_action: [757,207,758,1]
10-27 01:46:15.783  1806  1806 I sysui_histogram: [volume_from_keyguard,0]
10-27 01:46:15.784  1806  1806 I sysui_multi_action: [757,804,799,volume_from_keyguard,801,0,802,1]
10-27 01:46:15.802  1806  1908 I sysui_action: [211,0]
10-27 01:46:15.803  1806  1908 I sysui_multi_action: [757,211,758,4,759,0]
10-27 01:46:15.821  1806  1806 I sysui_view_visibility: [207,100]
10-27 01:46:15.822  1806  1806 I sysui_multi_action: [757,207,758,1]
10-27 01:46:15.822  1806  1806 I sysui_histogram: [volume_from_keyguard,0]
10-27 01:46:15.822  1806  1806 I sysui_multi_action: [757,804,799,volume_from_keyguard,801,0,802,1]
10-27 01:46:15.863  1806  1806 I sysui_view_visibility: [207,100]
10-27 01:46:15.863  1806  1806 I sysui_multi_action: [757,207,758,1]
10-27 01:46:15.863  1806  1806 I sysui_histogram: [volume_from_keyguard,0]
10-27 01:46:15.863  1806  1806 I sysui_multi_action: [757,804,799,volume_from_keyguard,801,0,802,1]
10-27 01:46:15.889  1806  1806 I sysui_view_visibility: [207,100]
10-27 01:46:15.889  1806  1806 I sysui_multi_action: [757,207,758,1]
10-27 01:46:15.889  1806  1806 I sysui_histogram: [volume_from_keyguard,0]
10-27 01:46:15.890  1806  1806 I sysui_multi_action: [757,804,799,volume_from_keyguard,801,0,802,1]
10-27 01:46:15.924  1806  1806 I sysui_view_visibility: [207,100]
10-27 01:46:15.924  1806  1806 I sysui_multi_action: [757,207,758,1]
10-27 01:46:15.924  1806  1806 I sysui_histogram: [volume_from_keyguard,0]
10-27 01:46:15.924  1806  1806 I sysui_multi_action: [757,804,799,volume_from_keyguard,801,0,802,1]
10-27 01:46:15.970  1806  1806 I sysui_view_visibility: [207,100]
10-27 01:46:15.970  1806  1806 I sysui_multi_action: [757,207,758,1]
10-27 01:46:15.970  1806  1806 I sysui_histogram: [volume_from_keyguard,0]
10-27 01:46:15.970  1806  1806 I sysui_multi_action: [757,804,799,volume_from_keyguard,801,0,802,1]
10-27 01:46:16.023  1002  1101 I netstats_mobile_sample: [493246207,632677,126259966,543076,493246644,632682,126259812,543074,486377656,613114,125130969,526515,1666815376454]
10-27 01:46:16.031  1002  1101 I netstats_wifi_sample: [46515056259,49282356,12268796623,25206353,46515056983,49282364,12268795321,25206353,46258185060,47593797,12253319764,24960790,1666815376454]
10-27 01:46:16.054  1002  1102 I service_manager_stats: [100,73,12338]
10-27 01:46:16.066  1002  1088 I commit_sys_config_file: [settings-1-0,14]
10-27 01:46:17.604  1806  1806 I sysui_view_visibility: [207,0]
10-27 01:46:17.604  1806  1806 I sysui_multi_action: [757,207,758,2]
10-27 01:46:17.605  1806  1908 I sysui_action: [210,-1]
10-27 01:46:17.606  1806  1908 I sysui_multi_action: [757,210,758,4,759,-1]
10-27 01:46:18.539  1806  1806 I sysui_count: [panel_open,1]
10-27 01:46:18.539  1806  1806 I sysui_multi_action: [757,803,799,panel_open,802,1]
10-27 01:46:18.636  1806  1806 I auditd  : type=1400 audit(0.0:1079404): avc: denied { read } for comm="ndroid.systemui" name="u:object_r:vendor_default_prop:s0" dev="tmpfs" ino=7508 scontext=u:r:platform_app:s0:c512,c768 tcontext=u:object_r:vendor_default_prop:s0 tclass=file permissive=0
10-27 01:46:18.640  1806  1806 I auditd  : type=1400 audit(0.0:1079405): avc: denied { read } for comm="ndroid.systemui" name="u:object_r:vendor_default_prop:s0" dev="tmpfs" ino=7508 scontext=u:r:platform_app:s0:c512,c768 tcontext=u:object_r:vendor_default_prop:s0 tclass=file permissive=0
10-27 01:46:18.640  1002  1075 I sysui_view_visibility: [127,100]
10-27 01:46:18.641  1002  1075 I sysui_multi_action: [757,127,758,1]
10-27 01:46:18.641  1002  1075 I sysui_histogram: [note_load,0]
10-27 01:46:18.641  1002  1075 I sysui_multi_action: [757,804,799,note_load,801,0,802,1]
10-27 01:46:18.641  1002  1075 I notification_panel_revealed: 0
10-27 01:46:18.647  1806  1806 I sysui_multi_action: [757,196,758,2,759,1]
10-27 01:46:18.647  1806  1806 I sysui_status_bar_state: [0,0,1,0,1,0]
10-27 01:46:19.910  1002  1101 I netstats_mobile_sample: [493246207,632677,126259966,543076,493246644,632682,126259812,543074,486377656,613114,125130969,526515,1666815380342]
10-27 01:46:19.922  1002  1101 I netstats_wifi_sample: [46515069684,49282562,12268921761,25206540,46515070408,49282570,12268920459,25206540,46258199213,47594018,12253455473,24960987,1666815380342]
10-27 01:46:19.933  1002  1075 I sysui_view_visibility: [127,0]
10-27 01:46:19.934  1002  1075 I sysui_multi_action: [757,127,758,2]
10-27 01:46:19.934  1002  1075 I notification_panel_hidden: 
10-27 01:46:20.280  1002  1041 I commit_sys_config_file: [package-user-0,77]
10-27 01:46:20.622  1806  1806 I sysui_view_visibility: [207,0]
10-27 01:46:20.622  1806  1806 I sysui_multi_action: [757,207,758,2]
10-27 01:46:20.704  1002  1002 I commit_sys_config_file: [notification-policy,20]
10-27 01:46:21.547  1466  1466 I service_manager_stats: [100,64,25416]
10-27 01:46:22.788  7753  7753 I auditd  : type=1400 audit(0.0:1079406): avc: denied { search } for comm="RenderThread" name="battery" dev="sysfs" ino=6933 scontext=u:r:untrusted_app:s0:c131,c258,c512,c768 tcontext=u:object_r:sysfs_batteryinfo:s0 tclass=dir permissive=0
10-27 01:46:22.813  1002  1101 I netstats_mobile_sample: [493246207,632677,126259966,543076,493246644,632682,126259812,543074,486377656,613114,125130969,526515,1666815383245]
10-27 01:46:22.820  1002  1101 I netstats_wifi_sample: [46515082817,49282770,12269086589,25206747,46515083541,49282778,12269085287,25206747,46258211934,47594222,12253620301,24961194,1666815383245]
10-27 01:46:25.054  1002  1002 I commit_sys_config_file: [notification-policy,18]
10-27 01:46:25.117  1002  1002 I commit_sys_config_file: [notification-policy,63]
10-27 01:46:25.175  1002  1002 I notification_enqueue: [10643,7753,com.samantapp.app,1028850252,NULL,0,Notification(channel=OS_9ca30393-6050-4fec-9fc2-d0a6844d5729 pri=-2 contentView=null vibrate=null sound=null tick defaults=0x0 flags=0x10 color=0x00000000 vis=PUBLIC),0]
10-27 01:46:25.458  1002  1101 I netstats_mobile_sample: [493246207,632677,126259966,543076,493246644,632682,126259812,543074,486377656,613114,125130969,526515,1666815385891]
10-27 01:46:25.466  1002  1101 I netstats_wifi_sample: [46515118183,49283000,12269216596,25206976,46515118907,49283008,12269215294,25206976,46258246489,47594441,12253748847,24961414,1666815385891]
10-27 01:46:26.455  1002  1101 I netstats_mobile_sample: [493246207,632677,126259966,543076,493246644,632682,126259812,543074,486377656,613114,125130969,526515,1666815386888]
10-27 01:46:26.462  1002  1101 I netstats_wifi_sample: [46515186562,49283183,12269288953,25207156,46515187286,49283191,12269287651,25207156,46258315466,47594633,12253822518,24961602,1666815386888]
10-27 01:46:26.770  1002  1101 I netstats_mobile_sample: [493246207,632677,126259966,543076,493246644,632682,126259812,543074,486377656,613114,125130969,526515,1666815387203]
10-27 01:46:26.776  1002  1101 I netstats_wifi_sample: [46515239082,49283324,12269388799,25207292,46515239530,49283328,12269387369,25207290,46258367181,47594764,12253921860,24961731,1666815387203]
10-27 01:46:27.184  1002  1101 I netstats_mobile_sample: [493246207,632677,126259966,543076,493246644,632682,126259812,543074,486377656,613114,125130969,526515,1666815387614]
10-27 01:46:27.194  1002  1101 I netstats_wifi_sample: [46515313809,49283428,12269465227,25207393,46515314533,49283436,12269463925,25207393,46258442639,47594878,12253998685,24961838,1666815387614]
10-27 01:46:27.594  1002  1101 I netstats_mobile_sample: [493246207,632677,126259966,543076,493246644,632682,126259812,543074,486377656,613114,125130969,526515,1666815388025]
10-27 01:46:27.601  1002  1101 I netstats_wifi_sample: [46515397388,49283533,12269553626,25207501,46515396944,49283540,12269552204,25207500,46258524842,47594980,12254086920,24961945,1666815388025]
10-27 01:46:27.960  1002  1101 I service_manager_stats: [100,73,11906]
10-27 01:46:28.013  1002  1101 I netstats_mobile_sample: [493246207,632677,126259966,543076,493246644,632682,126259812,543074,486377656,613114,125130969,526515,1666815388444]
10-27 01:46:28.020  1002  1101 I netstats_wifi_sample: [46515481730,49283699,12269682821,25207657,46515482378,49283706,12269681519,25207657,46258609987,47595141,12254215201,24962098,1666815388444]
10-27 01:46:28.386  1002  1101 I netstats_mobile_sample: [493246207,632677,126259966,543076,493246644,632682,126259812,543074,486377656,613114,125130969,526515,1666815388818]
10-27 01:46:28.392  1002  1101 I netstats_wifi_sample: [46515565363,49283820,12269774534,25207778,46515566087,49283828,12269773232,25207778,46258693751,47595265,12254305788,24962222,1666815388818]
10-27 01:46:28.827  1002  1101 I netstats_mobile_sample: [493246207,632677,126259966,543076,493246644,632682,126259812,543074,486377656,613114,125130969,526515,1666815389259]
10-27 01:46:28.834  1002  1101 I netstats_wifi_sample: [46515646590,49283921,12269847848,25207872,46515647314,49283929,12269846546,25207872,46258775307,47595369,12254381290,24962317,1666815389259]
10-27 01:46:29.200  1002  1101 I netstats_mobile_sample: [493246207,632677,126259966,543076,493246644,632682,126259812,543074,486377656,613114,125130969,526515,1666815389631]
10-27 01:46:29.206  1002  1101 I netstats_wifi_sample: [46515739947,49284051,12269963947,25208006,46515740671,49284059,12269962645,25208006,46258868474,47595497,12254491754,24962448,1666815389631]
10-27 01:46:29.494  1002  1101 I netstats_mobile_sample: [493246207,632677,126259966,543076,493246644,632682,126259812,543074,486377656,613114,125130969,526515,1666815389926]
10-27 01:46:29.501  1002  1101 I netstats_wifi_sample: [46515811975,49284198,12270083994,25208153,46515812699,49284206,12270082692,25208153,46258940262,47595642,12254617255,24962595,1666815389926]
10-27 01:46:29.885  1002  1101 I netstats_mobile_sample: [493246207,632677,126259966,543076,493246644,632682,126259812,543074,486377656,613114,125130969,526515,1666815390317]
10-27 01:46:29.890  1002  1101 I netstats_wifi_sample: [46515903108,49284308,12270173443,25208258,46515903726,49284315,12270171998,25208257,46259027211,47595751,12254704568,24962701,1666815390317]
10-27 01:46:32.055  1806  1806 I sysui_count: [panel_open,1]
10-27 01:46:32.055  1806  1806 I sysui_multi_action: [757,803,799,panel_open,802,1]
10-27 01:46:32.134  1002  1412 I sysui_view_visibility: [127,100]
10-27 01:46:32.135  1002  1412 I sysui_multi_action: [757,127,758,1]
10-27 01:46:32.138  1002  1412 I sysui_histogram: [note_load,1]
10-27 01:46:32.140  1002  1412 I sysui_multi_action: [757,804,799,note_load,801,1,802,1]
10-27 01:46:32.141  1002  1412 I notification_panel_revealed: 1
10-27 01:46:32.688  1002  1412 I sysui_multi_action: [757,128,758,1,793,7582,794,0,795,7582,796,1028850252,798,0,806,com.samantapp.app,857,OS_9ca30393-6050-4fec-9fc2--50306049,858,1,947,0,1395,1]
10-27 01:46:32.689  1002  1412 I sysui_histogram: [note_freshness,7582]
10-27 01:46:32.689  1002  1412 I sysui_multi_action: [757,804,799,note_freshness,801,7582,802,1]
10-27 01:46:32.689  1002  1412 I notification_visibility: [0|com.samantapp.app|1028850252|null|10643,1,7582,7582,0,0]
10-27 01:46:32.808  7753  7753 I auditd  : type=1400 audit(0.0:1079407): avc: denied { search } for comm="RenderThread" name="battery" dev="sysfs" ino=6933 scontext=u:r:untrusted_app:s0:c131,c258,c512,c768 tcontext=u:object_r:sysfs_batteryinfo:s0 tclass=dir permissive=0
10-27 01:46:33.477  1806  1806 I sysui_action: [409,true]
10-27 01:46:33.477  1002  2641 I sysui_multi_action: [757,128,758,3,793,8371,794,789,795,8371,796,1028850252,806,com.samantapp.app,857,OS_9ca30393-6050-4fec-9fc2--50306049,858,1,947,0,1395,1]
10-27 01:46:33.477  1002  2641 I notification_expansion: [0|com.samantapp.app|1028850252|null|10643,1,1,8371,8371,789]
10-27 01:46:33.478  1806  1806 I sysui_multi_action: [757,409,758,4,759,1]
10-27 01:46:34.053  1806  1806 I sysui_count: [notification_dismissed,1]
10-27 01:46:34.053  1806  1806 I sysui_multi_action: [757,803,799,notification_dismissed,802,1]
10-27 01:46:34.063  1002  1002 I sysui_histogram: [note_dismiss_longevity,0]
10-27 01:46:34.063  1002  1002 I sysui_multi_action: [757,804,799,note_dismiss_longevity,801,0,802,1]
10-27 01:46:34.063  1002  1002 I sysui_multi_action: [757,128,758,5,759,2,793,8957,794,1375,795,8957,796,1028850252,798,0,806,com.samantapp.app,857,OS_9ca30393-6050-4fec-9fc2--50306049,858,1,947,0,1395,1]
10-27 01:46:34.064  1002  1002 I notification_canceled: [0|com.samantapp.app|1028850252|null|10643,2,8957,8957,1375,0,1,NULL]
10-27 01:46:34.144  1002  2641 I sysui_view_visibility: [127,0]
10-27 01:46:34.145  1002  2641 I sysui_multi_action: [757,127,758,2]
10-27 01:46:34.145  1002  2641 I notification_panel_hidden: 
10-27 01:46:34.914  1002  1041 I commit_sys_config_file: [package-user-0,58]
10-27 01:46:35.418  1002  1002 I commit_sys_config_file: [notification-policy,23]
10-27 01:46:35.429  1002  1002 I notification_enqueue: [10643,7753,com.samantapp.app,1039860110,NULL,0,Notification(channel=OS_691b34c3-1395-4683-92d7-b5812b4ab8a4 pri=1 contentView=null vibrate=null sound=null tick defaults=0x0 flags=0x10 color=0x00000000 actions=2 vis=PUBLIC),0]
10-27 01:46:35.539  1002  1002 I sysui_multi_action: [757,199,758,1,759,7,793,160,794,0,795,160,796,1039860110,806,com.samantapp.app,857,OS_691b34c3-1395-4683-92d7--99904be5,858,4,947,0]
10-27 01:46:35.540  1002  1002 I notification_alert: [0|com.samantapp.app|1039860110|null|10643,1,1,1]
10-27 01:46:35.738  1806  1806 I sysui_count: [note_peek,1]
10-27 01:46:35.738  1806  1806 I sysui_multi_action: [757,803,799,note_peek,802,1]
10-27 01:46:35.753  1002  2132 I sysui_view_visibility: [127,100]
10-27 01:46:35.754  1002  2132 I sysui_multi_action: [757,127,758,1]
10-27 01:46:35.754  1002  2132 I sysui_histogram: [note_load,1]
10-27 01:46:35.754  1002  2132 I sysui_multi_action: [757,804,799,note_load,801,1,802,1]
10-27 01:46:35.754  1002  2132 I notification_panel_revealed: 1
10-27 01:46:35.757  1002  2123 I notification_expansion: [0|com.samantapp.app|1039860110|null|10643,0,1,378,378,0]
10-27 01:46:35.816  1806  1806 I sysui_view_visibility: [207,0]
10-27 01:46:35.816  1806  1806 I sysui_multi_action: [757,207,758,2]
10-27 01:46:36.394  1002  2123 I sysui_multi_action: [757,128,758,1,793,1015,794,0,795,1015,796,1039860110,798,0,806,com.samantapp.app,857,OS_691b34c3-1395-4683-92d7--99904be5,858,4,947,0,1395,1]
10-27 01:46:36.394  1002  2123 I sysui_histogram: [note_freshness,1015]
10-27 01:46:36.395  1002  2123 I sysui_multi_action: [757,804,799,note_freshness,801,1015,802,1]
10-27 01:46:36.395  1002  2123 I notification_visibility: [0|com.samantapp.app|1039860110|null|10643,1,1015,1015,0,0]
10-27 01:46:37.709  1806  1806 I sysui_count: [panel_open,1]
10-27 01:46:37.709  1806  1806 I sysui_multi_action: [757,803,799,panel_open,802,1]
10-27 01:46:37.764  1002  2641 I sysui_view_visibility: [127,100]
10-27 01:46:37.765  1002  2641 I sysui_multi_action: [757,127,758,1]
10-27 01:46:37.765  1002  2641 I sysui_histogram: [note_load,1]
10-27 01:46:37.765  1002  2641 I sysui_multi_action: [757,804,799,note_load,801,1,802,1]
10-27 01:46:37.765  1002  2641 I notification_panel_revealed: 1
10-27 01:46:37.768  1806  1806 I sysui_count: [panel_open_peek,1]
10-27 01:46:37.768  1806  1806 I sysui_multi_action: [757,803,799,panel_open_peek,802,1]
10-27 01:46:37.847  1806  1910 I service_manager_stats: [200,185,73476]
10-27 01:46:38.424  1806  1806 I sysui_count: [notification_dismissed,1]
10-27 01:46:38.424  1806  1806 I sysui_multi_action: [757,803,799,notification_dismissed,802,1]
10-27 01:46:38.427  1002  1002 I sysui_histogram: [note_dismiss_longevity,0]
10-27 01:46:38.427  1002  1002 I sysui_multi_action: [757,804,799,note_dismiss_longevity,801,0,802,1]
10-27 01:46:38.428  1002  1002 I sysui_multi_action: [757,128,758,5,759,2,793,3048,794,2033,795,3048,796,1039860110,798,0,806,com.samantapp.app,857,OS_691b34c3-1395-4683-92d7--99904be5,858,4,947,0,1395,1]
10-27 01:46:38.428  1002  1002 I notification_canceled: [0|com.samantapp.app|1039860110|null|10643,2,3048,3048,2033,0,1,NULL]
10-27 01:46:38.509  1002  2641 I sysui_view_visibility: [127,0]
10-27 01:46:38.509  1002  2641 I sysui_multi_action: [757,127,758,2]
10-27 01:46:38.509  1002  2641 I notification_panel_hidden: 
10-27 01:46:41.478 26189  9501 I c2dm    : [-7,,10,7]
10-27 01:46:41.653  1002  1002 I commit_sys_config_file: [notification-policy,20]
10-27 01:46:41.718  1002  1002 I commit_sys_config_file: [notification-policy,64]
10-27 01:46:41.730  1002  1002 I notification_enqueue: [10643,7753,com.samantapp.app,790034604,NULL,0,Notification(channel=OS_807fe710-d154-4a96-aca3-2b051eb02ebb pri=-2 contentView=null vibrate=null sound=null tick defaults=0x0 flags=0x10 color=0x00000000 vis=PUBLIC),0]
10-27 01:46:42.026  1466  1466 I service_manager_stats: [100,76,20479]
10-27 01:46:42.424  1002  1021 I am_uid_idle: 99411
10-27 01:46:42.424  1002  1021 I am_uid_idle: 10118
10-27 01:46:42.424  1002  1021 I am_uid_idle: 10072
10-27 01:46:42.808  7753  7753 I auditd  : type=1400 audit(0.0:1079408): avc: denied { search } for comm="RenderThread" name="battery" dev="sysfs" ino=6933 scontext=u:r:untrusted_app:s0:c131,c258,c512,c768 tcontext=u:object_r:sysfs_batteryinfo:s0 tclass=dir permissive=0
10-27 01:46:44.150  1806  1806 I sysui_count: [panel_open,1]
10-27 01:46:44.150  1806  1806 I sysui_multi_action: [757,803,799,panel_open,802,1]
10-27 01:46:44.295  1002  2641 I sysui_view_visibility: [127,100]
10-27 01:46:44.295  1002  2641 I sysui_multi_action: [757,127,758,1]
10-27 01:46:44.295  1002  2641 I sysui_histogram: [note_load,1]
10-27 01:46:44.295  1002  2641 I sysui_multi_action: [757,804,799,note_load,801,1,802,1]
10-27 01:46:44.295  1002  2641 I notification_panel_revealed: 1
10-27 01:46:44.837  1002  2669 I sysui_multi_action: [757,128,758,1,793,3170,794,0,795,3170,796,790034604,798,0,806,com.samantapp.app,857,OS_807fe710-d154-4a96-aca3--6cae75e7,858,1,947,0,1395,1]
10-27 01:46:44.837  1002  2669 I sysui_histogram: [note_freshness,3170]
10-27 01:46:44.837  1002  2669 I sysui_multi_action: [757,804,799,note_freshness,801,3170,802,1]
10-27 01:46:44.837  1002  2669 I notification_visibility: [0|com.samantapp.app|790034604|null|10643,1,3170,3170,0,0]
10-27 01:46:45.058  1806  1806 I sysui_count: [notification_dismissed,1]
10-27 01:46:45.059  1806  1806 I sysui_multi_action: [757,803,799,notification_dismissed,802,1]
10-27 01:46:45.061  1002  1002 I sysui_histogram: [note_dismiss_longevity,0]
10-27 01:46:45.061  1002  1002 I sysui_multi_action: [757,804,799,note_dismiss_longevity,801,0,802,1]
10-27 01:46:45.061  1002  1002 I sysui_multi_action: [757,128,758,5,759,2,793,3394,794,224,795,3394,796,790034604,798,0,806,com.samantapp.app,857,OS_807fe710-d154-4a96-aca3--6cae75e7,858,1,947,0,1395,1]
10-27 01:46:45.061  1002  1002 I notification_canceled: [0|com.samantapp.app|790034604|null|10643,2,3394,3394,224,0,1,NULL]
10-27 01:46:45.121  1002  2123 I sysui_view_visibility: [127,0]
10-27 01:46:45.121  1002  2123 I sysui_multi_action: [757,127,758,2]
10-27 01:46:45.121  1002  2123 I notification_panel_hidden: 
10-27 01:46:51.711  1002  1041 I commit_sys_config_file: [package-user-0,135]
10-27 01:46:51.864  1002  1002 I commit_sys_config_file: [notification-policy,70]
10-27 01:46:52.271  1002  1002 I service_manager_stats: [100,71,24311]
10-27 01:46:52.418  1806  1806 I sysui_view_visibility: [207,0]
10-27 01:46:52.418  1806  1806 I sysui_multi_action: [757,207,758,2]
10-27 01:46:52.420  1002  1092 I am_new_intent: [0,35278314,1930,com.transsion.XOSLauncher/com.android.quickstep.recents_ui_overrides.src.com.android.launcher3.uioverrides.QuickstepLauncher,android.intent.action.MAIN,NULL,NULL,276824064]
10-27 01:46:52.420  1002  1092 I wm_task_moved: [1930,0,2147483647]
10-27 01:46:52.423  1002  1092 I am_focused_stack: [0,0,2922,bringingFoundTaskToFront]
10-27 01:46:52.423  1002  1092 I wm_task_moved: [1930,0,2147483647]
10-27 01:46:52.425  1002  1092 I am_pause_activity: [0,38268297,com.samantapp.app/.MainActivity,userLeaving=true]
10-27 01:46:52.439  1002  1092 I am_set_resumed_activity: [0,com.transsion.XOSLauncher/com.android.quickstep.recents_ui_overrides.src.com.android.launcher3.uioverrides.QuickstepLauncher,resumeTopActivityInnerLocked]
10-27 01:46:52.443  1002  1092 I am_resume_activity: [0,35278314,1930,com.transsion.XOSLauncher/com.android.quickstep.recents_ui_overrides.src.com.android.launcher3.uioverrides.QuickstepLauncher]
10-27 01:46:52.448  1002  1092 I am_task_to_front: [0,1930]
10-27 01:46:52.455  1497  1557 I service_manager_stats: [100,155,152509]
10-27 01:46:52.479  1002  2641 I am_uid_active: 99411
10-27 01:46:52.479  1002  2641 I am_uid_active: 10118
10-27 01:46:52.479  1002  2641 I am_uid_active: 10072
10-27 01:46:52.484 13641 13641 I am_on_restart_called: [0,com.android.quickstep.recents_ui_overrides.src.com.android.launcher3.uioverrides.QuickstepLauncher,performRestartActivity]
10-27 01:46:52.492  7753  7753 I am_on_paused_called: [0,com.samantapp.app.MainActivity,performPause]
10-27 01:46:52.500  1002  1021 I am_stop_activity: [0,38268297,com.samantapp.app/.MainActivity]
10-27 01:46:52.502  1002  1021 I sysui_count: [window_time_0,70]
10-27 01:46:52.502  1002  1021 I sysui_multi_action: [757,803,799,window_time_0,802,70]
10-27 01:46:52.503 13641 13641 I am_on_start_called: [0,com.android.quickstep.recents_ui_overrides.src.com.android.launcher3.uioverrides.QuickstepLauncher,handleStartActivity]
10-27 01:46:52.542  7753  7753 I am_on_stop_called: [0,com.samantapp.app.MainActivity,STOP_ACTIVITY_ITEM]
10-27 01:46:52.672  1002  1002 I auditd  : type=1400 audit(0.0:1079409): avc: denied { open } for comm="ActivityManager" path="/sys/devices/platform/battery/power_supply/battery/capacity" dev="sysfs" ino=24522 scontext=u:r:system_server:s0 tcontext=u:object_r:sysfs_batteryinfo:s0 tclass=file permissive=0
10-27 01:46:52.673 13641 13641 I am_on_resume_called: [0,com.android.quickstep.recents_ui_overrides.src.com.android.launcher3.uioverrides.QuickstepLauncher,RESUME_ACTIVITY]
10-27 01:46:52.692 13641 13641 I auditd  : type=1400 audit(0.0:1079410): avc: denied { search } for comm="RenderThread" name="battery" dev="sysfs" ino=6933 scontext=u:r:untrusted_app:s0:c72,c256,c512,c768 tcontext=u:object_r:sysfs_batteryinfo:s0 tclass=dir permissive=0
10-27 01:46:52.715  1002  1088 I commit_sys_config_file: [settings-0-0,35]
10-27 01:46:52.803  1002  1020 I sysui_multi_action: [319,363,322,359,325,1247126,757,761,758,9,759,2,806,com.transsion.XOSLauncher,871,com.android.quickstep.recents_ui_overrides.src.com.android.launcher3.uioverrides.QuickstepLauncher,904,com.android.systemui,905,0,1320,8,1321,5]
10-27 01:46:54.568  1002  1031 I commit_sys_config_file: [jobs,28]
10-27 01:46:56.532  1756  1756 I service_manager_slow: [11,isub]
10-27 01:46:56.533  1466  1688 I service_manager_slow: [15,iphonesubinfo]
10-27 01:46:56.565  1466  2370 I service_manager_stats: [100,113,14539]
10-27 01:46:56.605  1002  1025 I am_proc_start: [0,10082,1000,com.android.cellbroadcastreceiver,broadcast,com.android.cellbroadcastreceiver/.CellBroadcastReceiver]
10-27 01:46:56.648 10082 10082 I auditd  : type=1400 audit(0.0:1079411): avc: denied { read } for comm="re-initialized>" name="u:object_r:mtk_amslog_prop:s0" dev="tmpfs" ino=7331 scontext=u:r:system_app:s0 tcontext=u:object_r:mtk_amslog_prop:s0 tclass=file permissive=0
10-27 01:46:56.660  1002  1412 I am_proc_bound: [0,10082,com.android.cellbroadcastreceiver]
10-27 01:46:57.264  7753  7753 I auditd  : type=1400 audit(0.0:1079412): avc: denied { read } for comm="VideoCaptureCam" name="u:object_r:graphics_debug_prop:s0" dev="tmpfs" ino=7308 scontext=u:r:untrusted_app:s0:c131,c258,c512,c768 tcontext=u:object_r:graphics_debug_prop:s0 tclass=file permissive=0
10-27 01:46:57.264  7753  7753 I auditd  : type=1400 audit(0.0:1079413): avc: denied { read } for comm="VideoCaptureCam" name="u:object_r:debug_bq_dump_prop:s0" dev="tmpfs" ino=7264 scontext=u:r:untrusted_app:s0:c131,c258,c512,c768 tcontext=u:object_r:debug_bq_dump_prop:s0 tclass=file permissive=0
10-27 01:46:57.264  7753  7753 I auditd  : type=1400 audit(0.0:1079414): avc: denied { read } for comm="VideoCaptureCam" name="u:object_r:debug_bq_dump_prop:s0" dev="tmpfs" ino=7264 scontext=u:r:untrusted_app:s0:c131,c258,c512,c768 tcontext=u:object_r:debug_bq_dump_prop:s0 tclass=file permissive=0
10-27 01:46:57.268  7753  7753 I auditd  : type=1400 audit(0.0:1079415): avc: denied { read } for comm="VideoCaptureCam" name="u:object_r:graphics_debug_prop:s0" dev="tmpfs" ino=7308 scontext=u:r:untrusted_app:s0:c131,c258,c512,c768 tcontext=u:object_r:graphics_debug_prop:s0 tclass=file permissive=0
10-27 01:46:57.268  7753  7753 I auditd  : type=1400 audit(0.0:1079416): avc: denied { read } for comm="VideoCaptureCam" name="u:object_r:debug_bq_dump_prop:s0" dev="tmpfs" ino=7264 scontext=u:r:untrusted_app:s0:c131,c258,c512,c768 tcontext=u:object_r:debug_bq_dump_prop:s0 tclass=file permissive=0
10-27 01:46:57.268  7753  7753 I auditd  : type=1400 audit(0.0:1079417): avc: denied { read } for comm="VideoCaptureCam" name="u:object_r:graphics_debug_prop:s0" dev="tmpfs" ino=7308 scontext=u:r:untrusted_app:s0:c131,c258,c512,c768 tcontext=u:object_r:graphics_debug_prop:s0 tclass=file permissive=0
10-27 01:46:57.414  1002  1021 I wm_task_moved: [2909,0,2147483647]
10-27 01:46:57.416  1002  1021 I am_focused_stack: [0,2922,0,bringingFoundTaskToFront]
10-27 01:46:57.416  1002  1021 I wm_task_moved: [2909,0,2147483647]
10-27 01:46:57.417  1002  1021 I am_pause_activity: [0,35278314,com.transsion.XOSLauncher/com.android.quickstep.recents_ui_overrides.src.com.android.launcher3.uioverrides.QuickstepLauncher,userLeaving=true]
10-27 01:46:57.419 13641 13641 I am_on_paused_called: [0,com.android.quickstep.recents_ui_overrides.src.com.android.launcher3.uioverrides.QuickstepLauncher,performPause]
10-27 01:46:57.419  1002  1021 I am_task_to_front: [0,2909]
10-27 01:46:57.420  1002  1021 I am_new_intent: [0,38268297,2909,com.samantapp.app/.MainActivity,NULL,NULL,NULL,268435456]
10-27 01:46:57.423  1002  1021 I am_new_intent: [0,38268297,2909,com.samantapp.app/.MainActivity,NULL,NULL,NULL,268435456]
10-27 01:46:57.432  1002  2123 I am_set_resumed_activity: [0,com.samantapp.app/.MainActivity,resumeTopActivityInnerLocked]
10-27 01:46:57.437  1002  2123 I am_resume_activity: [0,38268297,2909,com.samantapp.app/.MainActivity]
10-27 01:46:57.461  1002  1021 I sysui_count: [window_time_0,5]
10-27 01:46:57.462  1002  1021 I sysui_multi_action: [757,803,799,window_time_0,802,5]
10-27 01:46:57.462  7753  7753 I am_on_restart_called: [0,com.samantapp.app.MainActivity,performRestartActivity]
10-27 01:46:57.475  7753  7753 I am_on_start_called: [0,com.samantapp.app.MainActivity,handleStartActivity]
10-27 01:46:57.548  7753  7753 I am_on_resume_called: [0,com.samantapp.app.MainActivity,RESUME_ACTIVITY]
10-27 01:46:57.571  1002  1031 I commit_sys_config_file: [jobs,31]
10-27 01:46:57.936  1002  1021 I am_stop_activity: [0,35278314,com.transsion.XOSLauncher/com.android.quickstep.recents_ui_overrides.src.com.android.launcher3.uioverrides.QuickstepLauncher]
10-27 01:46:57.963 13641 13641 I am_on_stop_called: [0,com.android.quickstep.recents_ui_overrides.src.com.android.launcher3.uioverrides.QuickstepLauncher,STOP_ACTIVITY_ITEM]
10-27 01:46:59.099  1002  1033 I am_kill : [0,10082,com.android.cellbroadcastreceiver,900,force kill]
10-27 01:46:59.562  1002  1101 I netstats_mobile_sample: [493246207,632677,126259966,543076,493246644,632682,126259812,543074,486377656,613114,125130969,526515,1666815419994]
10-27 01:46:59.567  1002  1101 I netstats_wifi_sample: [46519161376,49289804,12273877223,25213429,46519162100,49289812,12273875921,25213429,46262284741,47601209,12258410935,24967876,1666815419994]
10-27 01:47:00.942  1806  1806 I sysui_count: [panel_open,1]
10-27 01:47:00.942  1806  1806 I sysui_multi_action: [757,803,799,panel_open,802,1]
10-27 01:47:01.039  1002  2641 I sysui_view_visibility: [127,100]
10-27 01:47:01.039  1002  2641 I sysui_multi_action: [757,127,758,1]
10-27 01:47:01.039  1002  2641 I sysui_histogram: [note_load,0]
10-27 01:47:01.039  1002  2641 I sysui_multi_action: [757,804,799,note_load,801,0,802,1]
10-27 01:47:01.039  1002  2641 I notification_panel_revealed: 0
10-27 01:47:02.038  1806  1806 I sysui_view_visibility: [111,100]
10-27 01:47:02.038  1806  1806 I sysui_multi_action: [757,111,758,1]
10-27 01:47:02.038  1806  1806 I sysui_multi_action: [757,126,758,1,759,126,833,1,927,0,928,1]
10-27 01:47:02.039  1806  1806 I sysui_multi_action: [757,113,758,1,759,113,833,1,927,1,928,0]
10-27 01:47:02.039  1806  1806 I sysui_multi_action: [757,119,758,1,759,119,833,1,927,2,928,0]
10-27 01:47:02.039  1806  1806 I sysui_multi_action: [757,111,758,1,759,111,833,1,927,3,928,0]
10-27 01:47:02.039  1806  1806 I sysui_multi_action: [757,122,758,1,759,122,833,1,927,4,928,1]
10-27 01:47:02.039  1806  1806 I sysui_multi_action: [757,198,758,1,759,198,833,1,927,5,928,0]
10-27 01:47:02.039  1806  1806 I sysui_multi_action: [757,112,758,1,759,112,833,0,927,6,928,0]
10-27 01:47:02.039  1806  1806 I sysui_multi_action: [757,123,758,1,759,123,833,0,927,7,928,0]
10-27 01:47:02.039  1806  1806 I sysui_multi_action: [757,120,758,1,759,120,833,0,927,8,928,0]
10-27 01:47:02.040  1806  1806 I sysui_multi_action: [757,284,758,1,759,284,833,0,927,9,928,0]
10-27 01:47:02.040  1806  1806 I sysui_multi_action: [757,112,758,1,759,112,833,0,927,10,928,0]
10-27 01:47:02.040  1806  1806 I sysui_multi_action: [757,121,758,1,759,121,833,0,927,11,928,0]
10-27 01:47:02.040  1806  1806 I sysui_multi_action: [757,491,758,1,759,491,833,0,927,12,928,0,1311,-1]
10-27 01:47:02.040  1806  1806 I sysui_multi_action: [757,111,758,1,759,111,833,0,927,13,928,0]
10-27 01:47:02.040  1806  1806 I sysui_multi_action: [757,198,758,1,759,198,833,0,927,14,928,0]
10-27 01:47:02.040  1806  1806 I sysui_multi_action: [757,120,758,1,759,120,833,0,927,15,928,0]
10-27 01:47:02.040  1806  1806 I sysui_multi_action: [757,0,758,1,759,0,833,0,927,16]
10-27 01:47:02.041  1806  1806 I sysui_multi_action: [757,268,758,1,759,268,806,com.google.android.apps.nbu.files,833,0,871,com.google.android.apps.nbu.files.quicksettings.StorageAssistantTileService,927,17]
10-27 01:47:02.041  1806  1806 I sysui_multi_action: [757,261,758,1,759,261,833,0,927,18,928,0]
10-27 01:47:02.041  1806  1806 I sysui_multi_action: [757,112,758,1,759,112,833,0,927,19,928,0]
10-27 01:47:02.041  1806  1806 I sysui_multi_action: [757,111,758,1,759,111,833,0,927,20,928,0]
10-27 01:47:02.041  1806  1806 I sysui_multi_action: [757,118,758,1,759,118,833,0,927,21,928,0]
10-27 01:47:02.041  1806  1806 I sysui_multi_action: [757,120,758,1,759,120,833,0,927,22,928,0]
10-27 01:47:02.041  1806  1806 I sysui_multi_action: [757,268,758,1,759,268,806,com.google.android.apps.wellbeing,833,0,871,com.google.android.apps.wellbeing.focusmode.quicksettings.FocusModeTileService,927,23]
10-27 01:47:02.041  1806  1806 I sysui_multi_action: [757,120,758,1,759,120,833,0,927,24,928,0]
10-27 01:47:02.041  1806  1806 I sysui_multi_action: [757,268,758,1,759,268,806,com.google.android.apps.wellbeing,833,0,871,com.google.android.apps.wellbeing.screen.ui.GrayscaleTileService,927,25]
10-27 01:47:02.041  1806  1806 I sysui_multi_action: [757,114,758,1,759,114,833,0,927,26,928,0]
10-27 01:47:02.042  1806  1806 I sysui_multi_action: [757,116,758,1,759,116,833,0,927,27,928,0]
10-27 01:47:02.042  1806  1806 I sysui_view_visibility: [111,100]
10-27 01:47:02.042  1806  1806 I sysui_multi_action: [757,111,758,1]
10-27 01:47:02.042  1806  1806 I sysui_multi_action: [757,126,758,1,759,126,833,1,927,0,928,1]
10-27 01:47:02.042  1806  1806 I sysui_multi_action: [757,113,758,1,759,113,833,1,927,1,928,0]
10-27 01:47:02.042  1806  1806 I sysui_multi_action: [757,119,758,1,759,119,833,1,927,2,928,0]
10-27 01:47:02.042  1806  1806 I sysui_multi_action: [757,111,758,1,759,111,833,1,927,3,928,0]
10-27 01:47:02.042  1806  1806 I sysui_multi_action: [757,122,758,1,759,122,833,1,927,4,928,1]
10-27 01:47:02.042  1806  1806 I sysui_multi_action: [757,198,758,1,759,198,833,1,927,5,928,0]
10-27 01:47:02.069  1466  2370 I service_manager_stats: [178,126,5504]
10-27 01:47:02.083  1806  1806 I service_manager_stats: [200,209,24236]
10-27 01:47:02.092  1002  2132 I am_uid_running: 10017
10-27 01:47:02.116  1002  1025 I am_proc_start: [0,10274,10017,com.google.android.apps.nbu.files,service,com.google.android.apps.nbu.files/.quicksettings.StorageAssistantTileService]
10-27 01:47:02.140 10274 10274 I auditd  : type=1400 audit(0.0:1079422): avc: denied { read } for comm="re-initialized>" name="u:object_r:mtk_amslog_prop:s0" dev="tmpfs" ino=7331 scontext=u:r:priv_app:s0:c512,c768 tcontext=u:object_r:mtk_amslog_prop:s0 tclass=file permissive=0
10-27 01:47:02.150  1002  2641 I am_proc_bound: [0,10274,com.google.android.apps.nbu.files]
10-27 01:47:02.158  1002  2641 I am_uid_active: 10017
10-27 01:47:02.169  1806  1806 I sysui_multi_action: [757,194,758,4,826,266,827,3749]
10-27 01:47:02.169  1806  1806 I sysui_lockscreen_gesture: [9,266,3749]
10-27 01:47:02.390  1002  1101 I netstats_mobile_sample: [493246207,632677,126259966,543076,493246644,632682,126259812,543074,486377656,613114,125130969,526515,1666815422822]
10-27 01:47:02.396  1002  1101 I netstats_wifi_sample: [46519174449,49290014,12274042348,25213633,46519175173,49290022,12274040970,25213632,46262297283,47601411,12258574870,24968074,1666815422822]
10-27 01:47:02.579  1002  1041 I commit_sys_config_file: [package-user-0,75]
10-27 01:47:03.029  1806  1806 I sysui_view_visibility: [111,0]
10-27 01:47:03.029  1806  1806 I sysui_multi_action: [757,111,758,2]
10-27 01:47:03.029  1806  1806 I sysui_view_visibility: [111,0]
10-27 01:47:03.029  1806  1806 I sysui_multi_action: [757,111,758,2]
10-27 01:47:03.074  1002  1856 I sysui_view_visibility: [127,0]
10-27 01:47:03.074  1002  1856 I sysui_multi_action: [757,127,758,2]
10-27 01:47:03.074  1002  1856 I notification_panel_hidden: 
10-27 01:47:03.213  1002  1002 I commit_sys_config_file: [notification-policy,150]
10-27 01:47:03.783  1002  1002 I commit_sys_config_file: [notification-policy,25]
10-27 01:47:03.787  1002  1002 I notification_enqueue: [10047,16258,com.google.android.apps.wellbeing,174344743,NULL,0,Notification(channel=app_limit_updates pri=0 contentView=null vibrate=null sound=null defaults=0x0 flags=0x162 color=0xff008577 category=service vis=PRIVATE),0]
10-27 01:47:03.889  1002  1002 I sysui_multi_action: [757,128,758,5,759,8,793,102,794,0,795,102,796,174344743,806,com.google.android.apps.wellbeing,857,app_limit_updates,858,2,947,0]
10-27 01:47:03.889  1002  1002 I notification_canceled: [0|com.google.android.apps.wellbeing|174344743|null|10047,8,102,102,0,-1,-1,NULL]
10-27 01:47:05.082  1806  1806 I sysui_count: [panel_open,1]
10-27 01:47:05.083  1806  1806 I sysui_multi_action: [757,803,799,panel_open,802,1]
10-27 01:47:05.166  1002  1856 I sysui_view_visibility: [127,100]
10-27 01:47:05.166  1002  1856 I sysui_multi_action: [757,127,758,1]
10-27 01:47:05.167  1002  1856 I sysui_histogram: [note_load,1]
10-27 01:47:05.167  1002  1856 I sysui_multi_action: [757,804,799,note_load,801,1,802,1]
10-27 01:47:05.167  1002  1856 I notification_panel_revealed: 1
10-27 01:47:06.143  1002  1101 I netstats_mobile_sample: [493246207,632677,126259966,543076,493246644,632682,126259812,543074,486377656,613114,125130969,526515,1666815426575]
10-27 01:47:06.150  1002  1101 I netstats_wifi_sample: [46519191665,49290237,12274166222,25213821,46519192389,49290245,12274164920,25213821,46262311020,47601624,12258699934,24968268,1666815426575]
10-27 01:47:06.174  1002  1102 I service_manager_stats: [100,103,13903]
10-27 01:47:07.664  7753  7753 I auditd  : type=1400 audit(0.0:1079423): avc: denied { search } for comm="RenderThread" name="battery" dev="sysfs" ino=6933 scontext=u:r:untrusted_app:s0:c131,c258,c512,c768 tcontext=u:object_r:sysfs_batteryinfo:s0 tclass=dir permissive=0
10-27 01:47:08.827  1002  1101 I netstats_mobile_sample: [493246207,632677,126259966,543076,493246644,632682,126259812,543074,486377656,613114,125130969,526515,1666815429259]
10-27 01:47:08.833  1002  1101 I netstats_wifi_sample: [46519204813,49290449,12274330449,25214025,46519205537,49290457,12274329147,25214025,46262324004,47601833,12258864161,24968472,1666815429259]
10-27 01:47:08.862  1002  1013 I sysui_view_visibility: [127,0]
10-27 01:47:08.862  1002  1013 I sysui_multi_action: [757,127,758,2]
10-27 01:47:08.862  1002  1013 I notification_panel_hidden: 
10-27 01:47:11.286  1002  1021 I am_uid_idle: 10065
10-27 01:47:11.752  1806  1908 I sysui_action: [210,0]
10-27 01:47:11.752  1806  1908 I sysui_multi_action: [757,210,758,4,759,0]
10-27 01:47:11.754  1806  1908 I sysui_action: [211,0]
10-27 01:47:11.754  1806  1908 I sysui_multi_action: [757,211,758,4,759,0]
10-27 01:47:11.781  1806  1806 I sysui_view_visibility: [207,100]
