10-27 01:35:15.491  1002  1101 I netstats_wifi_sample: [46481331611,49228846,12244439977,25163180,46481332335,49228854,12244438675,25163180,46224596164,47541298,12228975789,24917662,1666814715656]
10-27 01:35:20.340  1002  1101 I netstats_mobile_sample: [493246207,632677,126259966,543076,493246644,632682,126259812,543074,486377656,613114,125130969,526515,1666814720517]
10-27 01:35:20.351  1002  1101 I netstats_wifi_sample: [46481345863,49229028,12244570306,25163355,46481346535,49229035,12244569004,25163355,46224605778,47541453,12229102345,24917834,1666814720517]
10-27 01:35:21.608  1466  1466 I service_manager_stats: [100,89,34445]
10-27 01:35:25.216  1002  1101 I netstats_mobile_sample: [493246207,632677,126259966,543076,493246644,632682,126259812,543074,486377656,613114,125130969,526515,1666814725391]
10-27 01:35:25.231  1002  1101 I netstats_wifi_sample: [46481358913,49229244,12244759023,25163587,46481359637,49229252,12244757721,25163587,46224618936,47541672,12229293721,24918064,1666814725391]
10-27 01:35:29.816  1002  1101 I netstats_mobile_sample: [493246207,632677,126259966,543076,493246644,632682,126259812,543074,486377656,613114,125130969,526515,1666814729993]
10-27 01:35:29.827  1002  1101 I netstats_wifi_sample: [46481373819,49229457,12244923053,25163810,46481374543,49229465,12244921751,25163810,46224633318,47541878,12229457751,24918287,1666814729993]
10-27 01:35:34.250  1002  1020 I am_pss  : [15696,10082,com.hoffnung,8857600,5550080,227328,81108992,0,18,18]
10-27 01:35:34.614  1002  1101 I netstats_mobile_sample: [493246207,632677,126259966,543076,493246644,632682,126259812,543074,486377656,613114,125130969,526515,1666814734791]
10-27 01:35:34.624  1002  1101 I netstats_wifi_sample: [46481383622,49229612,12245051149,25163987,46481384346,49229620,12245049847,25163987,46224642965,47542033,12229586961,24918469,1666814734791]
10-27 01:35:34.632  1002  1102 I service_manager_stats: [100,103,26428]
10-27 01:35:39.505  1002  1101 I netstats_mobile_sample: [493246207,632677,126259966,543076,493246644,632682,126259812,543074,486377656,613114,125130969,526515,1666814739681]
10-27 01:35:39.516  1002  1101 I netstats_wifi_sample: [46481397899,49229846,12245242322,25164222,46481398623,49229854,12245241020,25164222,46224656522,47542258,12229777020,24918699,1666814739681]
10-27 01:35:44.596  1002  1101 I netstats_mobile_sample: [493246207,632677,126259966,543076,493246644,632682,126259812,543074,486377656,613114,125130969,526515,1666814744772]
10-27 01:35:44.611  1002  1101 I netstats_wifi_sample: [46481410320,49230042,12245402332,25164431,46481411044,49230050,12245401030,25164431,46224668071,47542444,12229937029,24918908,1666814744772]
10-27 01:35:46.826  1002  1021 I am_uid_idle: 10065
10-27 01:35:49.003  1002  1101 I netstats_mobile_sample: [493246207,632677,126259966,543076,493246644,632682,126259812,543074,486377656,613114,125130969,526515,1666814749180]
10-27 01:35:49.012  1002  1101 I netstats_wifi_sample: [46481422513,49230242,12245561437,25164635,46481423133,49230248,12245560135,25164635,46224679948,47542639,12230096187,24919113,1666814749180]
10-27 01:35:53.919  1002  1101 I netstats_mobile_sample: [493246207,632677,126259966,543076,493246644,632682,126259812,543074,486377656,613114,125130969,526515,1666814754096]
10-27 01:35:53.929  1002  1101 I netstats_wifi_sample: [46481438885,49230452,12245719651,25164838,46481439609,49230460,12245718349,25164838,46224691349,47542826,12230255300,24919318,1666814754096]
10-27 01:35:53.957  1466  1739 I service_manager_stats: [100,93,32349]
10-27 01:35:58.529  1002  1101 I netstats_mobile_sample: [493246207,632677,126259966,543076,493246644,632682,126259812,543074,486377656,613114,125130969,526515,1666814758706]
10-27 01:35:58.536  1002  1101 I netstats_wifi_sample: [46481452842,49230653,12245878863,25165042,46481453566,49230661,12245877561,25165042,46224702966,47543015,12230414675,24919524,1666814758706]
10-27 01:35:59.214  1002  2121 I am_uid_active: 10065
10-27 01:36:00.027 13641 13641 I auditd  : type=1400 audit(0.0:1079334): avc: denied { search } for comm="RenderThread" name="battery" dev="sysfs" ino=6933 scontext=u:r:untrusted_app:s0:c72,c256,c512,c768 tcontext=u:object_r:sysfs_batteryinfo:s0 tclass=dir permissive=0
10-27 01:36:03.401  1002  1101 I service_manager_stats: [100,104,28769]
10-27 01:36:03.528  1002  1101 I netstats_mobile_sample: [493246207,632677,126259966,543076,493246644,632682,126259812,543074,486377656,613114,125130969,526515,1666814763705]
10-27 01:36:03.541  1002  1101 I netstats_wifi_sample: [46481467020,49230858,12246039144,25165252,46481467744,49230866,12246037842,25165252,46224714786,47543207,12230573841,24919729,1666814763705]
10-27 01:36:08.379  1002  1101 I netstats_mobile_sample: [493246207,632677,126259966,543076,493246644,632682,126259812,543074,486377656,613114,125130969,526515,1666814768555]
10-27 01:36:08.389  1002  1101 I netstats_wifi_sample: [46481479963,49231066,12246199225,25165471,46481480687,49231074,12246197923,25165471,46224727317,47543411,12230733922,24919948,1666814768555]
10-27 01:36:11.591  1002  1101 I netstats_mobile_sample: [493246207,632677,126259966,543076,493246644,632682,126259812,543074,486377656,613114,125130969,526515,1666814771767]
10-27 01:36:11.603  1002  1101 I netstats_wifi_sample: [46481489286,49231222,12246346018,25165633,46481490010,49231230,12246344716,25165633,46224736716,47543568,12230881830,24920115,1666814771767]
10-27 01:36:17.097  1002  1101 I netstats_mobile_sample: [493246207,632677,126259966,543076,493246644,632682,126259812,543074,486377656,613114,125130969,526515,1666814777273]
10-27 01:36:17.108  1002  1101 I netstats_wifi_sample: [46481502123,49231429,12246505714,25165844,46481502847,49231437,12246504412,25165844,46224748821,47543767,12231040412,24920321,1666814777273]
10-27 01:36:21.936  1002  1101 I netstats_mobile_sample: [493246207,632677,126259966,543076,493246644,632682,126259812,543074,486377656,613114,125130969,526515,1666814782111]
10-27 01:36:21.955  1002  1101 I netstats_wifi_sample: [46481514179,49231624,12246664843,25166048,46481514903,49231632,12246663541,25166048,46224760283,47543955,12231199541,24920525,1666814782111]
10-27 01:36:24.477  1466  1466 I service_manager_stats: [100,91,30520]
10-27 01:36:26.611  1002  1101 I netstats_mobile_sample: [493246207,632677,126259966,543076,493246644,632682,126259812,543074,486377656,613114,125130969,526515,1666814786787]
10-27 01:36:26.622  1002  1101 I netstats_wifi_sample: [46481526290,49231818,12246824313,25166256,46481527014,49231826,12246823011,25166256,46224771982,47544145,12231358960,24920732,1666814786787]
10-27 01:36:26.660  1002  1102 I service_manager_stats: [100,100,23260]
10-27 01:36:28.437  1002  1155 I sync    : [com.android.contacts,0,4,1999394194]
10-27 01:36:31.264  1002  1101 I netstats_mobile_sample: [493246207,632677,126259966,543076,493246644,632682,126259812,543074,486377656,613114,125130969,526515,1666814791441]
10-27 01:36:31.272  1002  1101 I netstats_wifi_sample: [46481537132,49231994,12246982122,25166453,46481537856,49232002,12246980820,25166453,46224782512,47544316,12231507106,24920926,1666814791441]
10-27 01:36:36.061  1002  1101 I netstats_mobile_sample: [493246207,632677,126259966,543076,493246644,632682,126259812,543074,486377656,613114,125130969,526515,1666814796237]
10-27 01:36:36.070  1002  1101 I netstats_wifi_sample: [46481549071,49232188,12247141834,25166654,46481549667,49232194,12247140456,25166653,46224793939,47544505,12231676585,24921132,1666814796237]
10-27 01:36:40.954  1002  1101 I netstats_mobile_sample: [493246207,632677,126259966,543076,493246644,632682,126259812,543074,486377656,613114,125130969,526515,1666814801131]
10-27 01:36:40.963  1002  1101 I netstats_wifi_sample: [46481560712,49232375,12247301021,25166859,46481561308,49232381,12247299567,25166857,46224805424,47544692,12231835771,24921337,1666814801131]
10-27 01:36:45.103  1002  1124 I battery_level: [58,4197,350]
10-27 01:36:45.517  1002  1101 I netstats_mobile_sample: [493246207,632677,126259966,543076,493246644,632682,126259812,543074,486377656,613114,125130969,526515,1666814805693]
10-27 01:36:45.528  1002  1101 I netstats_wifi_sample: [46481572601,49232567,12247459777,25167057,46481573325,49232575,12247458475,25167057,46224816773,47544878,12231994550,24921535,1666814805693]
10-27 01:36:46.412  1002  1088 I commit_sys_config_file: [settings-1-0,47]
10-27 01:36:50.278  1002  1101 I netstats_mobile_sample: [493246207,632677,126259966,543076,493246644,632682,126259812,543074,486377656,613114,125130969,526515,1666814810455]
10-27 01:36:50.287  1002  1101 I netstats_wifi_sample: [46481584885,49232755,12247619215,25167266,46481585609,49232763,12247617913,25167266,46224827921,47545058,12232153913,24921743,1666814810455]
10-27 01:36:51.526  1002  1020 I am_pss  : [30131,10028,android.process.acore,16808960,13053952,202752,90796032,0,7,23]
10-27 01:36:51.559  1002  1020 I am_pss  : [13995,10137,com.whatsapp,45980672,39792640,188416,137531392,0,7,28]
10-27 01:36:53.648  1466  1466 I service_manager_stats: [100,100,29172]
10-27 01:36:54.989  1002  1101 I netstats_mobile_sample: [493246207,632677,126259966,543076,493246644,632682,126259812,543074,486377656,613114,125130969,526515,1666814815166]
10-27 01:36:54.998  1002  1101 I netstats_wifi_sample: [46481596595,49232945,12247777985,25167465,46481597319,49232953,12247776683,25167465,46224839307,47545245,12232312683,24921942,1666814815166]
10-27 01:36:54.999  1002  1102 I service_manager_stats: [100,95,28339]
10-27 01:36:59.233  1002  1021 I am_uid_idle: 10065
10-27 01:36:59.743  1002  1101 I netstats_mobile_sample: [493246207,632677,126259966,543076,493246644,632682,126259812,543074,486377656,613114,125130969,526515,1666814819920]
10-27 01:36:59.754  1002  1101 I netstats_wifi_sample: [46481611982,49233148,12247937013,25167667,46481612706,49233156,12247935711,25167667,46224850836,47545433,12232471711,24922144,1666814819920]
10-27 01:37:00.075 13641 13641 I auditd  : type=1400 audit(0.0:1079335): avc: denied { search } for comm="RenderThread" name="battery" dev="sysfs" ino=6933 scontext=u:r:untrusted_app:s0:c72,c256,c512,c768 tcontext=u:object_r:sysfs_batteryinfo:s0 tclass=dir permissive=0
10-27 01:37:04.328  1002  1101 I netstats_mobile_sample: [493246207,632677,126259966,543076,493246644,632682,126259812,543074,486377656,613114,125130969,526515,1666814824504]
10-27 01:37:04.341  1002  1101 I netstats_wifi_sample: [46481623549,49233333,12248096003,25167869,46481624273,49233341,12248094701,25167869,46224861927,47545613,12232630700,24922346,1666814824504]
10-27 01:37:09.117  1002  1101 I netstats_mobile_sample: [493246207,632677,126259966,543076,493246644,632682,126259812,543074,486377656,613114,125130969,526515,1666814829294]
10-27 01:37:09.126  1002  1101 I netstats_wifi_sample: [46481635560,49233525,12248255313,25168075,46481636284,49233533,12248254011,25168075,46224873350,47545798,12232790011,24922552,1666814829294]
10-27 01:37:13.900  1002  1101 I netstats_mobile_sample: [493246207,632677,126259966,543076,493246644,632682,126259812,543074,486377656,613114,125130969,526515,1666814834077]
10-27 01:37:13.912  1002  1101 I netstats_wifi_sample: [46481647250,49233714,12248415051,25168288,46481647974,49233722,12248413749,25168288,46224884644,47545983,12232949748,24922765,1666814834077]
10-27 01:37:18.402  1002  1101 I netstats_mobile_sample: [493246207,632677,126259966,543076,493246644,632682,126259812,543074,486377656,613114,125130969,526515,1666814838579]
10-27 01:37:18.412  1002  1101 I netstats_wifi_sample: [46481658572,49233898,12248573679,25168483,46481659244,49233905,12248572377,25168483,46224895718,47546164,12233108428,24922961,1666814838579]
10-27 01:37:22.948  1002  1101 I service_manager_stats: [100,94,27948]
10-27 01:37:23.127  1002  1101 I netstats_mobile_sample: [493246207,632677,126259966,543076,493246644,632682,126259812,543074,486377656,613114,125130969,526515,1666814843303]
10-27 01:37:23.141  1002  1101 I netstats_wifi_sample: [46481670417,49234088,12248733118,25168692,46481671141,49234096,12248731816,25168692,46224907151,47546350,12233267817,24923169,1666814843303]
10-27 01:37:24.736  1002  1020 I am_pss  : [30131,10028,android.process.acore,16808960,13053952,202752,90796032,0,7,23]
10-27 01:37:24.774  1002  1020 I am_pss  : [13995,10137,com.whatsapp,46007296,39841792,188416,137531392,0,7,33]
10-27 01:37:26.765  1466  1466 I service_manager_stats: [100,92,33116]
10-27 01:37:27.587  1002  1101 I netstats_mobile_sample: [493246207,632677,126259966,543076,493246644,632682,126259812,543074,486377656,613114,125130969,526515,1666814847764]
10-27 01:37:27.595  1002  1101 I netstats_wifi_sample: [46481683005,49234291,12248892283,25168895,46481683729,49234299,12248890981,25168895,46224919159,47546546,12233427034,24923373,1666814847764]
10-27 01:37:28.551  1002  1155 I sync    : [com.android.contacts,1,4,1999394194]
10-27 01:37:28.591  1002  1155 I commit_sys_config_file: [sync-status,38]
10-27 01:37:28.606  1002  1020 I am_pss  : [23280,10207,com.twitter.android,71095296,60444672,180224,175976448,0,18,28]
10-27 01:37:28.691  1002  1031 I commit_sys_config_file: [jobs,81]
10-27 01:37:32.392  1002  1101 I netstats_mobile_sample: [493246207,632677,126259966,543076,493246644,632682,126259812,543074,486377656,613114,125130969,526515,1666814852568]
10-27 01:37:32.404  1002  1101 I netstats_wifi_sample: [46481699358,49234502,12249051720,25169105,46481700082,49234510,12249050418,25169105,46224930645,47546734,12233586494,24923583,1666814852568]
10-27 01:37:34.968  1002  1031 I commit_sys_config_file: [jobs,52]
10-27 01:37:35.081  1002  1031 I commit_sys_config_file: [jobs,105]
10-27 01:37:36.984  1002  1101 I netstats_mobile_sample: [493246207,632677,126259966,543076,493246644,632682,126259812,543074,486377656,613114,125130969,526515,1666814857161]
10-27 01:37:36.992  1002  1101 I netstats_wifi_sample: [46481711589,49234697,12249210554,25169304,46481712133,49234702,12249208266,25169301,46224942339,47546926,12233745289,24923782,1666814857161]
10-27 01:37:41.795  1002  1101 I netstats_mobile_sample: [493246207,632677,126259966,543076,493246644,632682,126259812,543074,486377656,613114,125130969,526515,1666814861971]
10-27 01:37:41.806  1002  1101 I netstats_wifi_sample: [46481723392,49234887,12249369515,25169507,46481724116,49234895,12249368213,25169507,46224953441,47547108,12233904212,24923984,1666814861971]
10-27 01:37:46.533  1002  1101 I netstats_mobile_sample: [493246207,632677,126259966,543076,493246644,632682,126259812,543074,486377656,613114,125130969,526515,1666814866709]
10-27 01:37:46.544  1002  1101 I netstats_wifi_sample: [46481735760,49235086,12249529102,25169718,46481736484,49235094,12249527800,25169718,46224965201,47547300,12234063800,24924195,1666814866709]
10-27 01:37:47.254  1002  1002 I service_manager_stats: [100,88,24306]
10-27 01:37:51.189  1002  1101 I netstats_mobile_sample: [493246207,632677,126259966,543076,493246644,632682,126259812,543074,486377656,613114,125130969,526515,1666814871365]
10-27 01:37:51.200  1002  1101 I netstats_wifi_sample: [46481748165,49235287,12249688361,25169924,46481748889,49235295,12249687059,25169924,46224977078,47547495,12234223059,24924401,1666814871365]
10-27 01:37:55.588  1002  2714 I am_uid_active: 10065
10-27 01:37:55.618  1002  1020 I am_pss  : [13995,10137,com.whatsapp,46150656,39964672,188416,137703424,0,18,17]
10-27 01:37:55.633  1002  1020 I am_pss  : [30131,10028,android.process.acore,16807936,13053952,202752,90796032,0,18,12]
10-27 01:37:55.723  1002  1101 I netstats_mobile_sample: [493246207,632677,126259966,543076,493246644,632682,126259812,543074,486377656,613114,125130969,526515,1666814875901]
10-27 01:37:55.730  1002  1101 I netstats_wifi_sample: [46481759855,49235474,12249847634,25170127,46481760579,49235482,12249845422,25170125,46224988892,47547684,12234382536,24924607,1666814875901]
10-27 01:37:57.487  1466  1466 I service_manager_stats: [100,88,30722]
10-27 01:37:58.146  1002  1031 I commit_sys_config_file: [jobs,62]
10-27 01:37:58.266  1002  1031 I commit_sys_config_file: [jobs,109]
10-27 01:38:00.055 13641 13641 I auditd  : type=1400 audit(0.0:1079336): avc: denied { search } for comm="RenderThread" name="battery" dev="sysfs" ino=6933 scontext=u:r:untrusted_app:s0:c72,c256,c512,c768 tcontext=u:object_r:sysfs_batteryinfo:s0 tclass=dir permissive=0
10-27 01:38:00.094  1002  1101 I netstats_mobile_sample: [493246207,632677,126259966,543076,493246644,632682,126259812,543074,486377656,613114,125130969,526515,1666814880271]
10-27 01:38:00.104  1002  1101 I netstats_wifi_sample: [46481771898,49235666,12250005994,25170330,46481772622,49235674,12250004692,25170330,46225000505,47547872,12234541806,24924812,1666814880271]
10-27 01:38:04.900  1002  1101 I netstats_mobile_sample: [493246207,632677,126259966,543076,493246644,632682,126259812,543074,486377656,613114,125130969,526515,1666814885077]
10-27 01:38:04.910  1002  1101 I netstats_wifi_sample: [46481784173,49235865,12250165915,25170535,46481784897,49235873,12250164613,25170535,46225011880,47548060,12234700612,24925012,1666814885077]
10-27 01:38:09.838  1002  1101 I netstats_mobile_sample: [493246207,632677,126259966,543076,493246644,632682,126259812,543074,486377656,613114,125130969,526515,1666814890014]
10-27 01:38:09.849  1002  1101 I netstats_wifi_sample: [46481796576,49236066,12250327156,25170750,46481797300,49236074,12250325854,25170750,46225024003,47548258,12234861801,24925226,1666814890014]
10-27 01:38:14.471  1002  1101 I netstats_mobile_sample: [493246207,632677,126259966,543076,493246644,632682,126259812,543074,486377656,613114,125130969,526515,1666814894647]
10-27 01:38:14.476  1002  1033 I service_manager_stats: [100,106,27222]
10-27 01:38:14.482  1002  1101 I netstats_wifi_sample: [46481808530,49236262,12250486016,25170950,46481809254,49236270,12250484714,25170950,46225035741,47548452,12235020713,24925427,1666814894647]
10-27 01:38:17.328  1002  1020 I am_pss  : [13995,10137,com.whatsapp,46150656,39964672,188416,137703424,0,18,26]
10-27 01:38:17.351  1002  1020 I am_pss  : [30131,10028,android.process.acore,16806912,13053952,202752,90796032,0,18,18]
10-27 01:38:17.424  1002  1031 I commit_sys_config_file: [jobs,74]
10-27 01:38:19.388  1002  1101 I netstats_mobile_sample: [493246207,632677,126259966,543076,493246644,632682,126259812,543074,486377656,613114,125130969,526515,1666814899564]
10-27 01:38:19.399  1002  1101 I netstats_wifi_sample: [46481820084,49236452,12250645482,25171161,46481820808,49236460,12250644180,25171161,46225047255,47548641,12235180255,24925639,1666814899564]
10-27 01:38:24.062  1002  1101 I netstats_mobile_sample: [493246207,632677,126259966,543076,493246644,632682,126259812,543074,486377656,613114,125130969,526515,1666814904239]
10-27 01:38:24.071  1002  1101 I netstats_wifi_sample: [46481832089,49236648,12250804697,25171367,46481832813,49236656,12250803395,25171367,46225058888,47548832,12235339396,24925844,1666814904239]
10-27 01:38:24.984  1002  1031 I commit_sys_config_file: [jobs,98]
10-27 01:38:25.011  1002  1031 I commit_sys_config_file: [jobs,23]
10-27 01:38:25.215  1002  1031 I commit_sys_config_file: [jobs,120]
10-27 01:38:25.315  1002  1031 I commit_sys_config_file: [jobs,84]
10-27 01:38:25.383  1002  1031 I commit_sys_config_file: [jobs,62]
10-27 01:38:25.415  1002  2715 I am_uid_active: 10082
10-27 01:38:25.502  1002  1031 I commit_sys_config_file: [jobs,112]
10-27 01:38:28.231  1002  1101 I netstats_mobile_sample: [493246207,632677,126259966,543076,493246644,632682,126259812,543074,486377656,613114,125130969,526515,1666814908408]
10-27 01:38:28.242  1002  1101 I netstats_wifi_sample: [46481852237,49236823,12250920632,25171545,46481852961,49236831,12250919330,25171545,46225078880,47549007,12235456444,24926027,1666814908408]
10-27 01:38:29.022  1002  1124 I battery_level: [59,4230,350]
10-27 01:38:29.175  1466  1466 I service_manager_stats: [100,92,31688]
10-27 01:38:29.232 26189  3892 I c2dm    : [0,,6,5]
10-27 01:38:30.327  1002  1088 I commit_sys_config_file: [settings-1-0,45]
10-27 01:38:31.431  1002  1101 I netstats_mobile_sample: [493246207,632677,126259966,543076,493246644,632682,126259812,543074,486377656,613114,125130969,526515,1666814911607]
10-27 01:38:31.443  1002  1101 I netstats_wifi_sample: [46481862458,49236991,12251073541,25171733,46481863182,49236999,12251072239,25171733,46225088721,47549169,12235608238,24926210,1666814911607]
10-27 01:38:35.987  1002  1101 I netstats_mobile_sample: [493246207,632677,126259966,543076,493246644,632682,126259812,543074,486377656,613114,125130969,526515,1666814916164]
10-27 01:38:35.996  1002  1101 I netstats_wifi_sample: [46481877857,49237188,12251234824,25171947,46481878581,49237196,12251233522,25171947,46225103528,47549360,12235767873,24926421,1666814916164]
10-27 01:38:39.315  1002  1033 I service_manager_stats: [100,102,24840]
10-27 01:38:40.776  1002  1101 I netstats_mobile_sample: [493246207,632677,126259966,543076,493246644,632682,126259812,543074,486377656,613114,125130969,526515,1666814920952]
10-27 01:38:40.787  1002  1101 I netstats_wifi_sample: [46481894264,49237401,12251395036,25172156,46481894988,49237409,12251393734,25172156,46225116077,47549558,12235930644,24926635,1666814920952]
10-27 01:38:45.387  1002  1101 I netstats_mobile_sample: [493246207,632677,126259966,543076,493246644,632682,126259812,543074,486377656,613114,125130969,526515,1666814925564]
10-27 01:38:45.398  1002  1101 I netstats_wifi_sample: [46481906337,49237596,12251553689,25172352,46481907061,49237604,12251552387,25172352,46225127506,47549746,12236088386,24926829,1666814925564]
10-27 01:38:50.073  1002  1101 I netstats_mobile_sample: [493246207,632677,126259966,543076,493246644,632682,126259812,543074,486377656,613114,125130969,526515,1666814930249]
10-27 01:38:50.084  1002  1101 I netstats_wifi_sample: [46481919025,49237792,12251713227,25172563,46481919749,49237800,12251711925,25172563,46225139214,47549937,12236247926,24927040,1666814930249]
10-27 01:38:54.717  1002  1101 I netstats_mobile_sample: [493246207,632677,126259966,543076,493246644,632682,126259812,543074,486377656,613114,125130969,526515,1666814934895]
10-27 01:38:54.726  1002  1101 I netstats_wifi_sample: [46481930723,49237983,12251872103,25172764,46481931447,49237991,12251870801,25172764,46225150716,47550126,12236406878,24927242,1666814934895]
10-27 01:38:55.603  1002  1021 I am_uid_idle: 10065
10-27 01:38:59.568  1002  1101 I netstats_mobile_sample: [493246207,632677,126259966,543076,493246644,632682,126259812,543074,486377656,613114,125130969,526515,1666814939743]
10-27 01:38:59.583  1002  1101 I netstats_wifi_sample: [46481942584,49238174,12252031037,25172965,46481943308,49238182,12252029735,25172965,46225161989,47550310,12236565734,24927442,1666814939743]
10-27 01:39:00.059 13641 13641 I auditd  : type=1400 audit(0.0:1079337): avc: denied { search } for comm="RenderThread" name="battery" dev="sysfs" ino=6933 scontext=u:r:untrusted_app:s0:c72,c256,c512,c768 tcontext=u:object_r:sysfs_batteryinfo:s0 tclass=dir permissive=0
10-27 01:39:00.065  1002  1020 I am_pss  : [29629,10138,com.facebook.orca,114129920,106049536,178176,209915904,0,18,41]
10-27 01:39:04.080  1002  1101 I netstats_mobile_sample: [493246207,632677,126259966,543076,493246644,632682,126259812,543074,486377656,613114,125130969,526515,1666814944256]
10-27 01:39:04.090  1002  1101 I netstats_wifi_sample: [46481954467,49238364,12252190086,25173169,46481955191,49238372,12252188784,25173169,46225173072,47550491,12236724732,24927645,1666814944256]
10-27 01:39:04.098  1466  4248 I service_manager_stats: [100,91,34924]
10-27 01:39:04.134  1002  1102 I service_manager_stats: [100,92,24819]
10-27 01:39:04.418  1806  1806 I service_manager_stats: [200,484,404838]
10-27 01:39:08.803  1002  1101 I netstats_mobile_sample: [493246207,632677,126259966,543076,493246644,632682,126259812,543074,486377656,613114,125130969,526515,1666814948977]
10-27 01:39:08.816  1002  1101 I netstats_wifi_sample: [46481966999,49238566,12252349583,25173378,46481967723,49238574,12252348281,25173378,46225185091,47550687,12236884280,24927855,1666814948977]
10-27 01:39:13.580  1002  1101 I netstats_mobile_sample: [493246207,632677,126259966,543076,493246644,632682,126259812,543074,486377656,613114,125130969,526515,1666814953756]
10-27 01:39:13.590  1002  1101 I netstats_wifi_sample: [46481978361,49238753,12252508594,25173582,46481979085,49238761,12252507292,25173582,46225196349,47550872,12237043291,24928059,1666814953756]
10-27 01:39:15.404  1002  2714 I netstats_mobile_sample: [493246207,632677,126259966,543076,493246644,632682,126259812,543074,486377656,613114,125130969,526515,1666814955580]
10-27 01:39:15.419  1002  2714 I netstats_wifi_sample: [46481982805,49238823,12252561787,25173652,46481983529,49238831,12252560485,25173652,46225200689,47550943,12237097599,24928134,1666814955580]
10-27 01:39:18.312  1002  1101 I netstats_mobile_sample: [493246207,632677,126259966,543076,493246644,632682,126259812,543074,486377656,613114,125130969,526515,1666814958489]
10-27 01:39:18.323  1002  1101 I netstats_wifi_sample: [46481990531,49238950,12252667588,25173784,46481991255,49238958,12252666286,25173784,46225208159,47551066,12237202285,24928261,1666814958489]
10-27 01:39:23.267  1002  1101 I netstats_mobile_sample: [493246207,632677,126259966,543076,493246644,632682,126259812,543074,486377656,613114,125130969,526515,1666814963444]
10-27 01:39:23.278  1002  1101 I netstats_wifi_sample: [46482002496,49239143,12252827143,25173996,46482003220,49239151,12252825841,25173996,46225219660,47551254,12237361841,24928473,1666814963444]
10-27 01:39:25.508  1002  1021 I am_uid_idle: 10082
10-27 01:39:25.803  1002  1031 I commit_sys_config_file: [jobs,100]
10-27 01:39:25.840  1002  1031 I commit_sys_config_file: [jobs,31]
10-27 01:39:25.847  1002  1101 I netstats_mobile_sample: [493246207,632677,126259966,543076,493246644,632682,126259812,543074,486377656,613114,125130969,526515,1666814966024]
10-27 01:39:25.856  1002  1101 I netstats_wifi_sample: [46482079785,49239262,12252883524,25174121,46482080509,49239270,12252882222,25174121,46225297093,47551375,12237419336,24928603,1666814966024]
10-27 01:39:25.895  1002  1102 I service_manager_stats: [100,97,21760]
10-27 01:39:26.644  1002  1031 I commit_sys_config_file: [jobs,43]
10-27 01:39:26.742  1002  1031 I commit_sys_config_file: [jobs,82]
10-27 01:39:29.399  1002  1101 I netstats_mobile_sample: [493246207,632677,126259966,543076,493246644,632682,126259812,543074,486377656,613114,125130969,526515,1666814969575]
10-27 01:39:29.410  1002  1101 I netstats_wifi_sample: [46482097357,49239473,12253045175,25174336,46482098081,49239481,12253043873,25174336,46225313661,47551574,12237579873,24928813,1666814969575]
10-27 01:39:29.648  1466  1466 I service_manager_stats: [100,86,25549]
10-27 01:39:34.327  1002  1101 I netstats_mobile_sample: [493246207,632677,126259966,543076,493246644,632682,126259812,543074,486377656,613114,125130969,526515,1666814974504]
10-27 01:39:34.338  1002  1101 I netstats_wifi_sample: [46482109172,49239664,12253204681,25174548,46482109896,49239672,12253203379,25174548,46225324928,47551759,12237739327,24929024,1666814974504]
10-27 01:39:39.092  1002  1101 I netstats_mobile_sample: [493246207,632677,126259966,543076,493246644,632682,126259812,543074,486377656,613114,125130969,526515,1666814979269]
10-27 01:39:39.101  1002  1101 I netstats_wifi_sample: [46482121311,49239859,12253363617,25174748,46482121907,49239865,12253362163,25174746,46225336277,47551945,12237898368,24929226,1666814979269]
10-27 01:39:44.040  1002  1101 I netstats_mobile_sample: [493246207,632677,126259966,543076,493246644,632682,126259812,543074,486377656,613114,125130969,526515,1666814984217]
10-27 01:39:44.050  1002  1101 I netstats_wifi_sample: [46482133664,49240060,12253523124,25174960,46482134388,49240068,12253521822,25174960,46225348050,47552139,12238057821,24929437,1666814984217]
10-27 01:39:48.784  1002  1101 I netstats_mobile_sample: [493246207,632677,126259966,543076,493246644,632682,126259812,543074,486377656,613114,125130969,526515,1666814988960]
10-27 01:39:48.795  1002  1101 I netstats_wifi_sample: [46482145684,49240254,12253682392,25175167,46482146408,49240262,12253681090,25175167,46225359798,47552331,12238218000,24929646,1666814988960]
10-27 01:39:53.365  1002  1101 I netstats_mobile_sample: [493246207,632677,126259966,543076,493246644,632682,126259812,543074,486377656,613114,125130969,526515,1666814993542]
10-27 01:39:53.374  1002  1101 I netstats_wifi_sample: [46482157881,49240451,12253841527,25175371,46482158605,49240459,12253840225,25175371,46225371427,47552521,12238376225,24929848,1666814993542]
10-27 01:39:53.407  1002  1102 I service_manager_stats: [100,89,27513]
10-27 01:39:58.163  1002  1101 I netstats_mobile_sample: [493246207,632677,126259966,543076,493246644,632682,126259812,543074,486377656,613114,125130969,526515,1666814998340]
10-27 01:39:58.173  1002  1101 I netstats_wifi_sample: [46482170054,49240647,12254000844,25175578,46482170778,49240655,12253999542,25175578,46225383084,47552711,12238535541,24930055,1666814998340]
10-27 01:40:00.047 13641 13641 I auditd  : type=1400 audit(0.0:1079338): avc: denied { search } for comm="RenderThread" name="battery" dev="sysfs" ino=6933 scontext=u:r:untrusted_app:s0:c72,c256,c512,c768 tcontext=u:object_r:sysfs_batteryinfo:s0 tclass=dir permissive=0
10-27 01:40:00.076  1002  1020 I am_pss  : [32506,10127,com.facebook.katana,181842944,172886016,172032,281387008,0,18,52]
10-27 01:40:02.707  1002  1101 I netstats_mobile_sample: [493246207,632677,126259966,543076,493246644,632682,126259812,543074,486377656,613114,125130969,526515,1666815002884]
10-27 01:40:02.717  1002  1101 I netstats_wifi_sample: [46482181661,49240835,12254159555,25175775,46482182385,49240843,12254158253,25175775,46225394411,47552896,12238694305,24930253,1666815002884]
10-27 01:40:04.486  1466  1466 I service_manager_stats: [100,92,34838]
10-27 01:40:07.480  1002  1101 I netstats_mobile_sample: [493246207,632677,126259966,543076,493246644,632682,126259812,543074,486377656,613114,125130969,526515,1666815007657]
10-27 01:40:07.489  1002  1101 I netstats_wifi_sample: [46482193701,49241029,12254318889,25175983,46482194425,49241037,12254317587,25175983,46225406107,47553087,12238853586,24930460,1666815007657]
10-27 01:40:12.129  1002  1101 I netstats_mobile_sample: [493246207,632677,126259966,543076,493246644,632682,126259812,543074,486377656,613114,125130969,526515,1666815012306]
10-27 01:40:12.137  1002  1101 I netstats_wifi_sample: [46482205331,49241217,12254477786,25176184,46482206055,49241225,12254476484,25176184,46225417169,47553268,12239012535,24930662,1666815012306]
10-27 01:40:12.747  1002  1019 I battery_level: [60,4225,350]
10-27 01:40:13.825  1002  1020 I am_pss  : [19597,10051,com.google.android.googlequicksearchbox:search,80912384,72802304,185344,172478464,0,9,39]
10-27 01:40:14.054  1002  1088 I commit_sys_config_file: [settings-1-0,45]
10-27 01:40:17.021  1002  1101 I netstats_mobile_sample: [493246207,632677,126259966,543076,493246644,632682,126259812,543074,486377656,613114,125130969,526515,1666815017197]
10-27 01:40:17.031  1002  1101 I netstats_wifi_sample: [46482217388,49241412,12254637212,25176394,46482218112,49241420,12254635910,25176394,46225428814,47553459,12239171857,24930870,1666815017197]
10-27 01:40:21.733  1002  1101 I service_manager_stats: [100,92,28325]
10-27 01:40:21.851  1002  1101 I netstats_mobile_sample: [493246207,632677,126259966,543076,493246644,632682,126259812,543074,486377656,613114,125130969,526515,1666815022027]
10-27 01:40:21.868  1002  1101 I netstats_wifi_sample: [46482232680,49241614,12254797494,25176602,46482233404,49241622,12254796192,25176602,46225440248,47553646,12239333102,24931081,1666815022027]
10-27 01:40:26.365  1002  1101 I netstats_mobile_sample: [493246207,632677,126259966,543076,493246644,632682,126259812,543074,486377656,613114,125130969,526515,1666815026541]
10-27 01:40:26.376  1002  1101 I netstats_wifi_sample: [46482244278,49241801,12254956632,25176806,46482245002,49241809,12254955330,25176806,46225451630,47553831,12239492240,24931285,1666815026541]
10-27 01:40:31.002  1002  1101 I netstats_mobile_sample: [493246207,632677,126259966,543076,493246644,632682,126259812,543074,486377656,613114,125130969,526515,1666815031179]
10-27 01:40:31.012  1002  1101 I netstats_wifi_sample: [46482256256,49241992,12255116272,25177020,46482256852,49241998,12255114842,25177018,46225463156,47554016,12239650993,24931497,1666815031179]
10-27 01:40:35.638  1002  1101 I netstats_mobile_sample: [493246207,632677,126259966,543076,493246644,632682,126259812,543074,486377656,613114,125130969,526515,1666815035814]
10-27 01:40:35.648  1002  1101 I netstats_wifi_sample: [46482268415,49242190,12255275276,25177223,46482269139,49242198,12255273974,25177223,46225474671,47554206,12239809975,24931700,1666815035814]
10-27 01:40:40.005  1466  1466 I service_manager_stats: [100,95,35520]
10-27 01:40:40.442  1002  1101 I netstats_mobile_sample: [493246207,632677,126259966,543076,493246644,632682,126259812,543074,486377656,613114,125130969,526515,1666815040618]
10-27 01:40:40.453  1002  1101 I netstats_wifi_sample: [46482280564,49242387,12255434545,25177430,46482281288,49242395,12255433243,25177430,46225486408,47554399,12239970153,24931909,1666815040618]
10-27 01:40:45.071  1002  1101 I netstats_mobile_sample: [493246207,632677,126259966,543076,493246644,632682,126259812,543074,486377656,613114,125130969,526515,1666815045248]
10-27 01:40:45.084  1002  1101 I netstats_wifi_sample: [46482292502,49242580,12255593698,25177635,46482293174,49242587,12255592396,25177635,46225497778,47554585,12240128447,24932113,1666815045248]
10-27 01:40:46.677  1002  1033 I service_manager_stats: [100,102,24944]
10-27 01:40:50.019  1002  1101 I netstats_mobile_sample: [493246207,632677,126259966,543076,493246644,632682,126259812,543074,486377656,613114,125130969,526515,1666815050196]
10-27 01:40:50.030  1002  1101 I netstats_wifi_sample: [46482311075,49242800,12255753724,25177838,46482311799,49242808,12255752422,25177838,46225509322,47554774,12240288550,24932317,1666815050196]
10-27 01:40:54.915  1002  1101 I netstats_mobile_sample: [493246207,632677,126259966,543076,493246644,632682,126259812,543074,486377656,613114,125130969,526515,1666815055091]
10-27 01:40:54.925  1002  1101 I netstats_wifi_sample: [46482324395,49242998,12255912521,25178038,46482325119,49243006,12255911219,25178038,46225520632,47554960,12240447167,24932514,1666815055091]
10-27 01:40:57.962  1002  2130 I am_uid_active: 10065
10-27 01:40:58.371  1002  1002 I auditd  : type=1400 audit(0.0:1079339): avc: denied { read } for comm="android.bg" name="buffer_total_size_kb" dev="tracefs" ino=53 scontext=u:r:system_server:s0 tcontext=u:object_r:debugfs_tracing_debug:s0 tclass=file permissive=0
10-27 01:40:58.377  1002  1020 I am_meminfo: [527962112,59555840,357302272,636329984,658450432]
10-27 01:40:58.394  1002  1020 I am_pss  : [13641,10072,com.transsion.XOSLauncher,138611712,92166144,41110528,161005568,2,2,16]
10-27 01:40:58.407  1002  1020 I am_pss  : [7736,10072,com.transsion.XOSLauncher:BranchSearch,67042304,54374400,10228736,107753472,2,2,11]
10-27 01:40:58.422  1002  1020 I am_pss  : [12178,10073,com.google.android.inputmethod.latin,95098880,66657280,25708544,126824448,2,6,13]
10-27 01:40:58.431  1002  1020 I am_pss  : [21651,10118,com.android.chrome,58430464,40341504,12702720,63614976,2,2,7]
10-27 01:40:58.436  1002  1020 I am_pss  : [4251,10033,com.transsion.faceid,10056704,2950144,6681600,22847488,2,5,4]
10-27 01:40:58.443  1002  1020 I am_pss  : [13094,1000,com.transsion.screenrecord,20175872,10462208,8994816,28241920,2,5,5]
10-27 01:40:58.448  1002  1020 I am_pss  : [14330,99411,com.android.chrome:sandboxed_process0,6770688,1667072,2659328,11952128,2,2,3]
10-27 01:40:58.457  1002  1020 I am_pss  : [8792,10010,com.facebook.services,14822400,11534336,1665024,61534208,2,9,7]
10-27 01:40:58.474  1002  1020 I am_pss  : [23280,10207,com.twitter.android,76030976,65519616,180224,180686848,2,18,15]
10-27 01:40:58.491  1002  1020 I am_pss  : [26189,10015,com.google.android.gms.persistent,102970368,78049280,10061824,171548672,2,4,15]
10-27 01:40:58.507  1002  1020 I am_pss  : [26284,10015,com.google.android.gms,104097792,66401280,25547776,149393408,2,3,14]
10-27 01:40:58.517  1002  1020 I am_pss  : [15696,10082,com.hoffnung,8098816,4804608,225280,80306176,2,18,8]
10-27 01:40:58.522  1002  1020 I am_pss  : [14016,99777,com.android.chrome:sandboxed_process0,17781760,1929216,14641152,9527296,2,3,4]
10-27 01:40:58.531  1002  1020 I am_pss  : [2019,10031,com.transsion.plat.appupdate,28626944,17534976,9696256,65568768,2,5,7]
10-27 01:40:58.540  1002  1020 I am_pss  : [10130,10031,com.transsion.plat.appupdate.ui,22808576,17145856,3690496,77062144,2,9,8]
10-27 01:40:58.560  1002  1020 I am_pss  : [14474,10086,com.transsion.phonemaster,230384640,101685248,124958720,128737280,2,3,17]
10-27 01:40:58.574  1002  1020 I am_pss  : [13995,10137,com.whatsapp,44913664,38764544,188416,136413184,2,18,12]
10-27 01:40:58.583  1002  1020 I am_pss  : [14713,99415,com.android.chrome:sandboxed_process0,84342784,21180416,61578240,29478912,2,3,7]
10-27 01:40:58.589  1002  1020 I am_pss  : [1090,1000,com.transsion.phonemanager,5516288,253952,4837376,22732800,2,3,4]
10-27 01:40:58.599  1002  1020 I am_pss  : [30131,10028,android.process.acore,16790528,13045760,202752,90783744,2,18,8]
10-27 01:40:58.620  1002  1020 I am_pss  : [16135,10416,com.instagram.android,130962432,124147712,178176,224768000,2,18,19]
10-27 01:40:58.629  1002  1020 I am_pss  : [2796,10015,com.google.process.gservices,8155136,4915200,239616,76644352,2,18,8]
10-27 01:40:58.642  1002  1020 I am_pss  : [18539,1000,com.android.settings,134557696,16166912,115732480,78999552,2,3,11]
10-27 01:40:58.655  1002  1020 I am_pss  : [16258,10047,com.google.android.apps.wellbeing,64476160,47195136,14596096,98938880,2,3,12]
10-27 01:40:58.661  1002  1020 I am_pss  : [17357,1000,com.mediatek.schpwronoff,4410368,229376,3738624,23027712,2,3,4]
10-27 01:40:58.677  1002  1020 I am_pss  : [19597,10051,com.google.android.googlequicksearchbox:search,80910336,72802304,185344,172478464,2,9,15]
10-27 01:40:58.689  1002  1020 I am_pss  : [22587,10051,com.google.android.googlequicksearchbox:interactor,59878400,18853888,39698432,55418880,2,4,10]
10-27 01:40:58.713  1002  1020 I am_pss  : [32506,10127,com.facebook.katana,181854208,172898304,172032,281399296,2,18,22]
10-27 01:40:58.727  1002  1020 I am_pss  : [23361,10026,com.android.vending,56050688,51138560,183296,143437824,2,18,12]
10-27 01:40:58.746  1002  1020 I am_pss  : [29629,10138,com.facebook.orca,114118656,106057728,178176,209903616,2,18,17]
10-27 01:40:58.754  1002  1020 I am_pss  : [1862,10110,com.transsion.applock,52080640,13544448,37100544,47276032,2,5,6]
10-27 01:40:58.762  1002  1020 I am_pss  : [3660,10012,android.process.media,15875072,3256320,11911168,34267136,2,4,5]
10-27 01:40:58.774  1002  1020 I am_pss  : [28397,10106,com.google.android.videos,25029632,18550784,192512,108896256,2,18,10]
10-27 01:40:58.783  1002  1020 I am_pss  : [15299,10015,com.google.process.gapps,6734848,3678208,250880,72945664,2,18,7]
10-27 01:40:58.798  1002  1020 I am_pss  : [22213,10153,com.truecaller,67875840,54059008,8672256,143261696,2,9,13]
10-27 01:40:58.804  1002  1020 I am_pss  : [22510,99113,com.android.chrome:sandboxed_process0,5243904,348160,3799040,17043456,2,9,4]
10-27 01:40:58.810  1002  1020 I am_pss  : [27129,10118,com.android.chrome:privileged_process0,12771328,4983808,3433472,22106112,2,2,5]
10-27 01:40:58.818  1002  1020 I am_pss  : [10861,10041,com.google.android.ims,20217856,14069760,5206016,51122176,2,0,6]
10-27 01:40:58.825  1002  1020 I am_pss  : [1497,1000,com.transsion.policycenter,20937728,13639680,6451200,48553984,2,4,6]
10-27 01:40:58.831  1002  1020 I am_pss  : [1605,10032,com.google.android.ext.services,20859904,7831552,12542976,31522816,2,4,5]
10-27 01:40:58.839  1002  1020 I am_pss  : [30047,10058,com.transsion.ivoice,15854592,4816896,10173440,39886848,2,3,6]
10-27 01:40:58.846  1002  1020 I am_pss  : [2043,10033,com.transsion.magazineservice,11307008,4632576,5852160,36003840,2,5,5]
10-27 01:40:58.854  1002  1020 I am_pss  : [3548,10085,com.transsion.aibox,21657600,10620928,10007552,49762304,2,4,7]
10-27 01:40:58.860  1002  1020 I am_pss  : [4887,1000,com.transsion.powercenter:pms,11707392,2576384,8604672,27398144,2,3,5]
10-27 01:40:58.867  1002  1020 I am_pss  : [3604,10037,com.jupiter.tornado,22368256,3497984,18315264,30552064,2,5,6]
10-27 01:40:58.874  1002  1020 I am_pss  : [23779,1000,com.transsion.videocallenhancer,16537600,7147520,8859648,25903104,2,3,5]
10-27 01:40:58.879  1002  1020 I am_pss  : [2772,10631,nu.lower.brightness.pro:acc,15893504,7761920,7706624,23015424,2,4,4]
10-27 01:40:58.884  1002  1020 I am_pss  : [2499,10099,com.android.smspush,3890176,237568,3292160,20049920,2,5,3]
10-27 01:40:58.890  1002  1020 I am_pss  : [2282,1000,com.transsion.batterylab,5330944,212992,4718592,21856256,2,0,4]
10-27 01:40:58.895  1002  1020 I am_pss  : [2268,1068,com.android.se,4710400,229376,4094976,20877312,2,0,4]
10-27 01:40:58.902  1002  1020 I am_pss  : [2245,10075,com.transsion.camera,60068864,1024000,58507264,25731072,2,0,6]
10-27 01:40:58.908  1002  1020 I am_pss  : [8482,1000,com.transsion.statisticalsales,4844544,221184,4249600,20819968,2,0,3]
10-27 01:40:58.915  1002  1020 I am_pss  : [1756,1001,com.mediatek.ims,23206912,6176768,16188416,36950016,2,0,6]
10-27 01:40:58.925  1002  1020 I am_pss  : [1466,1001,com.android.phone,51390464,33667072,16315392,67321856,2,0,8]
10-27 01:40:58.930  1002  1020 I am_pss  : [1453,10006,se.dirac.acs,5869568,319488,5090304,23949312,2,0,4]
10-27 01:40:58.946  1002  1020 I am_pss  : [1806,10033,com.android.systemui,113435648,69396480,39421952,139698176,2,0,14]
10-27 01:40:58.968  1002  1020 I am_pss  : [1002,1000,system,193238016,169601024,16678912,238518272,2,0,20]
10-27 01:40:58.976  1002  1020 I commit_sys_config_file: [procstats,27]
10-27 01:40:59.655  1002  1101 I netstats_mobile_sample: [493246207,632677,126259966,543076,493246644,632682,126259812,543074,486377656,613114,125130969,526515,1666815059830]
10-27 01:40:59.670  1002  1101 I netstats_wifi_sample: [46482336552,49243194,12256071398,25178237,46482337224,49243201,12256070096,25178237,46225532253,47555150,12240605992,24932712,1666815059830]
10-27 01:41:00.059 13641 13641 I auditd  : type=1400 audit(0.0:1079340): avc: denied { search } for comm="RenderThread" name="battery" dev="sysfs" ino=6933 scontext=u:r:untrusted_app:s0:c72,c256,c512,c768 tcontext=u:object_r:sysfs_batteryinfo:s0 tclass=dir permissive=0
10-27 01:41:04.195  1002  1101 I netstats_mobile_sample: [493246207,632677,126259966,543076,493246644,632682,126259812,543074,486377656,613114,125130969,526515,1666815064373]
10-27 01:41:04.203  1002  1101 I netstats_wifi_sample: [46482348451,49243384,12256230105,25178434,46482349123,49243391,12256228803,25178434,46225543344,47555330,12240764930,24932913,1666815064373]
10-27 01:41:08.717  1002  1101 I netstats_mobile_sample: [493246207,632677,126259966,543076,493246644,632682,126259812,543074,486377656,613114,125130969,526515,1666815068894]
10-27 01:41:08.727  1002  1101 I netstats_wifi_sample: [46482360663,49243581,12256389268,25178637,46482361387,49243589,12256387966,25178637,46225555012,47555520,12240923966,24933114,1666815068894]
10-27 01:41:11.452  1466  1466 I service_manager_stats: [100,96,31447]
10-27 01:41:13.558  1002  1101 I netstats_mobile_sample: [493246207,632677,126259966,543076,493246644,632682,126259812,543074,486377656,613114,125130969,526515,1666815073735]
10-27 01:41:13.567  1002  1101 I netstats_wifi_sample: [46482371780,49243762,12256548114,25178838,46482372504,49243770,12256546812,25178838,46225565803,47555697,12241082811,24933315,1666815073735]
10-27 01:41:13.602  1002  1102 I service_manager_stats: [100,103,26925]
10-27 01:41:18.302  1002  1101 I netstats_mobile_sample: [493246207,632677,126259966,543076,493246644,632682,126259812,543074,486377656,613114,125130969,526515,1666815078478]
10-27 01:41:18.317  1002  1101 I netstats_wifi_sample: [46482384037,49243959,12256707175,25179040,46482384761,49243967,12256705873,25179040,46225577448,47555888,12241241820,24933516,1666815078478]
10-27 01:41:23.180  1002  1101 I netstats_mobile_sample: [493246207,632677,126259966,543076,493246644,632682,126259812,543074,486377656,613114,125130969,526515,1666815083356]
10-27 01:41:23.190  1002  1101 I netstats_wifi_sample: [46482396094,49244153,12256866518,25179248,46482396818,49244161,12256865216,25179248,46225588897,47556075,12241401216,24933725,1666815083356]
10-27 01:41:27.896  1002  1101 I netstats_mobile_sample: [493246207,632677,126259966,543076,493246644,632682,126259812,543074,486377656,613114,125130969,526515,1666815088073]
10-27 01:41:27.907  1002  1101 I netstats_wifi_sample: [46482408050,49244345,12257025628,25179451,46482408774,49244353,12257024326,25179451,46225600337,47556261,12241560378,24933929,1666815088073]
10-27 01:41:32.623  1002  1101 I netstats_mobile_sample: [493246207,632677,126259966,543076,493246644,632682,126259812,543074,486377656,613114,125130969,526515,1666815092799]
10-27 01:41:32.634  1002  1101 I netstats_wifi_sample: [46482419921,49244539,12257184759,25179656,46482420645,49244547,12257183457,25179656,46225611876,47556451,12241719458,24934133,1666815092799]
10-27 01:41:37.508  1002  1101 I netstats_mobile_sample: [493246207,632677,126259966,543076,493246644,632682,126259812,543074,486377656,613114,125130969,526515,1666815097685]
10-27 01:41:37.520  1002  1101 I netstats_wifi_sample: [46482432023,49244731,12257344713,25179850,46482432747,49244739,12257343411,25179850,46225623654,47556640,12241879411,24934327,1666815097685]
10-27 01:41:42.184  1002  1101 I netstats_mobile_sample: [493246207,632677,126259966,543076,493246644,632682,126259812,543074,486377656,613114,125130969,526515,1666815102361]
10-27 01:41:42.199  1002  1101 I netstats_wifi_sample: [46482443938,49244927,12257503414,25180048,46482444662,49244935,12257502112,25180048,46225635337,47556833,12242038163,24934526,1666815102361]
10-27 01:41:42.210  1002  1102 I service_manager_stats: [100,101,28609]
10-27 01:41:42.766  1466  1466 I service_manager_stats: [100,95,31313]
10-27 01:41:47.038  1002  1101 I netstats_mobile_sample: [493246207,632677,126259966,543076,493246644,632682,126259812,543074,486377656,613114,125130969,526515,1666815107214]
10-27 01:41:47.048  1002  1101 I netstats_wifi_sample: [46482455210,49245109,12257662318,25180249,46482455806,49245115,12257661016,25180249,46225646557,47557016,12242196964,24934725,1666815107214]
10-27 01:41:51.434  1002  1101 I netstats_mobile_sample: [493246207,632677,126259966,543076,493246644,632682,126259812,543074,486377656,613114,125130969,526515,1666815111612]
10-27 01:41:51.444  1002  1101 I netstats_wifi_sample: [46482466673,49245293,12257816280,25180442,46482467397,49245301,12257814978,25180442,46225657684,47557197,12242351830,24934922,1666815111612]
10-27 01:41:54.889  1002  1101 I netstats_mobile_sample: [493246207,632677,126259966,543076,493246644,632682,126259812,543074,486377656,613114,125130969,526515,1666815115065]
10-27 01:41:54.899  1002  1101 I netstats_wifi_sample: [46482476314,49245454,12257968876,25180613,46482477038,49245462,12257967522,25180612,46225667453,47557360,12242504636,24935094,1666815115065]
10-27 01:41:55.208  1002  1145 I battery_level: [61,4238,350]
10-27 01:41:56.496  1002  1088 I commit_sys_config_file: [settings-1-0,47]
10-27 01:41:57.977  1002  1021 I am_uid_idle: 10065
10-27 01:41:59.740  1002  1101 I netstats_mobile_sample: [493246207,632677,126259966,543076,493246644,632682,126259812,543074,486377656,613114,125130969,526515,1666815119916]
10-27 01:41:59.751  1002  1101 I netstats_wifi_sample: [46482488283,49245646,12258127964,25180817,46482489007,49245654,12258126662,25180817,46225678574,47557542,12242662662,24935294,1666815119916]
10-27 01:42:00.059 13641 13641 I auditd  : type=1400 audit(0.0:1079341): avc: denied { search } for comm="RenderThread" name="battery" dev="sysfs" ino=6933 scontext=u:r:untrusted_app:s0:c72,c256,c512,c768 tcontext=u:object_r:sysfs_batteryinfo:s0 tclass=dir permissive=0
10-27 01:42:04.443  1002  1101 I netstats_mobile_sample: [493246207,632677,126259966,543076,493246644,632682,126259812,543074,486377656,613114,125130969,526515,1666815124620]
10-27 01:42:04.454  1002  1101 I netstats_wifi_sample: [46482503508,49245849,12258287021,25181021,46482504232,49245857,12258285719,25181021,46225690057,47557730,12242821718,24935498,1666815124620]
10-27 01:42:04.836  1002  1002 I am_uid_running: 10077
10-27 01:42:04.921  1002  1025 I am_proc_start: [0,6909,10077,com.facebook.appmanager,service,com.facebook.appmanager/com.facebook.analytics2.logger.LollipopUploadService]
10-27 01:42:04.959  6909  6909 I auditd  : type=1400 audit(0.0:1079342): avc: denied { read } for comm="re-initialized>" name="u:object_r:mtk_amslog_prop:s0" dev="tmpfs" ino=7331 scontext=u:r:untrusted_app:s0:c77,c256,c512,c768 tcontext=u:object_r:mtk_amslog_prop:s0 tclass=file permissive=0
10-27 01:42:04.967  1002  1013 I am_proc_bound: [0,6909,com.facebook.appmanager]
10-27 01:42:05.589  1002  1013 I am_uid_running: 10021
10-27 01:42:05.613  1002  1025 I am_proc_start: [0,6951,10021,com.facebook.system,content provider,com.facebook.system/com.facebook.oxygen.installer.api.AppManagerApiProvider]
10-27 01:42:05.663  6951  6951 I auditd  : type=1400 audit(0.0:1079343): avc: denied { read } for comm="re-initialized>" name="u:object_r:mtk_amslog_prop:s0" dev="tmpfs" ino=7331 scontext=u:r:priv_app:s0:c512,c768 tcontext=u:object_r:mtk_amslog_prop:s0 tclass=file permissive=0
10-27 01:42:05.672  1002  2714 I am_proc_bound: [0,6951,com.facebook.system]
10-27 01:42:06.957  1002  1002 I commit_sys_config_file: [notification-policy,28]
