10-27 01:50:44.525  1002  1101 I NetworkStatsRecorder: recordSnapshotLocked: ident[[{type=WIFI, subType=COMBINED, networkId="Connect Me 5_1", metered=false, defaultNetwork=true}]]
10-27 01:50:44.526  1002  1101 I chatty  : uid=1000(system) NetworkStats identical 2 lines
10-27 01:50:44.526  1002  1101 I NetworkStatsRecorder: recordSnapshotLocked: ident[[{type=WIFI, subType=COMBINED, networkId="Connect Me 5_1", metered=false, defaultNetwork=true}]]
10-27 01:50:44.526  1002  1101 W NetworkStatsRecorder: unknown interfaces [ccmni-lan, p2p0, lo, ccmni2, ccmni1], ignoring those stats
10-27 01:50:44.530  1002  1101 I NetworkStatsRecorder: recordSnapshotLocked: ident[[{type=WIFI, subType=COMBINED, networkId="Connect Me 5_1", metered=false, defaultNetwork=true}]]
10-27 01:50:44.531  1002  1101 I NetworkStatsRecorder: recordSnapshotLocked: ident[[{type=WIFI, subType=COMBINED, networkId="Connect Me 5_1", metered=false, defaultNetwork=true}]]
10-27 01:50:44.531  1002  1101 W NetworkStatsRecorder: unknown interfaces [ccmni-lan, p2p0, lo, ccmni2, ccmni1], ignoring those stats
10-27 01:50:44.531  1002  1101 D NetworkStatsRecorder: forcePersistLocked() writing for dev
10-27 01:50:44.594  1002  1101 D NetworkStatsRecorder: forcePersistLocked() writing for xt
10-27 01:50:44.612  1002  1101 I netstats_mobile_sample: [493246207,632677,126259966,543076,493246644,632682,126259812,543074,486377656,613114,125130969,526515,1666815645043]
10-27 01:50:44.621  1002  1101 I netstats_wifi_sample: [46520113013,49303882,12283024580,25226214,46520113737,49303890,12283023278,25226214,46263183953,47614928,12267558292,24980661,1666815645043]
10-27 01:50:45.210  1497  1554 I PowerMonitorHookClient: unkown network interface:lo
10-27 01:50:45.210  1497  1554 I chatty  : uid=1000(system) PowerMonitor identical 1 line
10-27 01:50:45.211  1497  1554 I PowerMonitorHookClient: unkown network interface:lo
10-27 01:50:45.324  1002  1033 D ProcessManager.SC: mem= 988, lowmem=true
10-27 01:50:45.841  1002  1033 D ProcessManager: Get SplitScreen App:null
10-27 01:50:47.534  1002  1101 I NetworkStatsRecorder: recordSnapshotLocked: ident[[{type=WIFI, subType=COMBINED, networkId="Connect Me 5_1", metered=false, defaultNetwork=true}]]
10-27 01:50:47.534  1002  1101 W NetworkStatsRecorder: unknown interfaces [ccmni-lan, p2p0, lo, ccmni2, ccmni1], ignoring those stats
10-27 01:50:47.534  1002  1101 I NetworkStatsRecorder: recordSnapshotLocked: ident[[{type=WIFI, subType=COMBINED, networkId="Connect Me 5_1", metered=false, defaultNetwork=true}]]
10-27 01:50:47.534  1002  1101 W NetworkStatsRecorder: unknown interfaces [ccmni-lan, p2p0, lo, ccmni2, ccmni1], ignoring those stats
10-27 01:50:47.539  1002  1101 I NetworkStatsRecorder: recordSnapshotLocked: ident[[{type=WIFI, subType=COMBINED, networkId="Connect Me 5_1", metered=false, defaultNetwork=true}]]
10-27 01:50:47.540  1002  1101 I chatty  : uid=1000(system) NetworkStats identical 1 line
10-27 01:50:47.540  1002  1101 I NetworkStatsRecorder: recordSnapshotLocked: ident[[{type=WIFI, subType=COMBINED, networkId="Connect Me 5_1", metered=false, defaultNetwork=true}]]
10-27 01:50:47.541  1002  1101 W NetworkStatsRecorder: unknown interfaces [ccmni-lan, p2p0, lo, ccmni2, ccmni1], ignoring those stats
10-27 01:50:47.545  1002  1101 W NetworkStatsRecorder: unknown interfaces [ccmni-lan, p2p0, lo, ccmni2, ccmni1], ignoring those stats
10-27 01:50:47.545  1002  1101 D NetworkStatsRecorder: forcePersistLocked() writing for dev
10-27 01:50:47.562  1002  1101 D NetworkStatsRecorder: forcePersistLocked() writing for xt
10-27 01:50:47.577  1002  1101 I netstats_mobile_sample: [493246207,632677,126259966,543076,493246644,632682,126259812,543074,486377656,613114,125130969,526515,1666815648009]
10-27 01:50:47.584  1002  1101 I netstats_wifi_sample: [46520127410,49304105,12283187786,25226421,46520127954,49304110,12283186484,25226421,46263196786,47615136,12267720440,24980864,1666815648009]
10-27 01:50:48.032  1466  1466 I service_manager_stats: [100,72,30795]
10-27 01:50:48.390  1002  1033 D ProcessManager.SC: mem= 988, lowmem=true
10-27 01:50:48.897  1002  1033 D ProcessManager: Get SplitScreen App:null
10-27 01:50:49.068  1002  1002 I MWN     : onSignalStrengthsChanged...
10-27 01:50:49.074  1002  1002 I MWN     : network type = 1
10-27 01:50:49.074  1002  1002 I MWN     : Write 0 to node. type=Wi-Fi mSimExist=true mFlightMode=false
10-27 01:50:49.076  1002  1002 I MWN     : write the value:0 to node successfully.
10-27 01:50:50.184  7753  7753 I auditd  : type=1400 audit(0.0:1079450): avc: denied { search } for comm="RenderThread" name="battery" dev="sysfs" ino=6933 scontext=u:r:untrusted_app:s0:c131,c258,c512,c768 tcontext=u:object_r:sysfs_batteryinfo:s0 tclass=dir permissive=0
10-27 01:50:51.461  1002  1033 D ProcessManager.SC: mem= 987, lowmem=true
10-27 01:50:51.667  1002  1101 I NetworkStatsRecorder: recordSnapshotLocked: ident[[{type=WIFI, subType=COMBINED, networkId="Connect Me 5_1", metered=false, defaultNetwork=true}]]
10-27 01:50:51.668  1002  1101 W NetworkStatsRecorder: unknown interfaces [ccmni-lan, p2p0, lo, ccmni2, ccmni1], ignoring those stats
10-27 01:50:51.668  1002  1101 I NetworkStatsRecorder: recordSnapshotLocked: ident[[{type=WIFI, subType=COMBINED, networkId="Connect Me 5_1", metered=false, defaultNetwork=true}]]
10-27 01:50:51.668  1002  1101 W NetworkStatsRecorder: unknown interfaces [ccmni-lan, p2p0, lo, ccmni2, ccmni1], ignoring those stats
10-27 01:50:51.672  1002  1101 I NetworkStatsRecorder: recordSnapshotLocked: ident[[{type=WIFI, subType=COMBINED, networkId="Connect Me 5_1", metered=false, defaultNetwork=true}]]
10-27 01:50:51.672  1002  1101 I chatty  : uid=1000(system) NetworkStats identical 2 lines
10-27 01:50:51.673  1002  1101 I NetworkStatsRecorder: recordSnapshotLocked: ident[[{type=WIFI, subType=COMBINED, networkId="Connect Me 5_1", metered=false, defaultNetwork=true}]]
10-27 01:50:51.673  1002  1101 W NetworkStatsRecorder: unknown interfaces [ccmni-lan, p2p0, lo, ccmni2, ccmni1], ignoring those stats
10-27 01:50:51.678  1002  1101 W NetworkStatsRecorder: unknown interfaces [ccmni-lan, p2p0, lo, ccmni2, ccmni1], ignoring those stats
10-27 01:50:51.678  1002  1101 D NetworkStatsRecorder: forcePersistLocked() writing for dev
10-27 01:50:51.695  1002  1101 D NetworkStatsRecorder: forcePersistLocked() writing for xt
10-27 01:50:51.712  1002  1101 I netstats_mobile_sample: [493246207,632677,126259966,543076,493246644,632682,126259812,543074,486377656,613114,125130969,526515,1666815652143]
10-27 01:50:51.721  1002  1101 I netstats_wifi_sample: [46520141446,49304324,12283310531,25226612,46520142170,49304332,12283309229,25226612,46263211070,47615359,12267844243,24981059,1666815652143]
10-27 01:50:51.970  1002  1033 D ProcessManager: Get SplitScreen App:null
10-27 01:50:53.600   567   672 E storaged: getDiskStats failed with result NOT_SUPPORTED and size 0
10-27 01:50:54.185  1002  1002 I MWN     : onSignalStrengthsChanged...
10-27 01:50:54.191  1002  1002 I MWN     : network type = 1
10-27 01:50:54.191  1002  1002 I MWN     : Write 0 to node. type=Wi-Fi mSimExist=true mFlightMode=false
10-27 01:50:54.194  1002  1002 I MWN     : write the value:0 to node successfully.
10-27 01:50:54.468  1002  1033 W ProcessCpuTracker: Skipping unknown process pid 12284
10-27 01:50:54.520  1002  1033 D ProcessManager.SC: mem= 985, lowmem=true
10-27 01:50:54.648  1002  1101 I NetworkStatsRecorder: recordSnapshotLocked: ident[[{type=WIFI, subType=COMBINED, networkId="Connect Me 5_1", metered=false, defaultNetwork=true}]]
10-27 01:50:54.649  1002  1101 W NetworkStatsRecorder: unknown interfaces [ccmni-lan, p2p0, lo, ccmni2, ccmni1], ignoring those stats
10-27 01:50:54.649  1002  1101 I NetworkStatsRecorder: recordSnapshotLocked: ident[[{type=WIFI, subType=COMBINED, networkId="Connect Me 5_1", metered=false, defaultNetwork=true}]]
10-27 01:50:54.649  1002  1101 W NetworkStatsRecorder: unknown interfaces [ccmni-lan, p2p0, lo, ccmni2, ccmni1], ignoring those stats
10-27 01:50:54.653  1002  1101 I NetworkStatsRecorder: recordSnapshotLocked: ident[[{type=WIFI, subType=COMBINED, networkId="Connect Me 5_1", metered=false, defaultNetwork=true}]]
10-27 01:50:54.655  1002  1101 W NetworkStatsRecorder: unknown interfaces [ccmni-lan, p2p0, lo, ccmni2, ccmni1], ignoring those stats
10-27 01:50:54.660  1002  1101 W NetworkStatsRecorder: unknown interfaces [ccmni-lan, p2p0, lo, ccmni2, ccmni1], ignoring those stats
10-27 01:50:54.660  1002  1101 D NetworkStatsRecorder: forcePersistLocked() writing for dev
10-27 01:50:54.680  1002  1101 D NetworkStatsRecorder: forcePersistLocked() writing for xt
10-27 01:50:54.702  1002  1101 I netstats_mobile_sample: [493246207,632677,126259966,543076,493246644,632682,126259812,543074,486377656,613114,125130969,526515,1666815655133]
10-27 01:50:54.711  1002  1101 I netstats_wifi_sample: [46520154844,49304541,12283472838,25226819,46520155568,49304549,12283471536,25226819,46263224200,47615573,12268006550,24981266,1666815655133]
10-27 01:50:55.029  1002  1033 D ProcessManager: Get SplitScreen App:null
10-27 01:50:55.213  1497  1554 I PowerMonitorHookClient: unkown network interface:lo
10-27 01:50:55.213  1497  1554 I chatty  : uid=1000(system) PowerMonitor identical 1 line
10-27 01:50:55.213  1497  1554 I PowerMonitorHookClient: unkown network interface:lo
10-27 01:50:55.252 26189  3891 I c2dm    : [-7,,12,8]
10-27 01:50:57.536  1002  1033 W ProcessCpuTracker: Skipping unknown process pid 12300
10-27 01:50:57.537  1002  1033 W ProcessCpuTracker: Skipping unknown process pid 12308
10-27 01:50:57.581  1002  1033 D ProcessManager.SC: mem= 984, lowmem=true
10-27 01:50:58.091  1002  1033 D ProcessManager: Get SplitScreen App:null
10-27 01:50:58.749  1002  1101 I NetworkStatsRecorder: recordSnapshotLocked: ident[[{type=WIFI, subType=COMBINED, networkId="Connect Me 5_1", metered=false, defaultNetwork=true}]]
10-27 01:50:58.749  1002  1101 W NetworkStatsRecorder: unknown interfaces [ccmni-lan, p2p0, lo, ccmni2, ccmni1], ignoring those stats
10-27 01:50:58.749  1002  1101 I NetworkStatsRecorder: recordSnapshotLocked: ident[[{type=WIFI, subType=COMBINED, networkId="Connect Me 5_1", metered=false, defaultNetwork=true}]]
10-27 01:50:58.749  1002  1101 W NetworkStatsRecorder: unknown interfaces [ccmni-lan, p2p0, lo, ccmni2, ccmni1], ignoring those stats
10-27 01:50:58.754  1002  1101 I NetworkStatsRecorder: recordSnapshotLocked: ident[[{type=WIFI, subType=COMBINED, networkId="Connect Me 5_1", metered=false, defaultNetwork=true}]]
10-27 01:50:58.755  1002  1101 I chatty  : uid=1000(system) NetworkStats identical 3 lines
10-27 01:50:58.756  1002  1101 I NetworkStatsRecorder: recordSnapshotLocked: ident[[{type=WIFI, subType=COMBINED, networkId="Connect Me 5_1", metered=false, defaultNetwork=true}]]
10-27 01:50:58.756  1002  1101 W NetworkStatsRecorder: unknown interfaces [ccmni-lan, p2p0, lo, ccmni2, ccmni1], ignoring those stats
10-27 01:50:58.760  1002  1101 I NetworkStatsRecorder: recordSnapshotLocked: ident[[{type=WIFI, subType=COMBINED, networkId="Connect Me 5_1", metered=false, defaultNetwork=true}]]
10-27 01:50:58.761  1002  1101 I NetworkStatsRecorder: recordSnapshotLocked: ident[[{type=WIFI, subType=COMBINED, networkId="Connect Me 5_1", metered=false, defaultNetwork=true}]]
10-27 01:50:58.761  1002  1101 W NetworkStatsRecorder: unknown interfaces [ccmni-lan, p2p0, lo, ccmni2, ccmni1], ignoring those stats
10-27 01:50:58.761  1002  1101 D NetworkStatsRecorder: forcePersistLocked() writing for dev
10-27 01:50:58.778  1002  1101 D NetworkStatsRecorder: forcePersistLocked() writing for xt
10-27 01:50:58.794  1002  1101 I netstats_mobile_sample: [493246207,632677,126259966,543076,493246644,632682,126259812,543074,486377656,613114,125130969,526515,1666815659225]
10-27 01:50:58.802  1002  1101 I netstats_wifi_sample: [46520171623,49304781,12283597293,25227022,46520172347,49304789,12283595991,25227022,46263240099,47615803,12268131005,24981469,1666815659225]
10-27 01:50:59.308  1002  1002 I MWN     : onSignalStrengthsChanged...
10-27 01:50:59.312  1002  1002 I MWN     : network type = 1
10-27 01:50:59.312  1002  1002 I MWN     : Write 0 to node. type=Wi-Fi mSimExist=true mFlightMode=false
10-27 01:50:59.314  1002  1002 I MWN     : write the value:0 to node successfully.
10-27 01:51:00.192  7753  7753 I auditd  : type=1400 audit(0.0:1079451): avc: denied { search } for comm="RenderThread" name="battery" dev="sysfs" ino=6933 scontext=u:r:untrusted_app:s0:c131,c258,c512,c768 tcontext=u:object_r:sysfs_batteryinfo:s0 tclass=dir permissive=0
10-27 01:51:00.654  1002  1033 D ProcessManager.SC: mem= 982, lowmem=true
10-27 01:51:01.161  1002  1033 D ProcessManager: Get SplitScreen App:null
10-27 01:51:01.782  1002  1101 I NetworkStatsRecorder: recordSnapshotLocked: ident[[{type=WIFI, subType=COMBINED, networkId="Connect Me 5_1", metered=false, defaultNetwork=true}]]
10-27 01:51:01.783  1002  1101 W NetworkStatsRecorder: unknown interfaces [ccmni-lan, p2p0, lo, ccmni2, ccmni1], ignoring those stats
10-27 01:51:01.783  1002  1101 I NetworkStatsRecorder: recordSnapshotLocked: ident[[{type=WIFI, subType=COMBINED, networkId="Connect Me 5_1", metered=false, defaultNetwork=true}]]
10-27 01:51:01.783  1002  1101 W NetworkStatsRecorder: unknown interfaces [ccmni-lan, p2p0, lo, ccmni2, ccmni1], ignoring those stats
10-27 01:51:01.788  1002  1101 I NetworkStatsRecorder: recordSnapshotLocked: ident[[{type=WIFI, subType=COMBINED, networkId="Connect Me 5_1", metered=false, defaultNetwork=true}]]
10-27 01:51:01.789  1002  1101 I chatty  : uid=1000(system) NetworkStats identical 1 line
10-27 01:51:01.790  1002  1101 I NetworkStatsRecorder: recordSnapshotLocked: ident[[{type=WIFI, subType=COMBINED, networkId="Connect Me 5_1", metered=false, defaultNetwork=true}]]
10-27 01:51:01.790  1002  1101 W NetworkStatsRecorder: unknown interfaces [ccmni-lan, p2p0, lo, ccmni2, ccmni1], ignoring those stats
10-27 01:51:01.795  1002  1101 W NetworkStatsRecorder: unknown interfaces [ccmni-lan, p2p0, lo, ccmni2, ccmni1], ignoring those stats
10-27 01:51:01.795  1002  1101 D NetworkStatsRecorder: forcePersistLocked() writing for dev
10-27 01:51:01.812  1002  1101 D NetworkStatsRecorder: forcePersistLocked() writing for xt
10-27 01:51:01.833  1002  1101 I netstats_mobile_sample: [493246207,632677,126259966,543076,493246644,632682,126259812,543074,486377656,613114,125130969,526515,1666815662265]
10-27 01:51:01.841  1002  1101 I netstats_wifi_sample: [46520184697,49304992,12283760742,25227229,46520185421,49305000,12283759440,25227229,46263252609,47616004,12268294454,24981676,1666815662265]
10-27 01:51:03.711  1002  1033 D ProcessManager.SC: mem= 978, lowmem=true
10-27 01:51:04.219  1002  1033 D ProcessManager: Get SplitScreen App:null
10-27 01:51:04.428  1002  1002 I MWN     : onSignalStrengthsChanged...
10-27 01:51:04.436  1002  1002 I MWN     : network type = 1
10-27 01:51:04.436  1002  1002 I MWN     : Write 0 to node. type=Wi-Fi mSimExist=true mFlightMode=false
10-27 01:51:04.439  1002  1002 I MWN     : write the value:0 to node successfully.
10-27 01:51:06.189  1002  1101 I service_manager_stats: [100,78,22239]
10-27 01:51:06.265  1002  1101 I NetworkStatsRecorder: recordSnapshotLocked: ident[[{type=WIFI, subType=COMBINED, networkId="Connect Me 5_1", metered=false, defaultNetwork=true}]]
10-27 01:51:06.265  1002  1101 W NetworkStatsRecorder: unknown interfaces [ccmni-lan, p2p0, lo, ccmni2, ccmni1], ignoring those stats
10-27 01:51:06.265  1002  1101 I NetworkStatsRecorder: recordSnapshotLocked: ident[[{type=WIFI, subType=COMBINED, networkId="Connect Me 5_1", metered=false, defaultNetwork=true}]]
10-27 01:51:06.266  1002  1101 W NetworkStatsRecorder: unknown interfaces [ccmni-lan, p2p0, lo, ccmni2, ccmni1], ignoring those stats
10-27 01:51:06.271  1002  1101 I NetworkStatsRecorder: recordSnapshotLocked: ident[[{type=WIFI, subType=COMBINED, networkId="Connect Me 5_1", metered=false, defaultNetwork=true}]]
10-27 01:51:06.271  1002  1101 I NetworkStatsRecorder: recordSnapshotLocked: ident[[{type=WIFI, subType=COMBINED, networkId="Connect Me 5_1", metered=false, defaultNetwork=true}]]
10-27 01:51:06.272  1002  1101 W NetworkStatsRecorder: unknown interfaces [ccmni-lan, p2p0, lo, ccmni2, ccmni1], ignoring those stats
10-27 01:51:06.278  1002  1101 W NetworkStatsRecorder: unknown interfaces [ccmni-lan, p2p0, lo, ccmni2, ccmni1], ignoring those stats
10-27 01:51:06.278  1002  1101 D NetworkStatsRecorder: forcePersistLocked() writing for dev
10-27 01:51:06.295  1002  1101 D NetworkStatsRecorder: forcePersistLocked() writing for xt
10-27 01:51:06.315  1002  1101 I netstats_mobile_sample: [493246207,632677,126259966,543076,493246644,632682,126259812,543074,486377656,613114,125130969,526515,1666815666747]
10-27 01:51:06.324  1002  1101 I netstats_wifi_sample: [46520198304,49305203,12283884746,25227415,46520199028,49305211,12283883444,25227415,46263266342,47616219,12268418458,24981862,1666815666747]
10-27 01:51:06.776  1002  1033 D ProcessManager.SC: mem= 976, lowmem=true
10-27 01:51:07.285  1002  1033 D ProcessManager: Get SplitScreen App:null
10-27 01:51:09.243  1002  1101 I NetworkStatsRecorder: recordSnapshotLocked: ident[[{type=WIFI, subType=COMBINED, networkId="Connect Me 5_1", metered=false, defaultNetwork=true}]]
10-27 01:51:09.244  1002  1101 W NetworkStatsRecorder: unknown interfaces [ccmni-lan, p2p0, lo, ccmni2, ccmni1], ignoring those stats
10-27 01:51:09.244  1002  1101 I NetworkStatsRecorder: recordSnapshotLocked: ident[[{type=WIFI, subType=COMBINED, networkId="Connect Me 5_1", metered=false, defaultNetwork=true}]]
10-27 01:51:09.244  1002  1101 W NetworkStatsRecorder: unknown interfaces [ccmni-lan, p2p0, lo, ccmni2, ccmni1], ignoring those stats
10-27 01:51:09.249  1002  1101 I NetworkStatsRecorder: recordSnapshotLocked: ident[[{type=WIFI, subType=COMBINED, networkId="Connect Me 5_1", metered=false, defaultNetwork=true}]]
10-27 01:51:09.249  1002  1101 I chatty  : uid=1000(system) NetworkStats identical 1 line
10-27 01:51:09.250  1002  1101 I NetworkStatsRecorder: recordSnapshotLocked: ident[[{type=WIFI, subType=COMBINED, networkId="Connect Me 5_1", metered=false, defaultNetwork=true}]]
10-27 01:51:09.250  1002  1101 W NetworkStatsRecorder: unknown interfaces [ccmni-lan, p2p0, lo, ccmni2, ccmni1], ignoring those stats
10-27 01:51:09.256  1002  1101 W NetworkStatsRecorder: unknown interfaces [ccmni-lan, p2p0, lo, ccmni2, ccmni1], ignoring those stats
10-27 01:51:09.256  1002  1101 D NetworkStatsRecorder: forcePersistLocked() writing for dev
10-27 01:51:09.272  1002  1101 D NetworkStatsRecorder: forcePersistLocked() writing for xt
10-27 01:51:09.344  1002  1101 I netstats_mobile_sample: [493246207,632677,126259966,543076,493246644,632682,126259812,543074,486377656,613114,125130969,526515,1666815669774]
10-27 01:51:09.354  1002  1101 I netstats_wifi_sample: [46520211444,49305414,12284047017,25227619,46520211728,49305414,12284045715,25227619,46263278698,47616418,12268571642,24982058,1666815669774]
10-27 01:51:09.549  1002  1002 I MWN     : onSignalStrengthsChanged...
10-27 01:51:09.555  1002  1002 I MWN     : network type = 1
10-27 01:51:09.556  1002  1002 I MWN     : Write 0 to node. type=Wi-Fi mSimExist=true mFlightMode=false
10-27 01:51:09.558  1002  1002 I MWN     : write the value:0 to node successfully.
10-27 01:51:09.861  1002  1033 D ProcessManager.SC: mem= 973, lowmem=true
10-27 01:51:10.224  7753  7753 I auditd  : type=1400 audit(0.0:1079452): avc: denied { search } for comm="RenderThread" name="battery" dev="sysfs" ino=6933 scontext=u:r:untrusted_app:s0:c131,c258,c512,c768 tcontext=u:object_r:sysfs_batteryinfo:s0 tclass=dir permissive=0
10-27 01:51:10.367  1002  1033 D ProcessManager: Get SplitScreen App:null
10-27 01:51:12.904  1002  1033 D ProcessManager.SC: mem= 973, lowmem=true
10-27 01:51:13.274  1002  1101 I NetworkStatsRecorder: recordSnapshotLocked: ident[[{type=WIFI, subType=COMBINED, networkId="Connect Me 5_1", metered=false, defaultNetwork=true}]]
10-27 01:51:13.274  1002  1101 W NetworkStatsRecorder: unknown interfaces [ccmni-lan, p2p0, lo, ccmni2, ccmni1], ignoring those stats
10-27 01:51:13.274  1002  1101 I NetworkStatsRecorder: recordSnapshotLocked: ident[[{type=WIFI, subType=COMBINED, networkId="Connect Me 5_1", metered=false, defaultNetwork=true}]]
10-27 01:51:13.274  1002  1101 W NetworkStatsRecorder: unknown interfaces [ccmni-lan, p2p0, lo, ccmni2, ccmni1], ignoring those stats
10-27 01:51:13.278  1002  1101 I NetworkStatsRecorder: recordSnapshotLocked: ident[[{type=WIFI, subType=COMBINED, networkId="Connect Me 5_1", metered=false, defaultNetwork=true}]]
10-27 01:51:13.280  1002  1101 I NetworkStatsRecorder: recordSnapshotLocked: ident[[{type=WIFI, subType=COMBINED, networkId="Connect Me 5_1", metered=false, defaultNetwork=true}]]
10-27 01:51:13.280  1002  1101 W NetworkStatsRecorder: unknown interfaces [ccmni-lan, p2p0, lo, ccmni2, ccmni1], ignoring those stats
10-27 01:51:13.284  1002  1101 W NetworkStatsRecorder: unknown interfaces [ccmni-lan, p2p0, lo, ccmni2, ccmni1], ignoring those stats
10-27 01:51:13.285  1002  1101 D NetworkStatsRecorder: forcePersistLocked() writing for dev
10-27 01:51:13.299  1002  1101 D NetworkStatsRecorder: forcePersistLocked() writing for xt
10-27 01:51:13.314  1002  1101 I netstats_mobile_sample: [493246207,632677,126259966,543076,493246644,632682,126259812,543074,486377656,613114,125130969,526515,1666815673746]
10-27 01:51:13.323  1002  1101 I netstats_wifi_sample: [46520225521,49305631,12284170652,25227812,46520226245,49305639,12284169350,25227812,46263292951,47616640,12268704364,24982259,1666815673746]
10-27 01:51:13.410  1002  1033 D ProcessManager: Get SplitScreen App:null
10-27 01:51:14.670  1002  1002 I MWN     : onSignalStrengthsChanged...
10-27 01:51:14.676  1002  1002 I MWN     : network type = 1
10-27 01:51:14.677  1002  1002 I MWN     : Write 0 to node. type=Wi-Fi mSimExist=true mFlightMode=false
10-27 01:51:14.679  1002  1002 I MWN     : write the value:0 to node successfully.
10-27 01:51:15.220  1497  1554 I PowerMonitorHookClient: unkown network interface:lo
10-27 01:51:15.221  1497  1554 I chatty  : uid=1000(system) PowerMonitor identical 1 line
10-27 01:51:15.221  1497  1554 I PowerMonitorHookClient: unkown network interface:lo
10-27 01:51:15.960  1002  1033 W ProcessCpuTracker: Skipping unknown process pid 12445
10-27 01:51:15.964  1002  1033 D ProcessManager.SC: mem= 970, lowmem=true
10-27 01:51:16.197  1002  1101 I NetworkStatsRecorder: recordSnapshotLocked: ident[[{type=WIFI, subType=COMBINED, networkId="Connect Me 5_1", metered=false, defaultNetwork=true}]]
10-27 01:51:16.197  1002  1101 W NetworkStatsRecorder: unknown interfaces [ccmni-lan, p2p0, lo, ccmni2, ccmni1], ignoring those stats
10-27 01:51:16.197  1002  1101 I NetworkStatsRecorder: recordSnapshotLocked: ident[[{type=WIFI, subType=COMBINED, networkId="Connect Me 5_1", metered=false, defaultNetwork=true}]]
10-27 01:51:16.197  1002  1101 W NetworkStatsRecorder: unknown interfaces [ccmni-lan, p2p0, lo, ccmni2, ccmni1], ignoring those stats
10-27 01:51:16.203  1002  1101 I NetworkStatsRecorder: recordSnapshotLocked: ident[[{type=WIFI, subType=COMBINED, networkId="Connect Me 5_1", metered=false, defaultNetwork=true}]]
10-27 01:51:16.203  1002  1101 I chatty  : uid=1000(system) NetworkStats identical 1 line
10-27 01:51:16.204  1002  1101 I NetworkStatsRecorder: recordSnapshotLocked: ident[[{type=WIFI, subType=COMBINED, networkId="Connect Me 5_1", metered=false, defaultNetwork=true}]]
10-27 01:51:16.204  1002  1101 W NetworkStatsRecorder: unknown interfaces [ccmni-lan, p2p0, lo, ccmni2, ccmni1], ignoring those stats
10-27 01:51:16.208  1002  1101 W NetworkStatsRecorder: unknown interfaces [ccmni-lan, p2p0, lo, ccmni2, ccmni1], ignoring those stats
10-27 01:51:16.209  1002  1101 D NetworkStatsRecorder: forcePersistLocked() writing for dev
10-27 01:51:16.228  1002  1101 D NetworkStatsRecorder: forcePersistLocked() writing for xt
10-27 01:51:16.246  1002  1101 I netstats_mobile_sample: [493246207,632677,126259966,543076,493246644,632682,126259812,543074,486377656,613114,125130969,526515,1666815676677]
10-27 01:51:16.253  1002  1101 I netstats_wifi_sample: [46520239389,49305852,12284332679,25228012,46520240113,49305860,12284331377,25228012,46263306083,47616853,12268866391,24982459,1666815676677]
10-27 01:51:16.469  1002  1033 D ProcessManager: Get SplitScreen App:null
10-27 01:51:18.679  1466  1686 I service_manager_stats: [100,73,30647]
10-27 01:51:18.989  1002  1033 W ProcessCpuTracker: Skipping unknown process pid 12472
10-27 01:51:19.039  1002  1033 D ProcessManager.SC: mem= 991, lowmem=true
10-27 01:51:19.148  1002  1002 I DeviceIdleController: updateChargingLocked: charging=true
10-27 01:51:19.149  1002  1002 I DeviceIdleController: becomeActiveLocked, reason = charging
10-27 01:51:19.175  1002  1002 I DeviceIdleController: updateChargingLocked: charging=true
10-27 01:51:19.175  1002  1002 I DeviceIdleController: becomeActiveLocked, reason = charging
10-27 01:51:19.551  1002  1033 D ProcessManager: Get SplitScreen App:null
10-27 01:51:19.793  1002  1002 I MWN     : onSignalStrengthsChanged...
10-27 01:51:19.801  1002  1002 I MWN     : network type = 1
10-27 01:51:19.801  1002  1002 I MWN     : Write 0 to node. type=Wi-Fi mSimExist=true mFlightMode=false
10-27 01:51:19.803  1002  1002 I MWN     : write the value:0 to node successfully.
10-27 01:51:20.183  1002  2121 V SettingsProvider: name : battery_remaining_time appId : 1000
10-27 01:51:20.252  7753  7753 I auditd  : type=1400 audit(0.0:1079453): avc: denied { search } for comm="RenderThread" name="battery" dev="sysfs" ino=6933 scontext=u:r:untrusted_app:s0:c131,c258,c512,c768 tcontext=u:object_r:sysfs_batteryinfo:s0 tclass=dir permissive=0
10-27 01:51:20.449  1002  1101 I NetworkStatsRecorder: recordSnapshotLocked: ident[[{type=WIFI, subType=COMBINED, networkId="Connect Me 5_1", metered=false, defaultNetwork=true}]]
10-27 01:51:20.449  1002  1101 W NetworkStatsRecorder: unknown interfaces [ccmni-lan, p2p0, lo, ccmni2, ccmni1], ignoring those stats
10-27 01:51:20.450  1002  1101 I NetworkStatsRecorder: recordSnapshotLocked: ident[[{type=WIFI, subType=COMBINED, networkId="Connect Me 5_1", metered=false, defaultNetwork=true}]]
10-27 01:51:20.450  1002  1101 W NetworkStatsRecorder: unknown interfaces [ccmni-lan, p2p0, lo, ccmni2, ccmni1], ignoring those stats
10-27 01:51:20.454  1002  1101 I NetworkStatsRecorder: recordSnapshotLocked: ident[[{type=WIFI, subType=COMBINED, networkId="Connect Me 5_1", metered=false, defaultNetwork=true}]]
10-27 01:51:20.455  1002  1101 W NetworkStatsRecorder: unknown interfaces [ccmni-lan, p2p0, lo, ccmni2, ccmni1], ignoring those stats
10-27 01:51:20.460  1002  1101 W NetworkStatsRecorder: unknown interfaces [ccmni-lan, p2p0, lo, ccmni2, ccmni1], ignoring those stats
10-27 01:51:20.460  1002  1101 D NetworkStatsRecorder: forcePersistLocked() writing for dev
10-27 01:51:20.474  1002  1101 D NetworkStatsRecorder: forcePersistLocked() writing for xt
10-27 01:51:20.489  1002  1101 I netstats_mobile_sample: [493246207,632677,126259966,543076,493246644,632682,126259812,543074,486377656,613114,125130969,526515,1666815680921]
10-27 01:51:20.495  1002  1101 I netstats_wifi_sample: [46520253430,49306071,12284456166,25228203,46520254154,49306079,12284454864,25228203,46263319980,47617070,12268989878,24982650,1666815680921]
10-27 01:51:22.053  1002  1033 W ProcessCpuTracker: Skipping unknown process pid 12496
10-27 01:51:22.098  1002  1033 W ProcessCpuTracker: Skipping unknown process pid 12497
10-27 01:51:22.104  1002  1033 D ProcessManager.SC: mem= 989, lowmem=true
10-27 01:51:22.613  1002  1033 D ProcessManager: Get SplitScreen App:null
10-27 01:51:23.509  1002  1101 I NetworkStatsRecorder: recordSnapshotLocked: ident[[{type=WIFI, subType=COMBINED, networkId="Connect Me 5_1", metered=false, defaultNetwork=true}]]
10-27 01:51:23.509  1002  1101 W NetworkStatsRecorder: unknown interfaces [ccmni-lan, p2p0, lo, ccmni2, ccmni1], ignoring those stats
10-27 01:51:23.509  1002  1101 I NetworkStatsRecorder: recordSnapshotLocked: ident[[{type=WIFI, subType=COMBINED, networkId="Connect Me 5_1", metered=false, defaultNetwork=true}]]
10-27 01:51:23.509  1002  1101 W NetworkStatsRecorder: unknown interfaces [ccmni-lan, p2p0, lo, ccmni2, ccmni1], ignoring those stats
10-27 01:51:23.513  1002  1101 I NetworkStatsRecorder: recordSnapshotLocked: ident[[{type=WIFI, subType=COMBINED, networkId="Connect Me 5_1", metered=false, defaultNetwork=true}]]
10-27 01:51:23.513  1002  1101 I chatty  : uid=1000(system) NetworkStats identical 1 line
10-27 01:51:23.514  1002  1101 I NetworkStatsRecorder: recordSnapshotLocked: ident[[{type=WIFI, subType=COMBINED, networkId="Connect Me 5_1", metered=false, defaultNetwork=true}]]
10-27 01:51:23.514  1002  1101 W NetworkStatsRecorder: unknown interfaces [ccmni-lan, p2p0, lo, ccmni2, ccmni1], ignoring those stats
10-27 01:51:23.519  1002  1101 W NetworkStatsRecorder: unknown interfaces [ccmni-lan, p2p0, lo, ccmni2, ccmni1], ignoring those stats
10-27 01:51:23.520  1002  1101 D NetworkStatsRecorder: forcePersistLocked() writing for dev
10-27 01:51:23.535  1002  1101 D NetworkStatsRecorder: forcePersistLocked() writing for xt
10-27 01:51:23.553  1002  1101 I netstats_mobile_sample: [493246207,632677,126259966,543076,493246644,632682,126259812,543074,486377656,613114,125130969,526515,1666815683985]
10-27 01:51:23.560  1002  1101 I netstats_wifi_sample: [46520266987,49306289,12284619183,25228407,46520267531,49306294,12284617729,25228405,46263332893,47617280,12269151837,24982850,1666815683985]
10-27 01:51:24.908  1002  1002 I MWN     : onSignalStrengthsChanged...
10-27 01:51:24.913  1002  1002 I MWN     : network type = 1
10-27 01:51:24.913  1002  1002 I MWN     : Write 0 to node. type=Wi-Fi mSimExist=true mFlightMode=false
10-27 01:51:24.916  1002  1002 I MWN     : write the value:0 to node successfully.
10-27 01:51:25.161  1002  1033 D ProcessManager.SC: mem= 987, lowmem=true
10-27 01:51:25.669  1002  1033 D ProcessManager: Get SplitScreen App:null
10-27 01:51:27.515  1002  1101 I NetworkStatsRecorder: recordSnapshotLocked: ident[[{type=WIFI, subType=COMBINED, networkId="Connect Me 5_1", metered=false, defaultNetwork=true}]]
10-27 01:51:27.516  1002  1101 W NetworkStatsRecorder: unknown interfaces [ccmni-lan, p2p0, lo, ccmni2, ccmni1], ignoring those stats
10-27 01:51:27.516  1002  1101 I NetworkStatsRecorder: recordSnapshotLocked: ident[[{type=WIFI, subType=COMBINED, networkId="Connect Me 5_1", metered=false, defaultNetwork=true}]]
10-27 01:51:27.516  1002  1101 W NetworkStatsRecorder: unknown interfaces [ccmni-lan, p2p0, lo, ccmni2, ccmni1], ignoring those stats
10-27 01:51:27.520  1002  1101 I NetworkStatsRecorder: recordSnapshotLocked: ident[[{type=WIFI, subType=COMBINED, networkId="Connect Me 5_1", metered=false, defaultNetwork=true}]]
10-27 01:51:27.520  1002  1101 I chatty  : uid=1000(system) NetworkStats identical 1 line
10-27 01:51:27.521  1002  1101 I NetworkStatsRecorder: recordSnapshotLocked: ident[[{type=WIFI, subType=COMBINED, networkId="Connect Me 5_1", metered=false, defaultNetwork=true}]]
10-27 01:51:27.522  1002  1101 W NetworkStatsRecorder: unknown interfaces [ccmni-lan, p2p0, lo, ccmni2, ccmni1], ignoring those stats
10-27 01:51:27.527  1002  1101 W NetworkStatsRecorder: unknown interfaces [ccmni-lan, p2p0, lo, ccmni2, ccmni1], ignoring those stats
10-27 01:51:27.528  1002  1101 D NetworkStatsRecorder: forcePersistLocked() writing for dev
10-27 01:51:27.545  1002  1101 D NetworkStatsRecorder: forcePersistLocked() writing for xt
10-27 01:51:27.561  1002  1101 I netstats_mobile_sample: [493246207,632677,126259966,543076,493246644,632682,126259812,543074,486377656,613114,125130969,526515,1666815687993]
10-27 01:51:27.571  1002  1101 I netstats_wifi_sample: [46520281007,49306505,12284741800,25228596,46520281731,49306513,12284740498,25228596,46263346825,47617496,12269275512,24983043,1666815687993]
10-27 01:51:27.573  1002  1102 I service_manager_stats: [100,72,21384]
10-27 01:51:28.229  1002  1033 D ProcessManager.SC: mem= 985, lowmem=true
10-27 01:51:28.735  1002  1033 D ProcessManager: Get SplitScreen App:null
10-27 01:51:30.031  1002  1002 I MWN     : onSignalStrengthsChanged...
10-27 01:51:30.036  1002  1002 I MWN     : network type = 1
10-27 01:51:30.036  1002  1002 I MWN     : Write 0 to node. type=Wi-Fi mSimExist=true mFlightMode=false
10-27 01:51:30.040  1002  1002 I MWN     : write the value:0 to node successfully.
10-27 01:51:30.264  7753  7753 I auditd  : type=1400 audit(0.0:1079454): avc: denied { search } for comm="RenderThread" name="battery" dev="sysfs" ino=6933 scontext=u:r:untrusted_app:s0:c131,c258,c512,c768 tcontext=u:object_r:sysfs_batteryinfo:s0 tclass=dir permissive=0
10-27 01:51:30.686  1002  1101 I NetworkStatsRecorder: recordSnapshotLocked: ident[[{type=WIFI, subType=COMBINED, networkId="Connect Me 5_1", metered=false, defaultNetwork=true}]]
10-27 01:51:30.686  1002  1101 W NetworkStatsRecorder: unknown interfaces [ccmni-lan, p2p0, lo, ccmni2, ccmni1], ignoring those stats
10-27 01:51:30.686  1002  1101 I NetworkStatsRecorder: recordSnapshotLocked: ident[[{type=WIFI, subType=COMBINED, networkId="Connect Me 5_1", metered=false, defaultNetwork=true}]]
10-27 01:51:30.686  1002  1101 W NetworkStatsRecorder: unknown interfaces [ccmni-lan, p2p0, lo, ccmni2, ccmni1], ignoring those stats
10-27 01:51:30.691  1002  1101 I NetworkStatsRecorder: recordSnapshotLocked: ident[[{type=WIFI, subType=COMBINED, networkId="Connect Me 5_1", metered=false, defaultNetwork=true}]]
10-27 01:51:30.692  1002  1101 I NetworkStatsRecorder: recordSnapshotLocked: ident[[{type=WIFI, subType=COMBINED, networkId="Connect Me 5_1", metered=false, defaultNetwork=true}]]
10-27 01:51:30.692  1002  1101 W NetworkStatsRecorder: unknown interfaces [ccmni-lan, p2p0, lo, ccmni2, ccmni1], ignoring those stats
10-27 01:51:30.697  1002  1101 W NetworkStatsRecorder: unknown interfaces [ccmni-lan, p2p0, lo, ccmni2, ccmni1], ignoring those stats
10-27 01:51:30.698  1002  1101 D NetworkStatsRecorder: forcePersistLocked() writing for dev
10-27 01:51:30.720  1002  1101 D NetworkStatsRecorder: forcePersistLocked() writing for xt
10-27 01:51:30.735  1002  1101 I netstats_mobile_sample: [493246207,632677,126259966,543076,493246644,632682,126259812,543074,486377656,613114,125130969,526515,1666815691167]
10-27 01:51:30.741  1002  1101 I netstats_wifi_sample: [46520294131,49306716,12284904555,25228794,46520294855,49306724,12284903253,25228794,46263359573,47617702,12269438180,24983240,1666815691167]
10-27 01:51:31.296  1002  1033 D ProcessManager.SC: mem= 983, lowmem=true
10-27 01:51:31.805  1002  1033 D ProcessManager: Get SplitScreen App:null
10-27 01:51:34.371  1002  1033 D ProcessManager.SC: mem= 981, lowmem=true
10-27 01:51:34.820  1002  1101 I NetworkStatsRecorder: recordSnapshotLocked: ident[[{type=WIFI, subType=COMBINED, networkId="Connect Me 5_1", metered=false, defaultNetwork=true}]]
10-27 01:51:34.820  1002  1101 W NetworkStatsRecorder: unknown interfaces [ccmni-lan, p2p0, lo, ccmni2, ccmni1], ignoring those stats
10-27 01:51:34.820  1002  1101 I NetworkStatsRecorder: recordSnapshotLocked: ident[[{type=WIFI, subType=COMBINED, networkId="Connect Me 5_1", metered=false, defaultNetwork=true}]]
10-27 01:51:34.820  1002  1101 W NetworkStatsRecorder: unknown interfaces [ccmni-lan, p2p0, lo, ccmni2, ccmni1], ignoring those stats
10-27 01:51:34.826  1002  1101 I NetworkStatsRecorder: recordSnapshotLocked: ident[[{type=WIFI, subType=COMBINED, networkId="Connect Me 5_1", metered=false, defaultNetwork=true}]]
10-27 01:51:34.826  1002  1101 I NetworkStatsRecorder: recordSnapshotLocked: ident[[{type=WIFI, subType=COMBINED, networkId="Connect Me 5_1", metered=false, defaultNetwork=true}]]
10-27 01:51:34.827  1002  1101 W NetworkStatsRecorder: unknown interfaces [ccmni-lan, p2p0, lo, ccmni2, ccmni1], ignoring those stats
10-27 01:51:34.833  1002  1101 W NetworkStatsRecorder: unknown interfaces [ccmni-lan, p2p0, lo, ccmni2, ccmni1], ignoring those stats
10-27 01:51:34.833  1002  1101 D NetworkStatsRecorder: forcePersistLocked() writing for dev
10-27 01:51:34.852  1002  1101 D NetworkStatsRecorder: forcePersistLocked() writing for xt
10-27 01:51:34.872  1002  1101 I netstats_mobile_sample: [493246207,632677,126259966,543076,493246644,632682,126259812,543074,486377656,613114,125130969,526515,1666815695303]
10-27 01:51:34.879  1002  1033 D ProcessManager: Get SplitScreen App:null
10-27 01:51:34.881  1002  1101 I netstats_wifi_sample: [46520309012,49306945,12285028468,25228991,46520309736,49306953,12285027166,25228991,46263373814,47617924,12269562180,24983438,1666815695303]
10-27 01:51:35.152  1002  1002 I MWN     : onSignalStrengthsChanged...
10-27 01:51:35.158  1002  1002 I MWN     : network type = 1
10-27 01:51:35.158  1002  1002 I MWN     : Write 0 to node. type=Wi-Fi mSimExist=true mFlightMode=false
10-27 01:51:35.161  1002  1002 I MWN     : write the value:0 to node successfully.
10-27 01:51:37.409  1002  1033 D ProcessManager.SC: mem= 980, lowmem=true
10-27 01:51:37.787  1002  1101 I NetworkStatsRecorder: recordSnapshotLocked: ident[[{type=WIFI, subType=COMBINED, networkId="Connect Me 5_1", metered=false, defaultNetwork=true}]]
10-27 01:51:37.787  1002  1101 W NetworkStatsRecorder: unknown interfaces [ccmni-lan, p2p0, lo, ccmni2, ccmni1], ignoring those stats
10-27 01:51:37.788  1002  1101 I NetworkStatsRecorder: recordSnapshotLocked: ident[[{type=WIFI, subType=COMBINED, networkId="Connect Me 5_1", metered=false, defaultNetwork=true}]]
10-27 01:51:37.788  1002  1101 W NetworkStatsRecorder: unknown interfaces [ccmni-lan, p2p0, lo, ccmni2, ccmni1], ignoring those stats
10-27 01:51:37.791  1002  1101 I NetworkStatsRecorder: recordSnapshotLocked: ident[[{type=WIFI, subType=COMBINED, networkId="Connect Me 5_1", metered=false, defaultNetwork=true}]]
10-27 01:51:37.791  1002  1101 I NetworkStatsRecorder: recordSnapshotLocked: ident[[{type=WIFI, subType=COMBINED, networkId="Connect Me 5_1", metered=false, defaultNetwork=true}]]
10-27 01:51:37.792  1002  1101 W NetworkStatsRecorder: unknown interfaces [ccmni-lan, p2p0, lo, ccmni2, ccmni1], ignoring those stats
10-27 01:51:37.796  1002  1101 W NetworkStatsRecorder: unknown interfaces [ccmni-lan, p2p0, lo, ccmni2, ccmni1], ignoring those stats
10-27 01:51:37.796  1002  1101 D NetworkStatsRecorder: forcePersistLocked() writing for dev
10-27 01:51:37.808  1002  1101 D NetworkStatsRecorder: forcePersistLocked() writing for xt
10-27 01:51:37.822  1002  1101 I netstats_mobile_sample: [493246207,632677,126259966,543076,493246644,632682,126259812,543074,486377656,613114,125130969,526515,1666815698254]
10-27 01:51:37.828  1002  1101 I netstats_wifi_sample: [46520321334,49307144,12285190509,25229193,46520322058,49307152,12285189207,25229193,46263386012,47618121,12269710899,24983629,1666815698254]
10-27 01:51:37.901 26189 26342 I sysui_action: [920,368387829]
10-27 01:51:37.901 26189 26342 I sysui_multi_action: [757,920,758,4,759,368387829]
10-27 01:51:40.266  1002  1002 I MWN     : onSignalStrengthsChanged...
10-27 01:51:40.274  1002  1002 I MWN     : network type = 1
10-27 01:51:40.274  1002  1002 I MWN     : Write 0 to node. type=Wi-Fi mSimExist=true mFlightMode=false
10-27 01:51:40.276  1002  1002 I MWN     : write the value:0 to node successfully.
10-27 01:51:40.292  7753  7753 I auditd  : type=1400 audit(0.0:1079455): avc: denied { search } for comm="RenderThread" name="battery" dev="sysfs" ino=6933 scontext=u:r:untrusted_app:s0:c131,c258,c512,c768 tcontext=u:object_r:sysfs_batteryinfo:s0 tclass=dir permissive=0
10-27 01:51:40.478  1002  1033 W ProcessCpuTracker: Skipping unknown process pid 12627
10-27 01:51:40.483  1002  1033 D ProcessManager.SC: mem= 975, lowmem=true
10-27 01:51:40.991  1002  1033 D ProcessManager: Get SplitScreen App:null
10-27 01:51:41.960  1002  1101 I NetworkStatsRecorder: recordSnapshotLocked: ident[[{type=WIFI, subType=COMBINED, networkId="Connect Me 5_1", metered=false, defaultNetwork=true}]]
10-27 01:51:41.960  1002  1101 W NetworkStatsRecorder: unknown interfaces [ccmni-lan, p2p0, lo, ccmni2, ccmni1], ignoring those stats
10-27 01:51:41.960  1002  1101 I NetworkStatsRecorder: recordSnapshotLocked: ident[[{type=WIFI, subType=COMBINED, networkId="Connect Me 5_1", metered=false, defaultNetwork=true}]]
10-27 01:51:41.960  1002  1101 W NetworkStatsRecorder: unknown interfaces [ccmni-lan, p2p0, lo, ccmni2, ccmni1], ignoring those stats
10-27 01:51:41.965  1002  1101 I NetworkStatsRecorder: recordSnapshotLocked: ident[[{type=WIFI, subType=COMBINED, networkId="Connect Me 5_1", metered=false, defaultNetwork=true}]]
10-27 01:51:41.965  1002  1101 I chatty  : uid=1000(system) NetworkStats identical 1 line
10-27 01:51:41.966  1002  1101 I NetworkStatsRecorder: recordSnapshotLocked: ident[[{type=WIFI, subType=COMBINED, networkId="Connect Me 5_1", metered=false, defaultNetwork=true}]]
10-27 01:51:41.967  1002  1101 W NetworkStatsRecorder: unknown interfaces [ccmni-lan, p2p0, lo, ccmni2, ccmni1], ignoring those stats
10-27 01:51:41.972  1002  1101 W NetworkStatsRecorder: unknown interfaces [ccmni-lan, p2p0, lo, ccmni2, ccmni1], ignoring those stats
10-27 01:51:41.972  1002  1101 D NetworkStatsRecorder: forcePersistLocked() writing for dev
10-27 01:51:42.035  1002  1101 D NetworkStatsRecorder: forcePersistLocked() writing for xt
10-27 01:51:42.055  1002  1101 I netstats_mobile_sample: [493246207,632677,126259966,543076,493246644,632682,126259812,543074,486377656,613114,125130969,526515,1666815702487]
10-27 01:51:42.064  1002  1101 I netstats_wifi_sample: [46520336377,49307375,12285314507,25229390,46520337101,49307383,12285313205,25229390,46263400591,47618348,12269848219,24983837,1666815702487]
10-27 01:51:43.563  1002  1033 D ProcessManager.SC: mem= 977, lowmem=true
10-27 01:51:44.074  1002  1033 D ProcessManager: Get SplitScreen App:null
10-27 01:51:45.243  1497  1554 I PowerMonitorHookClient: unkown network interface:lo
10-27 01:51:45.244  1497  1554 I chatty  : uid=1000(system) PowerMonitor identical 1 line
10-27 01:51:45.244  1497  1554 I PowerMonitorHookClient: unkown network interface:lo
10-27 01:51:45.388  1002  1002 I MWN     : onSignalStrengthsChanged...
10-27 01:51:45.396  1002  1002 I MWN     : network type = 1
10-27 01:51:45.396  1002  1002 I MWN     : Write 0 to node. type=Wi-Fi mSimExist=true mFlightMode=false
10-27 01:51:45.399  1002  1002 I MWN     : write the value:0 to node successfully.
10-27 01:51:45.682  1002  1101 I NetworkStatsRecorder: recordSnapshotLocked: ident[[{type=WIFI, subType=COMBINED, networkId="Connect Me 5_1", metered=false, defaultNetwork=true}]]
10-27 01:51:45.683  1002  1101 W NetworkStatsRecorder: unknown interfaces [ccmni-lan, p2p0, lo, ccmni2, ccmni1], ignoring those stats
10-27 01:51:45.683  1002  1101 I NetworkStatsRecorder: recordSnapshotLocked: ident[[{type=WIFI, subType=COMBINED, networkId="Connect Me 5_1", metered=false, defaultNetwork=true}]]
10-27 01:51:45.683  1002  1101 W NetworkStatsRecorder: unknown interfaces [ccmni-lan, p2p0, lo, ccmni2, ccmni1], ignoring those stats
10-27 01:51:45.688  1002  1101 I NetworkStatsRecorder: recordSnapshotLocked: ident[[{type=WIFI, subType=COMBINED, networkId="Connect Me 5_1", metered=false, defaultNetwork=true}]]
10-27 01:51:45.689  1002  1101 I chatty  : uid=1000(system) NetworkStats identical 4 lines
10-27 01:51:45.689  1002  1101 I NetworkStatsRecorder: recordSnapshotLocked: ident[[{type=WIFI, subType=COMBINED, networkId="Connect Me 5_1", metered=false, defaultNetwork=true}]]
10-27 01:51:45.689  1002  1101 W NetworkStatsRecorder: unknown interfaces [ccmni-lan, p2p0, lo, ccmni2, ccmni1], ignoring those stats
10-27 01:51:45.695  1002  1101 I NetworkStatsRecorder: recordSnapshotLocked: ident[[{type=WIFI, subType=COMBINED, networkId="Connect Me 5_1", metered=false, defaultNetwork=true}]]
10-27 01:51:45.696  1002  1101 W NetworkStatsRecorder: unknown interfaces [ccmni-lan, p2p0, lo, ccmni2, ccmni1], ignoring those stats
10-27 01:51:45.696  1002  1101 D NetworkStatsRecorder: forcePersistLocked() writing for dev
10-27 01:51:45.712  1002  1101 D NetworkStatsRecorder: forcePersistLocked() writing for xt
10-27 01:51:45.727  1002  1101 I netstats_mobile_sample: [493246207,632677,126259966,543076,493246644,632682,126259812,543074,486377656,613114,125130969,526515,1666815706159]
10-27 01:51:45.733  1002  1101 I netstats_wifi_sample: [46520350669,49307581,12285479521,25229600,46520351393,49307589,12285478219,25229600,46263414071,47618541,12269996110,24984033,1666815706159]
10-27 01:51:46.613  1002  1033 D ProcessManager.SC: mem= 977, lowmem=true
10-27 01:51:47.121  1002  1033 D ProcessManager: Get SplitScreen App:null
10-27 01:51:49.676  1002  1033 D ProcessManager.SC: mem= 976, lowmem=true
10-27 01:51:49.710  1466  1466 I service_manager_stats: [100,74,31031]
10-27 01:51:49.833  1002  1101 I NetworkStatsRecorder: recordSnapshotLocked: ident[[{type=WIFI, subType=COMBINED, networkId="Connect Me 5_1", metered=false, defaultNetwork=true}]]
10-27 01:51:49.833  1002  1101 W NetworkStatsRecorder: unknown interfaces [ccmni-lan, p2p0, lo, ccmni2, ccmni1], ignoring those stats
10-27 01:51:49.833  1002  1101 I NetworkStatsRecorder: recordSnapshotLocked: ident[[{type=WIFI, subType=COMBINED, networkId="Connect Me 5_1", metered=false, defaultNetwork=true}]]
10-27 01:51:49.833  1002  1101 W NetworkStatsRecorder: unknown interfaces [ccmni-lan, p2p0, lo, ccmni2, ccmni1], ignoring those stats
10-27 01:51:49.838  1002  1101 I NetworkStatsRecorder: recordSnapshotLocked: ident[[{type=WIFI, subType=COMBINED, networkId="Connect Me 5_1", metered=false, defaultNetwork=true}]]
10-27 01:51:49.839  1002  1101 I chatty  : uid=1000(system) NetworkStats identical 2 lines
10-27 01:51:49.840  1002  1101 I NetworkStatsRecorder: recordSnapshotLocked: ident[[{type=WIFI, subType=COMBINED, networkId="Connect Me 5_1", metered=false, defaultNetwork=true}]]
10-27 01:51:49.840  1002  1101 W NetworkStatsRecorder: unknown interfaces [ccmni-lan, p2p0, lo, ccmni2, ccmni1], ignoring those stats
10-27 01:51:49.844  1002  1101 I NetworkStatsRecorder: recordSnapshotLocked: ident[[{type=WIFI, subType=COMBINED, networkId="Connect Me 5_1", metered=false, defaultNetwork=true}]]
10-27 01:51:49.845  1002  1101 W NetworkStatsRecorder: unknown interfaces [ccmni-lan, p2p0, lo, ccmni2, ccmni1], ignoring those stats
10-27 01:51:49.846  1002  1101 D NetworkStatsRecorder: forcePersistLocked() writing for dev
10-27 01:51:49.863  1002  1101 D NetworkStatsRecorder: forcePersistLocked() writing for xt
10-27 01:51:49.881  1002  1101 I netstats_mobile_sample: [493246207,632677,126259966,543076,493246644,632682,126259812,543074,486377656,613114,125130969,526515,1666815710313]
10-27 01:51:49.889  1002  1101 I netstats_wifi_sample: [46520366708,49307825,12285603736,25229799,46520367432,49307833,12285602434,25229799,46263430458,47618793,12270137448,24984246,1666815710313]
10-27 01:51:50.181  1002  1033 I service_manager_stats: [100,83,22608]
10-27 01:51:50.182  1002  1033 D ProcessManager: Get SplitScreen App:null
10-27 01:51:50.316  7753  7753 I auditd  : type=1400 audit(0.0:1079456): avc: denied { search } for comm="RenderThread" name="battery" dev="sysfs" ino=6933 scontext=u:r:untrusted_app:s0:c131,c258,c512,c768 tcontext=u:object_r:sysfs_batteryinfo:s0 tclass=dir permissive=0
10-27 01:51:50.507  1002  1002 I MWN     : onSignalStrengthsChanged...
10-27 01:51:50.512  1002  1002 I MWN     : network type = 1
10-27 01:51:50.512  1002  1002 I MWN     : Write 0 to node. type=Wi-Fi mSimExist=true mFlightMode=false
10-27 01:51:50.514  1002  1002 I MWN     : write the value:0 to node successfully.
10-27 01:51:52.688  1002  1033 W ProcessCpuTracker: Skipping unknown process pid 12718
10-27 01:51:52.740  1002  1033 D ProcessManager.SC: mem= 972, lowmem=true
10-27 01:51:52.882  1002  1101 I NetworkStatsRecorder: recordSnapshotLocked: ident[[{type=WIFI, subType=COMBINED, networkId="Connect Me 5_1", metered=false, defaultNetwork=true}]]
10-27 01:51:52.882  1002  1101 W NetworkStatsRecorder: unknown interfaces [ccmni-lan, p2p0, lo, ccmni2, ccmni1], ignoring those stats
10-27 01:51:52.882  1002  1101 I NetworkStatsRecorder: recordSnapshotLocked: ident[[{type=WIFI, subType=COMBINED, networkId="Connect Me 5_1", metered=false, defaultNetwork=true}]]
10-27 01:51:52.882  1002  1101 W NetworkStatsRecorder: unknown interfaces [ccmni-lan, p2p0, lo, ccmni2, ccmni1], ignoring those stats
10-27 01:51:52.886  1002  1101 I NetworkStatsRecorder: recordSnapshotLocked: ident[[{type=WIFI, subType=COMBINED, networkId="Connect Me 5_1", metered=false, defaultNetwork=true}]]
10-27 01:51:52.886  1002  1101 I chatty  : uid=1000(system) NetworkStats identical 1 line
10-27 01:51:52.887  1002  1101 I NetworkStatsRecorder: recordSnapshotLocked: ident[[{type=WIFI, subType=COMBINED, networkId="Connect Me 5_1", metered=false, defaultNetwork=true}]]
10-27 01:51:52.887  1002  1101 W NetworkStatsRecorder: unknown interfaces [ccmni-lan, p2p0, lo, ccmni2, ccmni1], ignoring those stats
10-27 01:51:52.893  1002  1101 W NetworkStatsRecorder: unknown interfaces [ccmni-lan, p2p0, lo, ccmni2, ccmni1], ignoring those stats
10-27 01:51:52.893  1002  1101 D NetworkStatsRecorder: forcePersistLocked() writing for dev
10-27 01:51:52.912  1002  1101 D NetworkStatsRecorder: forcePersistLocked() writing for xt
10-27 01:51:52.932  1002  1101 I netstats_mobile_sample: [493246207,632677,126259966,543076,493246644,632682,126259812,543074,486377656,613114,125130969,526515,1666815713364]
10-27 01:51:52.940  1002  1101 I netstats_wifi_sample: [46520380137,49308039,12285767068,25230008,46520380733,49308045,12285765766,25230008,46263442979,47618995,12270299721,24984451,1666815713364]
10-27 01:51:53.251  1002  1033 D ProcessManager: Get SplitScreen App:null
10-27 01:51:53.601   567   672 E storaged: getDiskStats failed with result NOT_SUPPORTED and size 0
